
> panel-manager@0.1.0 build:ts
> tsc -b

src/renderer/components/views/AccountsView.tsx(6,56): error TS1003: Identifier expected.
src/renderer/components/views/AccountsView.tsx(7,57): error TS1003: Identifier expected.
src/renderer/components/views/AccountsView.tsx(8,79): error TS1003: Identifier expected.
src/renderer/components/views/AccountsView.tsx(9,61): error TS1003: Identifier expected.
src/renderer/components/views/AccountsView.tsx(10,65): error TS1003: Identifier expected.
src/renderer/components/views/AccountsView.tsx(10,102): error TS1003: Identifier expected.
src/renderer/components/views/AccountsView.tsx(10,108): error TS17002: Expected corresponding JSX closing tag for 'div'.
src/renderer/components/views/AccountsView.tsx(10,109): error TS1005: '>' expected.
src/renderer/components/views/AccountsView.tsx(10,112): error TS1005: ')' expected.
src/renderer/components/views/AccountsView.tsx(10,113): error TS1128: Declaration or statement expected.
src/renderer/components/views/AccountsView.tsx(11,42): error TS1003: Identifier expected.
src/renderer/components/views/AccountsView.tsx(11,46): error TS1434: Unexpected keyword or identifier.
src/renderer/components/views/AccountsView.tsx(11,50): error TS1434: Unexpected keyword or identifier.
src/renderer/components/views/AccountsView.tsx(11,58): error TS1128: Declaration or statement expected.
src/renderer/components/views/AccountsView.tsx(12,33): error TS1128: Declaration or statement expected.
src/renderer/components/views/AccountsView.tsx(13,62): error TS1003: Identifier expected.
src/renderer/components/views/AccountsView.tsx(13,67): error TS1005: ';' expected.
src/renderer/components/views/AccountsView.tsx(14,29): error TS1128: Declaration or statement expected.
src/renderer/components/views/AccountsView.tsx(16,121): error TS1003: Identifier expected.
src/renderer/components/views/AccountsView.tsx(17,103): error TS1003: Identifier expected.
src/renderer/components/views/AccountsView.tsx(17,107): error TS1128: Declaration or statement expected.
src/renderer/components/views/AccountsView.tsx(17,115): error TS1434: Unexpected keyword or identifier.
src/renderer/components/views/AccountsView.tsx(18,29): error TS1128: Declaration or statement expected.
src/renderer/components/views/AccountsView.tsx(19,79): error TS1003: Identifier expected.
src/renderer/components/views/AccountsView.tsx(20,61): error TS1003: Identifier expected.
src/renderer/components/views/AccountsView.tsx(21,65): error TS1003: Identifier expected.
src/renderer/components/views/AccountsView.tsx(21,97): error TS1003: Identifier expected.
src/renderer/components/views/AccountsView.tsx(21,101): error TS1128: Declaration or statement expected.
src/renderer/components/views/AccountsView.tsx(21,108): error TS1128: Declaration or statement expected.
src/renderer/components/views/AccountsView.tsx(22,42): error TS1003: Identifier expected.
src/renderer/components/views/AccountsView.tsx(22,108): error TS1003: Identifier expected.
src/renderer/components/views/AccountsView.tsx(22,112): error TS1128: Declaration or statement expected.
src/renderer/components/views/AccountsView.tsx(22,123): error TS1434: Unexpected keyword or identifier.
src/renderer/components/views/AccountsView.tsx(22,133): error TS1128: Declaration or statement expected.
src/renderer/components/views/AccountsView.tsx(23,33): error TS1128: Declaration or statement expected.
src/renderer/components/views/AccountsView.tsx(24,62): error TS1003: Identifier expected.
src/renderer/components/views/AccountsView.tsx(24,67): error TS1005: ';' expected.
src/renderer/components/views/AccountsView.tsx(25,29): error TS1128: Declaration or statement expected.
src/renderer/components/views/AccountsView.tsx(26,75): error TS1003: Identifier expected.
src/renderer/components/views/AccountsView.tsx(27,61): error TS1003: Identifier expected.
src/renderer/components/views/AccountsView.tsx(28,65): error TS1003: Identifier expected.
src/renderer/components/views/AccountsView.tsx(28,97): error TS1003: Identifier expected.
src/renderer/components/views/AccountsView.tsx(28,101): error TS1128: Declaration or statement expected.
src/renderer/components/views/AccountsView.tsx(28,108): error TS1128: Declaration or statement expected.
src/renderer/components/views/AccountsView.tsx(29,42): error TS1003: Identifier expected.
src/renderer/components/views/AccountsView.tsx(29,108): error TS1003: Identifier expected.
src/renderer/components/views/AccountsView.tsx(29,112): error TS1128: Declaration or statement expected.
src/renderer/components/views/AccountsView.tsx(29,123): error TS1434: Unexpected keyword or identifier.
src/renderer/components/views/AccountsView.tsx(29,129): error TS1128: Declaration or statement expected.
src/renderer/components/views/AccountsView.tsx(30,33): error TS1128: Declaration or statement expected.
src/renderer/components/views/AccountsView.tsx(31,62): error TS1003: Identifier expected.
src/renderer/components/views/AccountsView.tsx(31,67): error TS1005: ';' expected.
src/renderer/components/views/AccountsView.tsx(32,29): error TS1128: Declaration or statement expected.
src/renderer/components/views/AccountsView.tsx(33,74): error TS1003: Identifier expected.
src/renderer/components/views/AccountsView.tsx(34,61): error TS1003: Identifier expected.
src/renderer/components/views/AccountsView.tsx(35,65): error TS1003: Identifier expected.
src/renderer/components/views/AccountsView.tsx(35,102): error TS1003: Identifier expected.
src/renderer/components/views/AccountsView.tsx(35,106): error TS1128: Declaration or statement expected.
src/renderer/components/views/AccountsView.tsx(35,113): error TS1128: Declaration or statement expected.
src/renderer/components/views/AccountsView.tsx(36,42): error TS1003: Identifier expected.
src/renderer/components/views/AccountsView.tsx(36,108): error TS1003: Identifier expected.
src/renderer/components/views/AccountsView.tsx(36,112): error TS1128: Declaration or statement expected.
src/renderer/components/views/AccountsView.tsx(36,123): error TS1434: Unexpected keyword or identifier.
src/renderer/components/views/AccountsView.tsx(36,128): error TS1128: Declaration or statement expected.
src/renderer/components/views/AccountsView.tsx(37,33): error TS1128: Declaration or statement expected.
src/renderer/components/views/AccountsView.tsx(38,62): error TS1003: Identifier expected.
src/renderer/components/views/AccountsView.tsx(38,67): error TS1005: ';' expected.
src/renderer/components/views/AccountsView.tsx(39,29): error TS1128: Declaration or statement expected.
src/renderer/components/views/AccountsView.tsx(40,80): error TS1003: Identifier expected.
src/renderer/components/views/AccountsView.tsx(40,112): error TS1003: Identifier expected.
src/renderer/components/views/AccountsView.tsx(40,144): error TS1003: Identifier expected.
src/renderer/components/views/AccountsView.tsx(40,178): error TS1003: Identifier expected.
src/renderer/components/views/AccountsView.tsx(40,182): error TS1128: Declaration or statement expected.
src/renderer/components/views/AccountsView.tsx(40,189): error TS1128: Declaration or statement expected.
src/renderer/components/views/AccountsView.tsx(40,203): error TS1003: Identifier expected.
src/renderer/components/views/AccountsView.tsx(40,269): error TS1003: Identifier expected.
src/renderer/components/views/AccountsView.tsx(40,273): error TS1128: Declaration or statement expected.
src/renderer/components/views/AccountsView.tsx(40,284): error TS1434: Unexpected keyword or identifier.
src/renderer/components/views/AccountsView.tsx(40,295): error TS1128: Declaration or statement expected.
src/renderer/components/views/AccountsView.tsx(40,305): error TS1128: Declaration or statement expected.
src/renderer/components/views/AccountsView.tsx(40,343): error TS1003: Identifier expected.
src/renderer/components/views/AccountsView.tsx(40,348): error TS1005: ';' expected.
src/renderer/components/views/AccountsView.tsx(40,357): error TS1128: Declaration or statement expected.
src/renderer/components/views/AccountsView.tsx(41,82): error TS1003: Identifier expected.
src/renderer/components/views/AccountsView.tsx(41,114): error TS1003: Identifier expected.
src/renderer/components/views/AccountsView.tsx(41,146): error TS1003: Identifier expected.
src/renderer/components/views/AccountsView.tsx(41,183): error TS1003: Identifier expected.
src/renderer/components/views/AccountsView.tsx(41,187): error TS1128: Declaration or statement expected.
src/renderer/components/views/AccountsView.tsx(41,194): error TS1128: Declaration or statement expected.
src/renderer/components/views/AccountsView.tsx(41,208): error TS1003: Identifier expected.
src/renderer/components/views/AccountsView.tsx(41,274): error TS1003: Identifier expected.
src/renderer/components/views/AccountsView.tsx(41,278): error TS1128: Declaration or statement expected.
src/renderer/components/views/AccountsView.tsx(41,302): error TS1005: ';' expected.
src/renderer/components/views/AccountsView.tsx(41,312): error TS1128: Declaration or statement expected.
src/renderer/components/views/AccountsView.tsx(41,350): error TS1003: Identifier expected.
src/renderer/components/views/AccountsView.tsx(41,355): error TS1005: ';' expected.
src/renderer/components/views/AccountsView.tsx(41,364): error TS1128: Declaration or statement expected.
src/renderer/components/views/AccountsView.tsx(42,79): error TS1003: Identifier expected.
src/renderer/components/views/AccountsView.tsx(42,111): error TS1003: Identifier expected.
src/renderer/components/views/AccountsView.tsx(42,143): error TS1003: Identifier expected.
src/renderer/components/views/AccountsView.tsx(42,172): error TS1003: Identifier expected.
src/renderer/components/views/AccountsView.tsx(42,176): error TS1128: Declaration or statement expected.
src/renderer/components/views/AccountsView.tsx(42,183): error TS1128: Declaration or statement expected.
src/renderer/components/views/AccountsView.tsx(42,197): error TS1003: Identifier expected.
src/renderer/components/views/AccountsView.tsx(42,263): error TS1003: Identifier expected.
src/renderer/components/views/AccountsView.tsx(42,267): error TS1128: Declaration or statement expected.
src/renderer/components/views/AccountsView.tsx(42,278): error TS1434: Unexpected keyword or identifier.
src/renderer/components/views/AccountsView.tsx(42,288): error TS1128: Declaration or statement expected.
src/renderer/components/views/AccountsView.tsx(42,298): error TS1128: Declaration or statement expected.
src/renderer/components/views/AccountsView.tsx(42,336): error TS1003: Identifier expected.
src/renderer/components/views/AccountsView.tsx(42,341): error TS1005: ';' expected.
src/renderer/components/views/AccountsView.tsx(42,350): error TS1128: Declaration or statement expected.
src/renderer/components/views/AccountsView.tsx(43,77): error TS1003: Identifier expected.
src/renderer/components/views/AccountsView.tsx(43,109): error TS1003: Identifier expected.
src/renderer/components/views/AccountsView.tsx(43,141): error TS1003: Identifier expected.
src/renderer/components/views/AccountsView.tsx(43,173): error TS1003: Identifier expected.
src/renderer/components/views/AccountsView.tsx(43,177): error TS1128: Declaration or statement expected.
src/renderer/components/views/AccountsView.tsx(43,184): error TS1128: Declaration or statement expected.
src/renderer/components/views/AccountsView.tsx(43,198): error TS1003: Identifier expected.
src/renderer/components/views/AccountsView.tsx(43,264): error TS1003: Identifier expected.
src/renderer/components/views/AccountsView.tsx(43,268): error TS1128: Declaration or statement expected.
src/renderer/components/views/AccountsView.tsx(43,279): error TS1434: Unexpected keyword or identifier.
src/renderer/components/views/AccountsView.tsx(43,287): error TS1128: Declaration or statement expected.
src/renderer/components/views/AccountsView.tsx(43,297): error TS1128: Declaration or statement expected.
src/renderer/components/views/AccountsView.tsx(43,335): error TS1003: Identifier expected.
src/renderer/components/views/AccountsView.tsx(43,340): error TS1005: ';' expected.
src/renderer/components/views/AccountsView.tsx(43,349): error TS1128: Declaration or statement expected.
src/renderer/components/views/AccountsView.tsx(46,89): error TS1003: Identifier expected.
src/renderer/components/views/AccountsView.tsx(46,93): error TS1434: Unexpected keyword or identifier.
src/renderer/components/views/AccountsView.tsx(46,98): error TS1434: Unexpected keyword or identifier.
src/renderer/components/views/AccountsView.tsx(46,102): error TS1128: Declaration or statement expected.
src/renderer/components/views/AccountsView.tsx(47,79): error TS1003: Identifier expected.
src/renderer/components/views/AccountsView.tsx(48,61): error TS1003: Identifier expected.
src/renderer/components/views/AccountsView.tsx(49,65): error TS1003: Identifier expected.
src/renderer/components/views/AccountsView.tsx(49,94): error TS1003: Identifier expected.
src/renderer/components/views/AccountsView.tsx(49,98): error TS1128: Declaration or statement expected.
src/renderer/components/views/AccountsView.tsx(49,105): error TS1128: Declaration or statement expected.
src/renderer/components/views/AccountsView.tsx(50,42): error TS1003: Identifier expected.
src/renderer/components/views/AccountsView.tsx(50,108): error TS1003: Identifier expected.
src/renderer/components/views/AccountsView.tsx(50,112): error TS1128: Declaration or statement expected.
src/renderer/components/views/AccountsView.tsx(50,133): error TS1005: ';' expected.
src/renderer/components/views/AccountsView.tsx(51,33): error TS1128: Declaration or statement expected.
src/renderer/components/views/AccountsView.tsx(52,62): error TS1003: Identifier expected.
src/renderer/components/views/AccountsView.tsx(52,67): error TS1005: ';' expected.
src/renderer/components/views/AccountsView.tsx(53,29): error TS1128: Declaration or statement expected.
src/renderer/components/views/AccountsView.tsx(54,76): error TS1003: Identifier expected.
src/renderer/components/views/AccountsView.tsx(55,61): error TS1003: Identifier expected.
src/renderer/components/views/AccountsView.tsx(56,65): error TS1003: Identifier expected.
src/renderer/components/views/AccountsView.tsx(56,101): error TS1003: Identifier expected.
src/renderer/components/views/AccountsView.tsx(56,105): error TS1128: Declaration or statement expected.
src/renderer/components/views/AccountsView.tsx(56,112): error TS1128: Declaration or statement expected.
src/renderer/components/views/AccountsView.tsx(57,42): error TS1003: Identifier expected.
src/renderer/components/views/AccountsView.tsx(57,108): error TS1003: Identifier expected.
src/renderer/components/views/AccountsView.tsx(57,112): error TS1128: Declaration or statement expected.
src/renderer/components/views/AccountsView.tsx(57,123): error TS1434: Unexpected keyword or identifier.
src/renderer/components/views/AccountsView.tsx(57,130): error TS1128: Declaration or statement expected.
src/renderer/components/views/AccountsView.tsx(58,33): error TS1128: Declaration or statement expected.
src/renderer/components/views/AccountsView.tsx(59,62): error TS1003: Identifier expected.
src/renderer/components/views/AccountsView.tsx(59,67): error TS1005: ';' expected.
src/renderer/components/views/AccountsView.tsx(60,29): error TS1128: Declaration or statement expected.
src/renderer/components/views/AccountsView.tsx(61,74): error TS1003: Identifier expected.
src/renderer/components/views/AccountsView.tsx(62,61): error TS1003: Identifier expected.
src/renderer/components/views/AccountsView.tsx(63,65): error TS1003: Identifier expected.
src/renderer/components/views/AccountsView.tsx(63,96): error TS1003: Identifier expected.
src/renderer/components/views/AccountsView.tsx(63,100): error TS1128: Declaration or statement expected.
src/renderer/components/views/AccountsView.tsx(63,107): error TS1128: Declaration or statement expected.
src/renderer/components/views/AccountsView.tsx(64,42): error TS1003: Identifier expected.
src/renderer/components/views/AccountsView.tsx(64,108): error TS1003: Identifier expected.
src/renderer/components/views/AccountsView.tsx(64,112): error TS1128: Declaration or statement expected.
src/renderer/components/views/AccountsView.tsx(64,123): error TS1434: Unexpected keyword or identifier.
src/renderer/components/views/AccountsView.tsx(64,128): error TS1128: Declaration or statement expected.
src/renderer/components/views/AccountsView.tsx(65,33): error TS1128: Declaration or statement expected.
src/renderer/components/views/AccountsView.tsx(66,62): error TS1003: Identifier expected.
src/renderer/components/views/AccountsView.tsx(66,67): error TS1005: ';' expected.
src/renderer/components/views/AccountsView.tsx(67,29): error TS1128: Declaration or statement expected.
src/renderer/components/views/AccountsView.tsx(69,133): error TS1003: Identifier expected.
src/renderer/components/views/AccountsView.tsx(70,196): error TS1003: Identifier expected.
src/renderer/components/views/AccountsView.tsx(71,62): error TS1003: Identifier expected.
src/renderer/components/views/AccountsView.tsx(71,66): error TS1128: Declaration or statement expected.
src/renderer/components/views/AccountsView.tsx(71,74): error TS1434: Unexpected keyword or identifier.
src/renderer/components/views/AccountsView.tsx(71,98): error TS1127: Invalid character.
src/renderer/components/views/AccountsView.tsx(72,33): error TS1128: Declaration or statement expected.
src/renderer/components/views/AccountsView.tsx(73,29): error TS1128: Declaration or statement expected.
src/renderer/components/views/AccountsView.tsx(74,25): error TS1128: Declaration or statement expected.
src/renderer/components/views/AccountsView.tsx(75,55): error TS1003: Identifier expected.
src/renderer/components/views/AccountsView.tsx(76,64): error TS1003: Identifier expected.
src/renderer/components/views/AccountsView.tsx(77,70): error TS1003: Identifier expected.
src/renderer/components/views/AccountsView.tsx(78,41): error TS1003: Identifier expected.
src/renderer/components/views/AccountsView.tsx(79,76): error TS1003: Identifier expected.
src/renderer/components/views/AccountsView.tsx(79,80): error TS1434: Unexpected keyword or identifier.
src/renderer/components/views/AccountsView.tsx(79,88): error TS1128: Declaration or statement expected.
src/renderer/components/views/AccountsView.tsx(80,72): error TS1003: Identifier expected.
src/renderer/components/views/AccountsView.tsx(80,78): error TS1005: ';' expected.
src/renderer/components/views/AccountsView.tsx(80,84): error TS1127: Invalid character.
src/renderer/components/views/AccountsView.tsx(80,109): error TS1003: Identifier expected.
src/renderer/components/views/AccountsView.tsx(80,115): error TS1005: ';' expected.
src/renderer/components/views/AccountsView.tsx(80,121): error TS1128: Declaration or statement expected.
src/renderer/components/views/AccountsView.tsx(80,132): error TS1127: Invalid character.
src/renderer/components/views/AccountsView.tsx(80,136): error TS1005: ';' expected.
src/renderer/components/views/AccountsView.tsx(80,143): error TS1128: Declaration or statement expected.
src/renderer/components/views/AccountsView.tsx(81,37): error TS1128: Declaration or statement expected.
src/renderer/components/views/AccountsView.tsx(82,146): error TS1003: Identifier expected.
src/renderer/components/views/AccountsView.tsx(83,67): error TS1003: Identifier expected.
src/renderer/components/views/AccountsView.tsx(83,71): error TS1128: Declaration or statement expected.
src/renderer/components/views/AccountsView.tsx(83,79): error TS1434: Unexpected keyword or identifier.
src/renderer/components/views/AccountsView.tsx(84,37): error TS1128: Declaration or statement expected.
src/renderer/components/views/AccountsView.tsx(85,33): error TS1128: Declaration or statement expected.
src/renderer/components/views/AccountsView.tsx(86,68): error TS1003: Identifier expected.
src/renderer/components/views/AccountsView.tsx(87,66): error TS1003: Identifier expected.
src/renderer/components/views/AccountsView.tsx(88,69): error TS1003: Identifier expected.
src/renderer/components/views/AccountsView.tsx(88,73): error TS1434: Unexpected keyword or identifier.
src/renderer/components/views/AccountsView.tsx(88,76): error TS1128: Declaration or statement expected.
src/renderer/components/views/AccountsView.tsx(89,62): error TS1003: Identifier expected.
src/renderer/components/views/AccountsView.tsx(89,66): error TS1434: Unexpected keyword or identifier.
src/renderer/components/views/AccountsView.tsx(89,72): error TS1128: Declaration or statement expected.
src/renderer/components/views/AccountsView.tsx(90,62): error TS1003: Identifier expected.
src/renderer/components/views/AccountsView.tsx(90,66): error TS1434: Unexpected keyword or identifier.
src/renderer/components/views/AccountsView.tsx(90,73): error TS1128: Declaration or statement expected.
src/renderer/components/views/AccountsView.tsx(91,37): error TS1128: Declaration or statement expected.
src/renderer/components/views/AccountsView.tsx(92,64): error TS1003: Identifier expected.
src/renderer/components/views/AccountsView.tsx(93,69): error TS1003: Identifier expected.
src/renderer/components/views/AccountsView.tsx(93,73): error TS1128: Declaration or statement expected.
src/renderer/components/views/AccountsView.tsx(94,94): error TS1005: '>' expected.
src/renderer/components/views/AccountsView.tsx(95,37): error TS1128: Declaration or statement expected.
src/renderer/components/views/AccountsView.tsx(96,33): error TS1128: Declaration or statement expected.
src/renderer/components/views/AccountsView.tsx(97,29): error TS1128: Declaration or statement expected.
src/renderer/components/views/AccountsView.tsx(99,67): error TS1003: Identifier expected.
src/renderer/components/views/AccountsView.tsx(100,76): error TS1003: Identifier expected.
src/renderer/components/views/AccountsView.tsx(100,82): error TS1005: ';' expected.
src/renderer/components/views/AccountsView.tsx(100,90): error TS1128: Declaration or statement expected.
src/renderer/components/views/AccountsView.tsx(101,62): error TS1003: Identifier expected.
src/renderer/components/views/AccountsView.tsx(102,156): error TS1003: Identifier expected.
src/renderer/components/views/AccountsView.tsx(102,190): error TS1003: Identifier expected.
src/renderer/components/views/AccountsView.tsx(102,194): error TS1128: Declaration or statement expected.
src/renderer/components/views/AccountsView.tsx(102,202): error TS1434: Unexpected keyword or identifier.
src/renderer/components/views/AccountsView.tsx(102,210): error TS1434: Unexpected keyword or identifier.
src/renderer/components/views/AccountsView.tsx(102,216): error TS1128: Declaration or statement expected.
src/renderer/components/views/AccountsView.tsx(103,157): error TS1003: Identifier expected.
src/renderer/components/views/AccountsView.tsx(103,191): error TS1003: Identifier expected.
src/renderer/components/views/AccountsView.tsx(103,195): error TS1128: Declaration or statement expected.
src/renderer/components/views/AccountsView.tsx(103,203): error TS1435: Unknown keyword or identifier. Did you mean 'export'?
src/renderer/components/views/AccountsView.tsx(103,209): error TS1128: Declaration or statement expected.
src/renderer/components/views/AccountsView.tsx(104,148): error TS1003: Identifier expected.
src/renderer/components/views/AccountsView.tsx(104,178): error TS1003: Identifier expected.
src/renderer/components/views/AccountsView.tsx(104,182): error TS1128: Declaration or statement expected.
src/renderer/components/views/AccountsView.tsx(104,190): error TS1434: Unexpected keyword or identifier.
src/renderer/components/views/AccountsView.tsx(104,195): error TS1434: Unexpected keyword or identifier.
src/renderer/components/views/AccountsView.tsx(104,199): error TS1128: Declaration or statement expected.
src/renderer/components/views/AccountsView.tsx(105,160): error TS1003: Identifier expected.
src/renderer/components/views/AccountsView.tsx(105,191): error TS1003: Identifier expected.
src/renderer/components/views/AccountsView.tsx(105,195): error TS1128: Declaration or statement expected.
src/renderer/components/views/AccountsView.tsx(105,203): error TS1435: Unknown keyword or identifier. Did you mean 'delete'?
src/renderer/components/views/AccountsView.tsx(105,209): error TS1128: Declaration or statement expected.
src/renderer/components/views/AccountsView.tsx(106,33): error TS1128: Declaration or statement expected.
src/renderer/components/views/AccountsView.tsx(107,90): error TS1003: Identifier expected.
src/renderer/components/views/AccountsView.tsx(107,121): error TS1003: Identifier expected.
src/renderer/components/views/AccountsView.tsx(107,125): error TS1128: Declaration or statement expected.
src/renderer/components/views/AccountsView.tsx(107,132): error TS1128: Declaration or statement expected.
src/renderer/components/views/AccountsView.tsx(108,29): error TS1128: Declaration or statement expected.
src/renderer/components/views/AccountsView.tsx(110,55): error TS1003: Identifier expected.
src/renderer/components/views/AccountsView.tsx(111,68): error TS1003: Identifier expected.
src/renderer/components/views/AccountsView.tsx(112,63): error TS1003: Identifier expected.
src/renderer/components/views/AccountsView.tsx(112,125): error TS1005: '>' expected.
src/renderer/components/views/AccountsView.tsx(112,129): error TS1128: Declaration or statement expected.
src/renderer/components/views/AccountsView.tsx(113,62): error TS1003: Identifier expected.
src/renderer/components/views/AccountsView.tsx(113,66): error TS1128: Declaration or statement expected.
src/renderer/components/views/AccountsView.tsx(114,65): error TS1003: Identifier expected.
src/renderer/components/views/AccountsView.tsx(114,69): error TS1434: Unexpected keyword or identifier.
src/renderer/components/views/AccountsView.tsx(114,76): error TS1128: Declaration or statement expected.
src/renderer/components/views/AccountsView.tsx(115,64): error TS1003: Identifier expected.
src/renderer/components/views/AccountsView.tsx(115,68): error TS1434: Unexpected keyword or identifier.
src/renderer/components/views/AccountsView.tsx(115,74): error TS1128: Declaration or statement expected.
src/renderer/components/views/AccountsView.tsx(116,63): error TS1003: Identifier expected.
src/renderer/components/views/AccountsView.tsx(116,67): error TS1434: Unexpected keyword or identifier.
src/renderer/components/views/AccountsView.tsx(116,72): error TS1128: Declaration or statement expected.
src/renderer/components/views/AccountsView.tsx(117,62): error TS1003: Identifier expected.
src/renderer/components/views/AccountsView.tsx(117,66): error TS1434: Unexpected keyword or identifier.
src/renderer/components/views/AccountsView.tsx(117,70): error TS1128: Declaration or statement expected.
src/renderer/components/views/AccountsView.tsx(118,65): error TS1003: Identifier expected.
src/renderer/components/views/AccountsView.tsx(118,69): error TS1434: Unexpected keyword or identifier.
src/renderer/components/views/AccountsView.tsx(118,76): error TS1128: Declaration or statement expected.
src/renderer/components/views/AccountsView.tsx(119,33): error TS1128: Declaration or statement expected.
src/renderer/components/views/AccountsView.tsx(120,57): error TS1003: Identifier expected.
src/renderer/components/views/AccountsView.tsx(121,63): error TS1003: Identifier expected.
src/renderer/components/views/AccountsView.tsx(121,113): error TS1005: '>' expected.
src/renderer/components/views/AccountsView.tsx(121,117): error TS1128: Declaration or statement expected.
src/renderer/components/views/AccountsView.tsx(122,62): error TS1003: Identifier expected.
src/renderer/components/views/AccountsView.tsx(122,194): error TS1003: Identifier expected.
src/renderer/components/views/AccountsView.tsx(122,224): error TS1003: Identifier expected.
src/renderer/components/views/AccountsView.tsx(122,228): error TS1128: Declaration or statement expected.
src/renderer/components/views/AccountsView.tsx(122,235): error TS1128: Declaration or statement expected.
src/renderer/components/views/AccountsView.tsx(122,247): error TS1128: Declaration or statement expected.
src/renderer/components/views/AccountsView.tsx(123,65): error TS1003: Identifier expected.
src/renderer/components/views/AccountsView.tsx(124,64): error TS1003: Identifier expected.
src/renderer/components/views/AccountsView.tsx(124,68): error TS1434: Unexpected keyword or identifier.
src/renderer/components/views/AccountsView.tsx(124,70): error TS1128: Declaration or statement expected.
src/renderer/components/views/AccountsView.tsx(125,74): error TS1003: Identifier expected.
src/renderer/components/views/AccountsView.tsx(126,71): error TS1003: Identifier expected.
src/renderer/components/views/AccountsView.tsx(126,83): error TS1005: ';' expected.
src/renderer/components/views/AccountsView.tsx(126,95): error TS1146: Declaration expected.
src/renderer/components/views/AccountsView.tsx(127,70): error TS1003: Identifier expected.
src/renderer/components/views/AccountsView.tsx(127,74): error TS1434: Unexpected keyword or identifier.
src/renderer/components/views/AccountsView.tsx(127,79): error TS1434: Unexpected keyword or identifier.
src/renderer/components/views/AccountsView.tsx(127,82): error TS1128: Declaration or statement expected.
src/renderer/components/views/AccountsView.tsx(128,41): error TS1128: Declaration or statement expected.
src/renderer/components/views/AccountsView.tsx(129,37): error TS1128: Declaration or statement expected.
src/renderer/components/views/AccountsView.tsx(130,64): error TS1003: Identifier expected.
src/renderer/components/views/AccountsView.tsx(130,104): error TS1003: Identifier expected.
src/renderer/components/views/AccountsView.tsx(130,108): error TS1434: Unexpected keyword or identifier.
src/renderer/components/views/AccountsView.tsx(130,114): error TS1128: Declaration or statement expected.
src/renderer/components/views/AccountsView.tsx(130,124): error TS1128: Declaration or statement expected.
src/renderer/components/views/AccountsView.tsx(131,63): error TS1003: Identifier expected.
src/renderer/components/views/AccountsView.tsx(131,67): error TS1434: Unexpected keyword or identifier.
src/renderer/components/views/AccountsView.tsx(131,73): error TS1005: ';' expected.
src/renderer/components/views/AccountsView.tsx(132,62): error TS1003: Identifier expected.
src/renderer/components/views/AccountsView.tsx(132,104): error TS1003: Identifier expected.
src/renderer/components/views/AccountsView.tsx(132,144): error TS1003: Identifier expected.
src/renderer/components/views/AccountsView.tsx(132,148): error TS1128: Declaration or statement expected.
src/renderer/components/views/AccountsView.tsx(132,155): error TS1434: Unexpected keyword or identifier.
src/renderer/components/views/AccountsView.tsx(132,165): error TS1128: Declaration or statement expected.
src/renderer/components/views/AccountsView.tsx(132,344): error TS1003: Identifier expected.
src/renderer/components/views/AccountsView.tsx(132,384): error TS1003: Identifier expected.
src/renderer/components/views/AccountsView.tsx(132,388): error TS1128: Declaration or statement expected.
src/renderer/components/views/AccountsView.tsx(132,401): error TS1127: Invalid character.
src/renderer/components/views/AccountsView.tsx(132,402): error TS1128: Declaration or statement expected.
src/renderer/components/views/AccountsView.tsx(132,451): error TS1003: Identifier expected.
src/renderer/components/views/AccountsView.tsx(132,491): error TS1003: Identifier expected.
src/renderer/components/views/AccountsView.tsx(132,495): error TS1128: Declaration or statement expected.
src/renderer/components/views/AccountsView.tsx(132,502): error TS1434: Unexpected keyword or identifier.
src/renderer/components/views/AccountsView.tsx(132,513): error TS1128: Declaration or statement expected.
src/renderer/components/views/AccountsView.tsx(132,523): error TS1128: Declaration or statement expected.
src/renderer/components/views/AccountsView.tsx(133,65): error TS1003: Identifier expected.
src/renderer/components/views/AccountsView.tsx(134,71): error TS1003: Identifier expected.
src/renderer/components/views/AccountsView.tsx(135,107): error TS1003: Identifier expected.
src/renderer/components/views/AccountsView.tsx(135,143): error TS1003: Identifier expected.
src/renderer/components/views/AccountsView.tsx(135,147): error TS1128: Declaration or statement expected.
src/renderer/components/views/AccountsView.tsx(135,154): error TS1128: Declaration or statement expected.
src/renderer/components/views/AccountsView.tsx(136,74): error TS1003: Identifier expected.
src/renderer/components/views/AccountsView.tsx(137,159): error TS1003: Identifier expected.
src/renderer/components/views/AccountsView.tsx(137,193): error TS1003: Identifier expected.
src/renderer/components/views/AccountsView.tsx(137,197): error TS1128: Declaration or statement expected.
src/renderer/components/views/AccountsView.tsx(137,205): error TS1434: Unexpected keyword or identifier.
src/renderer/components/views/AccountsView.tsx(137,213): error TS1434: Unexpected keyword or identifier.
src/renderer/components/views/AccountsView.tsx(137,218): error TS1128: Declaration or statement expected.
src/renderer/components/views/AccountsView.tsx(138,157): error TS1003: Identifier expected.
src/renderer/components/views/AccountsView.tsx(138,187): error TS1003: Identifier expected.
src/renderer/components/views/AccountsView.tsx(138,191): error TS1128: Declaration or statement expected.
src/renderer/components/views/AccountsView.tsx(138,199): error TS1434: Unexpected keyword or identifier.
src/renderer/components/views/AccountsView.tsx(138,204): error TS1434: Unexpected keyword or identifier.
src/renderer/components/views/AccountsView.tsx(138,208): error TS1128: Declaration or statement expected.
src/renderer/components/views/AccountsView.tsx(139,164): error TS1003: Identifier expected.
src/renderer/components/views/AccountsView.tsx(139,198): error TS1003: Identifier expected.
src/renderer/components/views/AccountsView.tsx(139,202): error TS1128: Declaration or statement expected.
src/renderer/components/views/AccountsView.tsx(139,210): error TS1435: Unknown keyword or identifier. Did you mean 'export'?
src/renderer/components/views/AccountsView.tsx(139,217): error TS1434: Unexpected keyword or identifier.
src/renderer/components/views/AccountsView.tsx(139,224): error TS1128: Declaration or statement expected.
src/renderer/components/views/AccountsView.tsx(140,156): error TS1003: Identifier expected.
src/renderer/components/views/AccountsView.tsx(140,195): error TS1003: Identifier expected.
src/renderer/components/views/AccountsView.tsx(140,199): error TS1128: Declaration or statement expected.
src/renderer/components/views/AccountsView.tsx(140,207): error TS1434: Unexpected keyword or identifier.
src/renderer/components/views/AccountsView.tsx(140,212): error TS1434: Unexpected keyword or identifier.
src/renderer/components/views/AccountsView.tsx(140,219): error TS1128: Declaration or statement expected.
src/renderer/components/views/AccountsView.tsx(141,116): error TS1003: Identifier expected.
src/renderer/components/views/AccountsView.tsx(141,147): error TS1003: Identifier expected.
src/renderer/components/views/AccountsView.tsx(141,151): error TS1128: Declaration or statement expected.
src/renderer/components/views/AccountsView.tsx(141,159): error TS1434: Unexpected keyword or identifier.
src/renderer/components/views/AccountsView.tsx(141,164): error TS1434: Unexpected keyword or identifier.
src/renderer/components/views/AccountsView.tsx(141,170): error TS1434: Unexpected keyword or identifier.
src/renderer/components/views/AccountsView.tsx(141,181): error TS1434: Unexpected keyword or identifier.
src/renderer/components/views/AccountsView.tsx(141,189): error TS1128: Declaration or statement expected.
src/renderer/components/views/AccountsView.tsx(142,86): error TS1003: Identifier expected.
src/renderer/components/views/AccountsView.tsx(142,90): error TS1128: Declaration or statement expected.
src/renderer/components/views/AccountsView.tsx(143,175): error TS1003: Identifier expected.
src/renderer/components/views/AccountsView.tsx(143,206): error TS1003: Identifier expected.
src/renderer/components/views/AccountsView.tsx(143,210): error TS1128: Declaration or statement expected.
src/renderer/components/views/AccountsView.tsx(143,218): error TS1435: Unknown keyword or identifier. Did you mean 'delete'?
src/renderer/components/views/AccountsView.tsx(143,225): error TS1434: Unexpected keyword or identifier.
src/renderer/components/views/AccountsView.tsx(143,232): error TS1128: Declaration or statement expected.
src/renderer/components/views/AccountsView.tsx(144,45): error TS1128: Declaration or statement expected.
src/renderer/components/views/AccountsView.tsx(145,41): error TS1128: Declaration or statement expected.
src/renderer/components/views/AccountsView.tsx(146,37): error TS1128: Declaration or statement expected.
src/renderer/components/views/AccountsView.tsx(147,33): error TS1128: Declaration or statement expected.
src/renderer/components/views/AccountsView.tsx(148,57): error TS1003: Identifier expected.
src/renderer/components/views/AccountsView.tsx(149,63): error TS1003: Identifier expected.
src/renderer/components/views/AccountsView.tsx(149,113): error TS1005: '>' expected.
src/renderer/components/views/AccountsView.tsx(149,117): error TS1128: Declaration or statement expected.
src/renderer/components/views/AccountsView.tsx(150,62): error TS1003: Identifier expected.
src/renderer/components/views/AccountsView.tsx(150,194): error TS1003: Identifier expected.
src/renderer/components/views/AccountsView.tsx(150,224): error TS1003: Identifier expected.
src/renderer/components/views/AccountsView.tsx(150,228): error TS1128: Declaration or statement expected.
src/renderer/components/views/AccountsView.tsx(150,235): error TS1128: Declaration or statement expected.
src/renderer/components/views/AccountsView.tsx(150,247): error TS1128: Declaration or statement expected.
src/renderer/components/views/AccountsView.tsx(151,65): error TS1003: Identifier expected.
src/renderer/components/views/AccountsView.tsx(152,130): error TS1003: Identifier expected.
src/renderer/components/views/AccountsView.tsx(152,134): error TS1434: Unexpected keyword or identifier.
src/renderer/components/views/AccountsView.tsx(152,136): error TS1128: Declaration or statement expected.
src/renderer/components/views/AccountsView.tsx(153,74): error TS1003: Identifier expected.
src/renderer/components/views/AccountsView.tsx(154,71): error TS1003: Identifier expected.
src/renderer/components/views/AccountsView.tsx(154,86): error TS1005: ';' expected.
src/renderer/components/views/AccountsView.tsx(154,99): error TS1146: Declaration expected.
src/renderer/components/views/AccountsView.tsx(155,70): error TS1003: Identifier expected.
src/renderer/components/views/AccountsView.tsx(155,74): error TS1434: Unexpected keyword or identifier.
src/renderer/components/views/AccountsView.tsx(155,80): error TS1434: Unexpected keyword or identifier.
src/renderer/components/views/AccountsView.tsx(155,85): error TS1128: Declaration or statement expected.
src/renderer/components/views/AccountsView.tsx(156,41): error TS1128: Declaration or statement expected.
src/renderer/components/views/AccountsView.tsx(157,37): error TS1128: Declaration or statement expected.
src/renderer/components/views/AccountsView.tsx(158,64): error TS1003: Identifier expected.
src/renderer/components/views/AccountsView.tsx(158,104): error TS1003: Identifier expected.
src/renderer/components/views/AccountsView.tsx(158,108): error TS1434: Unexpected keyword or identifier.
src/renderer/components/views/AccountsView.tsx(158,114): error TS1128: Declaration or statement expected.
src/renderer/components/views/AccountsView.tsx(158,124): error TS1128: Declaration or statement expected.
src/renderer/components/views/AccountsView.tsx(159,63): error TS1003: Identifier expected.
src/renderer/components/views/AccountsView.tsx(159,67): error TS1434: Unexpected keyword or identifier.
src/renderer/components/views/AccountsView.tsx(159,73): error TS1005: ';' expected.
src/renderer/components/views/AccountsView.tsx(160,62): error TS1003: Identifier expected.
src/renderer/components/views/AccountsView.tsx(160,106): error TS1003: Identifier expected.
src/renderer/components/views/AccountsView.tsx(160,146): error TS1003: Identifier expected.
src/renderer/components/views/AccountsView.tsx(160,150): error TS1128: Declaration or statement expected.
src/renderer/components/views/AccountsView.tsx(160,157): error TS1434: Unexpected keyword or identifier.
src/renderer/components/views/AccountsView.tsx(160,163): error TS1128: Declaration or statement expected.
src/renderer/components/views/AccountsView.tsx(160,212): error TS1003: Identifier expected.
src/renderer/components/views/AccountsView.tsx(160,252): error TS1003: Identifier expected.
src/renderer/components/views/AccountsView.tsx(160,256): error TS1128: Declaration or statement expected.
src/renderer/components/views/AccountsView.tsx(160,263): error TS1434: Unexpected keyword or identifier.
src/renderer/components/views/AccountsView.tsx(160,274): error TS1128: Declaration or statement expected.
src/renderer/components/views/AccountsView.tsx(160,305): error TS1003: Identifier expected.
src/renderer/components/views/AccountsView.tsx(160,319): error TS1005: ';' expected.
src/renderer/components/views/AccountsView.tsx(160,329): error TS1128: Declaration or statement expected.
src/renderer/components/views/AccountsView.tsx(161,65): error TS1003: Identifier expected.
src/renderer/components/views/AccountsView.tsx(162,71): error TS1003: Identifier expected.
src/renderer/components/views/AccountsView.tsx(163,107): error TS1003: Identifier expected.
src/renderer/components/views/AccountsView.tsx(163,143): error TS1003: Identifier expected.
src/renderer/components/views/AccountsView.tsx(163,147): error TS1128: Declaration or statement expected.
src/renderer/components/views/AccountsView.tsx(163,154): error TS1128: Declaration or statement expected.
src/renderer/components/views/AccountsView.tsx(164,74): error TS1003: Identifier expected.
src/renderer/components/views/AccountsView.tsx(165,159): error TS1003: Identifier expected.
src/renderer/components/views/AccountsView.tsx(165,193): error TS1003: Identifier expected.
src/renderer/components/views/AccountsView.tsx(165,197): error TS1128: Declaration or statement expected.
src/renderer/components/views/AccountsView.tsx(165,205): error TS1434: Unexpected keyword or identifier.
src/renderer/components/views/AccountsView.tsx(165,213): error TS1434: Unexpected keyword or identifier.
src/renderer/components/views/AccountsView.tsx(165,218): error TS1128: Declaration or statement expected.
src/renderer/components/views/AccountsView.tsx(166,157): error TS1003: Identifier expected.
src/renderer/components/views/AccountsView.tsx(166,187): error TS1003: Identifier expected.
src/renderer/components/views/AccountsView.tsx(166,191): error TS1128: Declaration or statement expected.
src/renderer/components/views/AccountsView.tsx(166,199): error TS1434: Unexpected keyword or identifier.
src/renderer/components/views/AccountsView.tsx(166,204): error TS1434: Unexpected keyword or identifier.
src/renderer/components/views/AccountsView.tsx(166,208): error TS1128: Declaration or statement expected.
src/renderer/components/views/AccountsView.tsx(167,164): error TS1003: Identifier expected.
src/renderer/components/views/AccountsView.tsx(167,198): error TS1003: Identifier expected.
src/renderer/components/views/AccountsView.tsx(167,202): error TS1128: Declaration or statement expected.
src/renderer/components/views/AccountsView.tsx(167,210): error TS1435: Unknown keyword or identifier. Did you mean 'export'?
src/renderer/components/views/AccountsView.tsx(167,217): error TS1434: Unexpected keyword or identifier.
src/renderer/components/views/AccountsView.tsx(167,224): error TS1128: Declaration or statement expected.
src/renderer/components/views/AccountsView.tsx(168,156): error TS1003: Identifier expected.
src/renderer/components/views/AccountsView.tsx(168,195): error TS1003: Identifier expected.
src/renderer/components/views/AccountsView.tsx(168,199): error TS1128: Declaration or statement expected.
src/renderer/components/views/AccountsView.tsx(168,207): error TS1434: Unexpected keyword or identifier.
src/renderer/components/views/AccountsView.tsx(168,212): error TS1434: Unexpected keyword or identifier.
src/renderer/components/views/AccountsView.tsx(168,219): error TS1128: Declaration or statement expected.
src/renderer/components/views/AccountsView.tsx(169,86): error TS1003: Identifier expected.
src/renderer/components/views/AccountsView.tsx(169,90): error TS1128: Declaration or statement expected.
src/renderer/components/views/AccountsView.tsx(170,175): error TS1003: Identifier expected.
src/renderer/components/views/AccountsView.tsx(170,206): error TS1003: Identifier expected.
src/renderer/components/views/AccountsView.tsx(170,210): error TS1128: Declaration or statement expected.
src/renderer/components/views/AccountsView.tsx(170,218): error TS1435: Unknown keyword or identifier. Did you mean 'delete'?
src/renderer/components/views/AccountsView.tsx(170,225): error TS1434: Unexpected keyword or identifier.
src/renderer/components/views/AccountsView.tsx(170,232): error TS1128: Declaration or statement expected.
src/renderer/components/views/AccountsView.tsx(171,45): error TS1128: Declaration or statement expected.
src/renderer/components/views/AccountsView.tsx(172,41): error TS1128: Declaration or statement expected.
src/renderer/components/views/AccountsView.tsx(173,37): error TS1128: Declaration or statement expected.
src/renderer/components/views/AccountsView.tsx(174,33): error TS1128: Declaration or statement expected.
src/renderer/components/views/AccountsView.tsx(175,57): error TS1003: Identifier expected.
src/renderer/components/views/AccountsView.tsx(176,63): error TS1003: Identifier expected.
src/renderer/components/views/AccountsView.tsx(176,113): error TS1005: '>' expected.
src/renderer/components/views/AccountsView.tsx(176,117): error TS1128: Declaration or statement expected.
src/renderer/components/views/AccountsView.tsx(177,62): error TS1003: Identifier expected.
src/renderer/components/views/AccountsView.tsx(177,194): error TS1003: Identifier expected.
src/renderer/components/views/AccountsView.tsx(177,224): error TS1003: Identifier expected.
src/renderer/components/views/AccountsView.tsx(177,228): error TS1128: Declaration or statement expected.
src/renderer/components/views/AccountsView.tsx(177,235): error TS1128: Declaration or statement expected.
src/renderer/components/views/AccountsView.tsx(177,247): error TS1128: Declaration or statement expected.
src/renderer/components/views/AccountsView.tsx(178,65): error TS1003: Identifier expected.
src/renderer/components/views/AccountsView.tsx(179,130): error TS1003: Identifier expected.
src/renderer/components/views/AccountsView.tsx(179,134): error TS1434: Unexpected keyword or identifier.
src/renderer/components/views/AccountsView.tsx(179,136): error TS1128: Declaration or statement expected.
src/renderer/components/views/AccountsView.tsx(180,74): error TS1003: Identifier expected.
src/renderer/components/views/AccountsView.tsx(181,71): error TS1003: Identifier expected.
src/renderer/components/views/AccountsView.tsx(181,87): error TS1005: ';' expected.
src/renderer/components/views/AccountsView.tsx(181,102): error TS1146: Declaration expected.
src/renderer/components/views/AccountsView.tsx(182,70): error TS1003: Identifier expected.
src/renderer/components/views/AccountsView.tsx(182,74): error TS1434: Unexpected keyword or identifier.
src/renderer/components/views/AccountsView.tsx(182,81): error TS1434: Unexpected keyword or identifier.
src/renderer/components/views/AccountsView.tsx(182,86): error TS1128: Declaration or statement expected.
src/renderer/components/views/AccountsView.tsx(183,41): error TS1128: Declaration or statement expected.
src/renderer/components/views/AccountsView.tsx(184,37): error TS1128: Declaration or statement expected.
src/renderer/components/views/AccountsView.tsx(185,64): error TS1003: Identifier expected.
src/renderer/components/views/AccountsView.tsx(185,105): error TS1003: Identifier expected.
src/renderer/components/views/AccountsView.tsx(185,109): error TS1434: Unexpected keyword or identifier.
src/renderer/components/views/AccountsView.tsx(185,116): error TS1128: Declaration or statement expected.
src/renderer/components/views/AccountsView.tsx(185,126): error TS1128: Declaration or statement expected.
src/renderer/components/views/AccountsView.tsx(186,63): error TS1003: Identifier expected.
src/renderer/components/views/AccountsView.tsx(186,67): error TS1434: Unexpected keyword or identifier.
src/renderer/components/views/AccountsView.tsx(186,73): error TS1005: ';' expected.
src/renderer/components/views/AccountsView.tsx(187,62): error TS1003: Identifier expected.
src/renderer/components/views/AccountsView.tsx(187,104): error TS1003: Identifier expected.
src/renderer/components/views/AccountsView.tsx(187,144): error TS1003: Identifier expected.
src/renderer/components/views/AccountsView.tsx(187,148): error TS1128: Declaration or statement expected.
src/renderer/components/views/AccountsView.tsx(187,155): error TS1434: Unexpected keyword or identifier.
src/renderer/components/views/AccountsView.tsx(187,165): error TS1128: Declaration or statement expected.
src/renderer/components/views/AccountsView.tsx(187,196): error TS1003: Identifier expected.
src/renderer/components/views/AccountsView.tsx(187,200): error TS1434: Unexpected keyword or identifier.
src/renderer/components/views/AccountsView.tsx(187,207): error TS1128: Declaration or statement expected.
src/renderer/components/views/AccountsView.tsx(187,217): error TS1128: Declaration or statement expected.
src/renderer/components/views/AccountsView.tsx(188,65): error TS1003: Identifier expected.
src/renderer/components/views/AccountsView.tsx(189,71): error TS1003: Identifier expected.
src/renderer/components/views/AccountsView.tsx(190,107): error TS1003: Identifier expected.
src/renderer/components/views/AccountsView.tsx(190,143): error TS1003: Identifier expected.
src/renderer/components/views/AccountsView.tsx(190,147): error TS1128: Declaration or statement expected.
src/renderer/components/views/AccountsView.tsx(190,154): error TS1128: Declaration or statement expected.
src/renderer/components/views/AccountsView.tsx(191,74): error TS1003: Identifier expected.
src/renderer/components/views/AccountsView.tsx(192,159): error TS1003: Identifier expected.
src/renderer/components/views/AccountsView.tsx(192,193): error TS1003: Identifier expected.
src/renderer/components/views/AccountsView.tsx(192,197): error TS1128: Declaration or statement expected.
src/renderer/components/views/AccountsView.tsx(192,205): error TS1434: Unexpected keyword or identifier.
src/renderer/components/views/AccountsView.tsx(192,213): error TS1434: Unexpected keyword or identifier.
src/renderer/components/views/AccountsView.tsx(192,218): error TS1128: Declaration or statement expected.
src/renderer/components/views/AccountsView.tsx(193,157): error TS1003: Identifier expected.
src/renderer/components/views/AccountsView.tsx(193,187): error TS1003: Identifier expected.
src/renderer/components/views/AccountsView.tsx(193,191): error TS1128: Declaration or statement expected.
src/renderer/components/views/AccountsView.tsx(193,199): error TS1434: Unexpected keyword or identifier.
src/renderer/components/views/AccountsView.tsx(193,204): error TS1434: Unexpected keyword or identifier.
src/renderer/components/views/AccountsView.tsx(193,208): error TS1128: Declaration or statement expected.
src/renderer/components/views/AccountsView.tsx(194,164): error TS1003: Identifier expected.
src/renderer/components/views/AccountsView.tsx(194,198): error TS1003: Identifier expected.
src/renderer/components/views/AccountsView.tsx(194,202): error TS1128: Declaration or statement expected.
src/renderer/components/views/AccountsView.tsx(194,210): error TS1435: Unknown keyword or identifier. Did you mean 'export'?
src/renderer/components/views/AccountsView.tsx(194,217): error TS1434: Unexpected keyword or identifier.
src/renderer/components/views/AccountsView.tsx(194,224): error TS1128: Declaration or statement expected.
src/renderer/components/views/AccountsView.tsx(195,156): error TS1003: Identifier expected.
src/renderer/components/views/AccountsView.tsx(195,195): error TS1003: Identifier expected.
src/renderer/components/views/AccountsView.tsx(195,199): error TS1128: Declaration or statement expected.
src/renderer/components/views/AccountsView.tsx(195,207): error TS1434: Unexpected keyword or identifier.
src/renderer/components/views/AccountsView.tsx(195,212): error TS1434: Unexpected keyword or identifier.
src/renderer/components/views/AccountsView.tsx(195,219): error TS1128: Declaration or statement expected.
src/renderer/components/views/AccountsView.tsx(196,86): error TS1003: Identifier expected.
src/renderer/components/views/AccountsView.tsx(196,90): error TS1128: Declaration or statement expected.
src/renderer/components/views/AccountsView.tsx(197,175): error TS1003: Identifier expected.
src/renderer/components/views/AccountsView.tsx(197,206): error TS1003: Identifier expected.
src/renderer/components/views/AccountsView.tsx(197,210): error TS1128: Declaration or statement expected.
src/renderer/components/views/AccountsView.tsx(197,218): error TS1435: Unknown keyword or identifier. Did you mean 'delete'?
src/renderer/components/views/AccountsView.tsx(197,225): error TS1434: Unexpected keyword or identifier.
src/renderer/components/views/AccountsView.tsx(197,232): error TS1128: Declaration or statement expected.
src/renderer/components/views/AccountsView.tsx(198,45): error TS1128: Declaration or statement expected.
src/renderer/components/views/AccountsView.tsx(199,41): error TS1128: Declaration or statement expected.
src/renderer/components/views/AccountsView.tsx(200,37): error TS1128: Declaration or statement expected.
src/renderer/components/views/AccountsView.tsx(201,33): error TS1128: Declaration or statement expected.
src/renderer/components/views/AccountsView.tsx(202,57): error TS1003: Identifier expected.
src/renderer/components/views/AccountsView.tsx(203,63): error TS1003: Identifier expected.
src/renderer/components/views/AccountsView.tsx(203,113): error TS1005: '>' expected.
src/renderer/components/views/AccountsView.tsx(203,117): error TS1128: Declaration or statement expected.
src/renderer/components/views/AccountsView.tsx(204,62): error TS1003: Identifier expected.
src/renderer/components/views/AccountsView.tsx(204,194): error TS1003: Identifier expected.
src/renderer/components/views/AccountsView.tsx(204,224): error TS1003: Identifier expected.
src/renderer/components/views/AccountsView.tsx(204,228): error TS1128: Declaration or statement expected.
src/renderer/components/views/AccountsView.tsx(204,235): error TS1128: Declaration or statement expected.
src/renderer/components/views/AccountsView.tsx(204,247): error TS1128: Declaration or statement expected.
src/renderer/components/views/AccountsView.tsx(205,65): error TS1003: Identifier expected.
src/renderer/components/views/AccountsView.tsx(206,130): error TS1003: Identifier expected.
src/renderer/components/views/AccountsView.tsx(206,134): error TS1434: Unexpected keyword or identifier.
src/renderer/components/views/AccountsView.tsx(206,136): error TS1128: Declaration or statement expected.
src/renderer/components/views/AccountsView.tsx(207,74): error TS1003: Identifier expected.
src/renderer/components/views/AccountsView.tsx(208,71): error TS1003: Identifier expected.
src/renderer/components/views/AccountsView.tsx(208,84): error TS1005: ';' expected.
src/renderer/components/views/AccountsView.tsx(208,93): error TS1146: Declaration expected.
src/renderer/components/views/AccountsView.tsx(209,70): error TS1003: Identifier expected.
src/renderer/components/views/AccountsView.tsx(209,74): error TS1434: Unexpected keyword or identifier.
src/renderer/components/views/AccountsView.tsx(209,80): error TS1434: Unexpected keyword or identifier.
src/renderer/components/views/AccountsView.tsx(209,83): error TS1128: Declaration or statement expected.
src/renderer/components/views/AccountsView.tsx(210,41): error TS1128: Declaration or statement expected.
src/renderer/components/views/AccountsView.tsx(211,37): error TS1128: Declaration or statement expected.
src/renderer/components/views/AccountsView.tsx(212,64): error TS1003: Identifier expected.
src/renderer/components/views/AccountsView.tsx(212,104): error TS1003: Identifier expected.
src/renderer/components/views/AccountsView.tsx(212,108): error TS1434: Unexpected keyword or identifier.
src/renderer/components/views/AccountsView.tsx(212,114): error TS1128: Declaration or statement expected.
src/renderer/components/views/AccountsView.tsx(212,124): error TS1128: Declaration or statement expected.
src/renderer/components/views/AccountsView.tsx(213,63): error TS1003: Identifier expected.
src/renderer/components/views/AccountsView.tsx(213,67): error TS1434: Unexpected keyword or identifier.
src/renderer/components/views/AccountsView.tsx(213,73): error TS1005: ';' expected.
src/renderer/components/views/AccountsView.tsx(214,62): error TS1003: Identifier expected.
src/renderer/components/views/AccountsView.tsx(214,106): error TS1003: Identifier expected.
src/renderer/components/views/AccountsView.tsx(214,146): error TS1003: Identifier expected.
src/renderer/components/views/AccountsView.tsx(214,150): error TS1128: Declaration or statement expected.
src/renderer/components/views/AccountsView.tsx(214,157): error TS1434: Unexpected keyword or identifier.
src/renderer/components/views/AccountsView.tsx(214,163): error TS1128: Declaration or statement expected.
src/renderer/components/views/AccountsView.tsx(214,212): error TS1003: Identifier expected.
src/renderer/components/views/AccountsView.tsx(214,252): error TS1003: Identifier expected.
src/renderer/components/views/AccountsView.tsx(214,256): error TS1128: Declaration or statement expected.
src/renderer/components/views/AccountsView.tsx(214,263): error TS1434: Unexpected keyword or identifier.
src/renderer/components/views/AccountsView.tsx(214,274): error TS1128: Declaration or statement expected.
src/renderer/components/views/AccountsView.tsx(214,305): error TS1003: Identifier expected.
src/renderer/components/views/AccountsView.tsx(214,309): error TS1434: Unexpected keyword or identifier.
src/renderer/components/views/AccountsView.tsx(214,314): error TS1128: Declaration or statement expected.
src/renderer/components/views/AccountsView.tsx(214,324): error TS1128: Declaration or statement expected.
src/renderer/components/views/AccountsView.tsx(215,65): error TS1003: Identifier expected.
src/renderer/components/views/AccountsView.tsx(216,71): error TS1003: Identifier expected.
src/renderer/components/views/AccountsView.tsx(217,107): error TS1003: Identifier expected.
src/renderer/components/views/AccountsView.tsx(217,143): error TS1003: Identifier expected.
src/renderer/components/views/AccountsView.tsx(217,147): error TS1128: Declaration or statement expected.
src/renderer/components/views/AccountsView.tsx(217,154): error TS1128: Declaration or statement expected.
src/renderer/components/views/AccountsView.tsx(218,74): error TS1003: Identifier expected.
src/renderer/components/views/AccountsView.tsx(219,159): error TS1003: Identifier expected.
src/renderer/components/views/AccountsView.tsx(219,193): error TS1003: Identifier expected.
src/renderer/components/views/AccountsView.tsx(219,197): error TS1128: Declaration or statement expected.
src/renderer/components/views/AccountsView.tsx(219,205): error TS1434: Unexpected keyword or identifier.
src/renderer/components/views/AccountsView.tsx(219,213): error TS1434: Unexpected keyword or identifier.
src/renderer/components/views/AccountsView.tsx(219,218): error TS1128: Declaration or statement expected.
src/renderer/components/views/AccountsView.tsx(220,157): error TS1003: Identifier expected.
src/renderer/components/views/AccountsView.tsx(220,187): error TS1003: Identifier expected.
src/renderer/components/views/AccountsView.tsx(220,191): error TS1128: Declaration or statement expected.
src/renderer/components/views/AccountsView.tsx(220,199): error TS1434: Unexpected keyword or identifier.
src/renderer/components/views/AccountsView.tsx(220,204): error TS1434: Unexpected keyword or identifier.
src/renderer/components/views/AccountsView.tsx(220,208): error TS1128: Declaration or statement expected.
src/renderer/components/views/AccountsView.tsx(221,164): error TS1003: Identifier expected.
src/renderer/components/views/AccountsView.tsx(221,198): error TS1003: Identifier expected.
src/renderer/components/views/AccountsView.tsx(221,202): error TS1128: Declaration or statement expected.
src/renderer/components/views/AccountsView.tsx(221,210): error TS1435: Unknown keyword or identifier. Did you mean 'export'?
src/renderer/components/views/AccountsView.tsx(221,217): error TS1434: Unexpected keyword or identifier.
src/renderer/components/views/AccountsView.tsx(221,224): error TS1128: Declaration or statement expected.
src/renderer/components/views/AccountsView.tsx(222,156): error TS1003: Identifier expected.
src/renderer/components/views/AccountsView.tsx(222,195): error TS1003: Identifier expected.
src/renderer/components/views/AccountsView.tsx(222,199): error TS1128: Declaration or statement expected.
src/renderer/components/views/AccountsView.tsx(222,207): error TS1434: Unexpected keyword or identifier.
src/renderer/components/views/AccountsView.tsx(222,212): error TS1434: Unexpected keyword or identifier.
src/renderer/components/views/AccountsView.tsx(222,219): error TS1128: Declaration or statement expected.
src/renderer/components/views/AccountsView.tsx(223,86): error TS1003: Identifier expected.
src/renderer/components/views/AccountsView.tsx(223,90): error TS1128: Declaration or statement expected.
src/renderer/components/views/AccountsView.tsx(224,175): error TS1003: Identifier expected.
src/renderer/components/views/AccountsView.tsx(224,206): error TS1003: Identifier expected.
src/renderer/components/views/AccountsView.tsx(224,210): error TS1128: Declaration or statement expected.
src/renderer/components/views/AccountsView.tsx(224,218): error TS1435: Unknown keyword or identifier. Did you mean 'delete'?
src/renderer/components/views/AccountsView.tsx(224,225): error TS1434: Unexpected keyword or identifier.
src/renderer/components/views/AccountsView.tsx(224,232): error TS1128: Declaration or statement expected.
src/renderer/components/views/AccountsView.tsx(225,45): error TS1128: Declaration or statement expected.
src/renderer/components/views/AccountsView.tsx(226,41): error TS1128: Declaration or statement expected.
src/renderer/components/views/AccountsView.tsx(227,37): error TS1128: Declaration or statement expected.
src/renderer/components/views/AccountsView.tsx(228,33): error TS1128: Declaration or statement expected.
src/renderer/components/views/AccountsView.tsx(229,57): error TS1003: Identifier expected.
src/renderer/components/views/AccountsView.tsx(230,63): error TS1003: Identifier expected.
src/renderer/components/views/AccountsView.tsx(230,113): error TS1005: '>' expected.
src/renderer/components/views/AccountsView.tsx(230,117): error TS1128: Declaration or statement expected.
src/renderer/components/views/AccountsView.tsx(231,62): error TS1003: Identifier expected.
src/renderer/components/views/AccountsView.tsx(231,194): error TS1003: Identifier expected.
src/renderer/components/views/AccountsView.tsx(231,224): error TS1003: Identifier expected.
src/renderer/components/views/AccountsView.tsx(231,228): error TS1128: Declaration or statement expected.
src/renderer/components/views/AccountsView.tsx(231,235): error TS1128: Declaration or statement expected.
src/renderer/components/views/AccountsView.tsx(231,247): error TS1128: Declaration or statement expected.
src/renderer/components/views/AccountsView.tsx(232,65): error TS1003: Identifier expected.
src/renderer/components/views/AccountsView.tsx(233,130): error TS1003: Identifier expected.
src/renderer/components/views/AccountsView.tsx(233,134): error TS1434: Unexpected keyword or identifier.
src/renderer/components/views/AccountsView.tsx(233,136): error TS1128: Declaration or statement expected.
src/renderer/components/views/AccountsView.tsx(234,74): error TS1003: Identifier expected.
src/renderer/components/views/AccountsView.tsx(235,71): error TS1003: Identifier expected.
src/renderer/components/views/AccountsView.tsx(235,86): error TS1005: ';' expected.
src/renderer/components/views/AccountsView.tsx(235,97): error TS1146: Declaration expected.
src/renderer/components/views/AccountsView.tsx(236,70): error TS1003: Identifier expected.
src/renderer/components/views/AccountsView.tsx(236,74): error TS1434: Unexpected keyword or identifier.
src/renderer/components/views/AccountsView.tsx(236,79): error TS1434: Unexpected keyword or identifier.
src/renderer/components/views/AccountsView.tsx(236,85): error TS1128: Declaration or statement expected.
src/renderer/components/views/AccountsView.tsx(237,41): error TS1128: Declaration or statement expected.
src/renderer/components/views/AccountsView.tsx(238,37): error TS1128: Declaration or statement expected.
src/renderer/components/views/AccountsView.tsx(239,64): error TS1003: Identifier expected.
src/renderer/components/views/AccountsView.tsx(239,104): error TS1003: Identifier expected.
src/renderer/components/views/AccountsView.tsx(239,108): error TS1434: Unexpected keyword or identifier.
src/renderer/components/views/AccountsView.tsx(239,114): error TS1128: Declaration or statement expected.
src/renderer/components/views/AccountsView.tsx(239,124): error TS1128: Declaration or statement expected.
src/renderer/components/views/AccountsView.tsx(240,63): error TS1003: Identifier expected.
src/renderer/components/views/AccountsView.tsx(240,67): error TS1434: Unexpected keyword or identifier.
src/renderer/components/views/AccountsView.tsx(240,73): error TS1005: ';' expected.
src/renderer/components/views/AccountsView.tsx(241,62): error TS1003: Identifier expected.
src/renderer/components/views/AccountsView.tsx(241,104): error TS1003: Identifier expected.
src/renderer/components/views/AccountsView.tsx(241,144): error TS1003: Identifier expected.
src/renderer/components/views/AccountsView.tsx(241,148): error TS1128: Declaration or statement expected.
src/renderer/components/views/AccountsView.tsx(241,155): error TS1434: Unexpected keyword or identifier.
src/renderer/components/views/AccountsView.tsx(241,165): error TS1128: Declaration or statement expected.
src/renderer/components/views/AccountsView.tsx(241,344): error TS1003: Identifier expected.
src/renderer/components/views/AccountsView.tsx(241,384): error TS1003: Identifier expected.
src/renderer/components/views/AccountsView.tsx(241,388): error TS1128: Declaration or statement expected.
src/renderer/components/views/AccountsView.tsx(241,401): error TS1127: Invalid character.
src/renderer/components/views/AccountsView.tsx(241,402): error TS1128: Declaration or statement expected.
src/renderer/components/views/AccountsView.tsx(241,451): error TS1003: Identifier expected.
src/renderer/components/views/AccountsView.tsx(241,491): error TS1003: Identifier expected.
src/renderer/components/views/AccountsView.tsx(241,495): error TS1128: Declaration or statement expected.
src/renderer/components/views/AccountsView.tsx(241,502): error TS1434: Unexpected keyword or identifier.
src/renderer/components/views/AccountsView.tsx(241,513): error TS1128: Declaration or statement expected.
src/renderer/components/views/AccountsView.tsx(241,544): error TS1003: Identifier expected.
src/renderer/components/views/AccountsView.tsx(241,558): error TS1005: ';' expected.
src/renderer/components/views/AccountsView.tsx(241,568): error TS1128: Declaration or statement expected.
src/renderer/components/views/AccountsView.tsx(242,65): error TS1003: Identifier expected.
src/renderer/components/views/AccountsView.tsx(243,71): error TS1003: Identifier expected.
src/renderer/components/views/AccountsView.tsx(244,107): error TS1003: Identifier expected.
src/renderer/components/views/AccountsView.tsx(244,143): error TS1003: Identifier expected.
src/renderer/components/views/AccountsView.tsx(244,147): error TS1128: Declaration or statement expected.
src/renderer/components/views/AccountsView.tsx(244,154): error TS1128: Declaration or statement expected.
src/renderer/components/views/AccountsView.tsx(245,74): error TS1003: Identifier expected.
src/renderer/components/views/AccountsView.tsx(246,159): error TS1003: Identifier expected.
src/renderer/components/views/AccountsView.tsx(246,193): error TS1003: Identifier expected.
src/renderer/components/views/AccountsView.tsx(246,197): error TS1128: Declaration or statement expected.
src/renderer/components/views/AccountsView.tsx(246,205): error TS1434: Unexpected keyword or identifier.
src/renderer/components/views/AccountsView.tsx(246,213): error TS1434: Unexpected keyword or identifier.
src/renderer/components/views/AccountsView.tsx(246,218): error TS1128: Declaration or statement expected.
src/renderer/components/views/AccountsView.tsx(247,157): error TS1003: Identifier expected.
src/renderer/components/views/AccountsView.tsx(247,187): error TS1003: Identifier expected.
src/renderer/components/views/AccountsView.tsx(247,191): error TS1128: Declaration or statement expected.
src/renderer/components/views/AccountsView.tsx(247,199): error TS1434: Unexpected keyword or identifier.
src/renderer/components/views/AccountsView.tsx(247,204): error TS1434: Unexpected keyword or identifier.
src/renderer/components/views/AccountsView.tsx(247,208): error TS1128: Declaration or statement expected.
src/renderer/components/views/AccountsView.tsx(248,164): error TS1003: Identifier expected.
src/renderer/components/views/AccountsView.tsx(248,198): error TS1003: Identifier expected.
src/renderer/components/views/AccountsView.tsx(248,202): error TS1128: Declaration or statement expected.
src/renderer/components/views/AccountsView.tsx(248,210): error TS1435: Unknown keyword or identifier. Did you mean 'export'?
src/renderer/components/views/AccountsView.tsx(248,217): error TS1434: Unexpected keyword or identifier.
src/renderer/components/views/AccountsView.tsx(248,224): error TS1128: Declaration or statement expected.
src/renderer/components/views/AccountsView.tsx(249,156): error TS1003: Identifier expected.
src/renderer/components/views/AccountsView.tsx(249,195): error TS1003: Identifier expected.
src/renderer/components/views/AccountsView.tsx(249,199): error TS1128: Declaration or statement expected.
src/renderer/components/views/AccountsView.tsx(249,207): error TS1434: Unexpected keyword or identifier.
src/renderer/components/views/AccountsView.tsx(249,212): error TS1434: Unexpected keyword or identifier.
src/renderer/components/views/AccountsView.tsx(249,219): error TS1128: Declaration or statement expected.
src/renderer/components/views/AccountsView.tsx(250,116): error TS1003: Identifier expected.
src/renderer/components/views/AccountsView.tsx(250,147): error TS1003: Identifier expected.
src/renderer/components/views/AccountsView.tsx(250,151): error TS1128: Declaration or statement expected.
src/renderer/components/views/AccountsView.tsx(250,159): error TS1434: Unexpected keyword or identifier.
src/renderer/components/views/AccountsView.tsx(250,164): error TS1434: Unexpected keyword or identifier.
src/renderer/components/views/AccountsView.tsx(250,170): error TS1434: Unexpected keyword or identifier.
src/renderer/components/views/AccountsView.tsx(250,181): error TS1434: Unexpected keyword or identifier.
src/renderer/components/views/AccountsView.tsx(250,189): error TS1128: Declaration or statement expected.
src/renderer/components/views/AccountsView.tsx(251,86): error TS1003: Identifier expected.
src/renderer/components/views/AccountsView.tsx(251,90): error TS1128: Declaration or statement expected.
src/renderer/components/views/AccountsView.tsx(252,175): error TS1003: Identifier expected.
src/renderer/components/views/AccountsView.tsx(252,206): error TS1003: Identifier expected.
src/renderer/components/views/AccountsView.tsx(252,210): error TS1128: Declaration or statement expected.
src/renderer/components/views/AccountsView.tsx(252,218): error TS1435: Unknown keyword or identifier. Did you mean 'delete'?
src/renderer/components/views/AccountsView.tsx(252,225): error TS1434: Unexpected keyword or identifier.
src/renderer/components/views/AccountsView.tsx(252,232): error TS1128: Declaration or statement expected.
src/renderer/components/views/AccountsView.tsx(253,45): error TS1128: Declaration or statement expected.
src/renderer/components/views/AccountsView.tsx(254,41): error TS1128: Declaration or statement expected.
src/renderer/components/views/AccountsView.tsx(255,37): error TS1128: Declaration or statement expected.
src/renderer/components/views/AccountsView.tsx(256,33): error TS1128: Declaration or statement expected.
src/renderer/components/views/AccountsView.tsx(257,29): error TS1128: Declaration or statement expected.
src/renderer/components/views/AccountsView.tsx(258,25): error TS1128: Declaration or statement expected.
src/renderer/components/views/AccountsView.tsx(259,21): error TS1128: Declaration or statement expected.
src/renderer/components/views/AccountsView.tsx(260,17): error TS1128: Declaration or statement expected.
src/renderer/components/views/AccountsView.tsx(265,3): error TS1128: Declaration or statement expected.
src/renderer/components/views/AccountsView.tsx(266,1): error TS1128: Declaration or statement expected.
src/renderer/components/views/DashboardView.tsx(5,28): error TS1003: Identifier expected.
src/renderer/components/views/DashboardView.tsx(5,31): error TS1005: ')' expected.
src/renderer/components/views/DashboardView.tsx(8,48): error TS1003: Identifier expected.
src/renderer/components/views/DashboardView.tsx(9,51): error TS1003: Identifier expected.
src/renderer/components/views/DashboardView.tsx(10,60): error TS1003: Identifier expected.
src/renderer/components/views/DashboardView.tsx(11,130): error TS1003: Identifier expected.
src/renderer/components/views/DashboardView.tsx(11,162): error TS1003: Identifier expected.
src/renderer/components/views/DashboardView.tsx(11,166): error TS1128: Declaration or statement expected.
src/renderer/components/views/DashboardView.tsx(11,173): error TS1128: Declaration or statement expected.
src/renderer/components/views/DashboardView.tsx(12,37): error TS1003: Identifier expected.
src/renderer/components/views/DashboardView.tsx(13,67): error TS1003: Identifier expected.
src/renderer/components/views/DashboardView.tsx(13,78): error TS1005: ';' expected.
src/renderer/components/views/DashboardView.tsx(13,118): error TS1128: Declaration or statement expected.
src/renderer/components/views/DashboardView.tsx(14,69): error TS1003: Identifier expected.
src/renderer/components/views/DashboardView.tsx(14,73): error TS1434: Unexpected keyword or identifier.
src/renderer/components/views/DashboardView.tsx(14,80): error TS1434: Unexpected keyword or identifier.
src/renderer/components/views/DashboardView.tsx(14,86): error TS1128: Declaration or statement expected.
src/renderer/components/views/DashboardView.tsx(15,33): error TS1128: Declaration or statement expected.
src/renderer/components/views/DashboardView.tsx(16,29): error TS1128: Declaration or statement expected.
src/renderer/components/views/DashboardView.tsx(17,77): error TS1003: Identifier expected.
src/renderer/components/views/DashboardView.tsx(17,83): error TS1005: ';' expected.
src/renderer/components/views/DashboardView.tsx(17,90): error TS1128: Declaration or statement expected.
src/renderer/components/views/DashboardView.tsx(18,25): error TS1128: Declaration or statement expected.
src/renderer/components/views/DashboardView.tsx(19,51): error TS1003: Identifier expected.
src/renderer/components/views/DashboardView.tsx(20,60): error TS1003: Identifier expected.
src/renderer/components/views/DashboardView.tsx(21,130): error TS1003: Identifier expected.
src/renderer/components/views/DashboardView.tsx(21,161): error TS1003: Identifier expected.
src/renderer/components/views/DashboardView.tsx(21,165): error TS1128: Declaration or statement expected.
src/renderer/components/views/DashboardView.tsx(21,172): error TS1128: Declaration or statement expected.
src/renderer/components/views/DashboardView.tsx(22,37): error TS1003: Identifier expected.
src/renderer/components/views/DashboardView.tsx(23,67): error TS1003: Identifier expected.
src/renderer/components/views/DashboardView.tsx(23,78): error TS1005: ';' expected.
src/renderer/components/views/DashboardView.tsx(23,118): error TS1128: Declaration or statement expected.
src/renderer/components/views/DashboardView.tsx(24,69): error TS1003: Identifier expected.
src/renderer/components/views/DashboardView.tsx(24,73): error TS1434: Unexpected keyword or identifier.
src/renderer/components/views/DashboardView.tsx(24,80): error TS1434: Unexpected keyword or identifier.
src/renderer/components/views/DashboardView.tsx(24,88): error TS1128: Declaration or statement expected.
src/renderer/components/views/DashboardView.tsx(25,33): error TS1128: Declaration or statement expected.
src/renderer/components/views/DashboardView.tsx(26,29): error TS1128: Declaration or statement expected.
src/renderer/components/views/DashboardView.tsx(27,77): error TS1003: Identifier expected.
src/renderer/components/views/DashboardView.tsx(27,83): error TS1005: ';' expected.
src/renderer/components/views/DashboardView.tsx(27,90): error TS1128: Declaration or statement expected.
src/renderer/components/views/DashboardView.tsx(28,25): error TS1128: Declaration or statement expected.
src/renderer/components/views/DashboardView.tsx(29,51): error TS1003: Identifier expected.
src/renderer/components/views/DashboardView.tsx(30,60): error TS1003: Identifier expected.
src/renderer/components/views/DashboardView.tsx(31,130): error TS1003: Identifier expected.
src/renderer/components/views/DashboardView.tsx(31,159): error TS1003: Identifier expected.
src/renderer/components/views/DashboardView.tsx(31,163): error TS1128: Declaration or statement expected.
src/renderer/components/views/DashboardView.tsx(31,170): error TS1128: Declaration or statement expected.
src/renderer/components/views/DashboardView.tsx(32,37): error TS1003: Identifier expected.
src/renderer/components/views/DashboardView.tsx(33,67): error TS1003: Identifier expected.
src/renderer/components/views/DashboardView.tsx(33,72): error TS1005: ';' expected.
src/renderer/components/views/DashboardView.tsx(34,69): error TS1003: Identifier expected.
src/renderer/components/views/DashboardView.tsx(34,73): error TS1434: Unexpected keyword or identifier.
src/renderer/components/views/DashboardView.tsx(34,78): error TS1434: Unexpected keyword or identifier.
src/renderer/components/views/DashboardView.tsx(34,84): error TS1128: Declaration or statement expected.
src/renderer/components/views/DashboardView.tsx(35,33): error TS1128: Declaration or statement expected.
src/renderer/components/views/DashboardView.tsx(36,29): error TS1128: Declaration or statement expected.
src/renderer/components/views/DashboardView.tsx(37,75): error TS1003: Identifier expected.
src/renderer/components/views/DashboardView.tsx(37,79): error TS1434: Unexpected keyword or identifier.
src/renderer/components/views/DashboardView.tsx(37,91): error TS1434: Unexpected keyword or identifier.
src/renderer/components/views/DashboardView.tsx(37,93): error TS1128: Declaration or statement expected.
src/renderer/components/views/DashboardView.tsx(38,25): error TS1128: Declaration or statement expected.
src/renderer/components/views/DashboardView.tsx(39,141): error TS1003: Identifier expected.
src/renderer/components/views/DashboardView.tsx(40,60): error TS1003: Identifier expected.
src/renderer/components/views/DashboardView.tsx(41,130): error TS1003: Identifier expected.
src/renderer/components/views/DashboardView.tsx(41,160): error TS1003: Identifier expected.
src/renderer/components/views/DashboardView.tsx(41,164): error TS1128: Declaration or statement expected.
src/renderer/components/views/DashboardView.tsx(41,171): error TS1128: Declaration or statement expected.
src/renderer/components/views/DashboardView.tsx(42,37): error TS1003: Identifier expected.
src/renderer/components/views/DashboardView.tsx(43,67): error TS1003: Identifier expected.
src/renderer/components/views/DashboardView.tsx(43,72): error TS1005: ';' expected.
src/renderer/components/views/DashboardView.tsx(44,69): error TS1003: Identifier expected.
src/renderer/components/views/DashboardView.tsx(44,73): error TS1434: Unexpected keyword or identifier.
src/renderer/components/views/DashboardView.tsx(44,80): error TS1434: Unexpected keyword or identifier.
src/renderer/components/views/DashboardView.tsx(44,86): error TS1128: Declaration or statement expected.
src/renderer/components/views/DashboardView.tsx(45,33): error TS1128: Declaration or statement expected.
src/renderer/components/views/DashboardView.tsx(46,29): error TS1128: Declaration or statement expected.
src/renderer/components/views/DashboardView.tsx(47,77): error TS1003: Identifier expected.
src/renderer/components/views/DashboardView.tsx(47,86): error TS1127: Invalid character.
src/renderer/components/views/DashboardView.tsx(47,87): error TS1128: Declaration or statement expected.
src/renderer/components/views/DashboardView.tsx(48,25): error TS1128: Declaration or statement expected.
src/renderer/components/views/DashboardView.tsx(49,21): error TS1128: Declaration or statement expected.
src/renderer/components/views/DashboardView.tsx(52,45): error TS1003: Identifier expected.
src/renderer/components/views/DashboardView.tsx(55,53): error TS1003: Identifier expected.
src/renderer/components/views/DashboardView.tsx(58,53): error TS1003: Identifier expected.
src/renderer/components/views/DashboardView.tsx(59,64): error TS1003: Identifier expected.
src/renderer/components/views/DashboardView.tsx(60,68): error TS1003: Identifier expected.
src/renderer/components/views/DashboardView.tsx(60,129): error TS1003: Identifier expected.
src/renderer/components/views/DashboardView.tsx(60,133): error TS1128: Declaration or statement expected.
src/renderer/components/views/DashboardView.tsx(60,141): error TS1434: Unexpected keyword or identifier.
src/renderer/components/views/DashboardView.tsx(60,147): error TS1434: Unexpected keyword or identifier.
src/renderer/components/views/DashboardView.tsx(60,153): error TS1128: Declaration or statement expected.
src/renderer/components/views/DashboardView.tsx(61,152): error TS1003: Identifier expected.
src/renderer/components/views/DashboardView.tsx(61,156): error TS1434: Unexpected keyword or identifier.
src/renderer/components/views/DashboardView.tsx(61,165): error TS1127: Invalid character.
src/renderer/components/views/DashboardView.tsx(61,166): error TS1128: Declaration or statement expected.
src/renderer/components/views/DashboardView.tsx(62,33): error TS1128: Declaration or statement expected.
src/renderer/components/views/DashboardView.tsx(63,62): error TS1003: Identifier expected.
src/renderer/components/views/DashboardView.tsx(64,79): error TS1003: Identifier expected.
src/renderer/components/views/DashboardView.tsx(64,83): error TS1128: Declaration or statement expected.
src/renderer/components/views/DashboardView.tsx(65,67): error TS1003: Identifier expected.
src/renderer/components/views/DashboardView.tsx(66,71): error TS1003: Identifier expected.
src/renderer/components/views/DashboardView.tsx(66,75): error TS1434: Unexpected keyword or identifier.
src/renderer/components/views/DashboardView.tsx(66,86): error TS1434: Unexpected keyword or identifier.
src/renderer/components/views/DashboardView.tsx(66,91): error TS1128: Declaration or statement expected.
src/renderer/components/views/DashboardView.tsx(67,71): error TS1003: Identifier expected.
src/renderer/components/views/DashboardView.tsx(67,96): error TS1127: Invalid character.
src/renderer/components/views/DashboardView.tsx(67,98): error TS1434: Unexpected keyword or identifier.
src/renderer/components/views/DashboardView.tsx(67,105): error TS1434: Unexpected keyword or identifier.
src/renderer/components/views/DashboardView.tsx(67,112): error TS1005: ';' expected.
src/renderer/components/views/DashboardView.tsx(67,116): error TS1005: ';' expected.
src/renderer/components/views/DashboardView.tsx(67,118): error TS1128: Declaration or statement expected.
src/renderer/components/views/DashboardView.tsx(68,37): error TS1128: Declaration or statement expected.
src/renderer/components/views/DashboardView.tsx(69,67): error TS1003: Identifier expected.
src/renderer/components/views/DashboardView.tsx(69,107): error TS1003: Identifier expected.
src/renderer/components/views/DashboardView.tsx(69,111): error TS1434: Unexpected keyword or identifier.
src/renderer/components/views/DashboardView.tsx(69,117): error TS1128: Declaration or statement expected.
src/renderer/components/views/DashboardView.tsx(69,127): error TS1128: Declaration or statement expected.
src/renderer/components/views/DashboardView.tsx(70,114): error TS1003: Identifier expected.
src/renderer/components/views/DashboardView.tsx(70,120): error TS1005: ';' expected.
src/renderer/components/views/DashboardView.tsx(70,128): error TS1128: Declaration or statement expected.
src/renderer/components/views/DashboardView.tsx(71,33): error TS1128: Declaration or statement expected.
src/renderer/components/views/DashboardView.tsx(72,62): error TS1003: Identifier expected.
src/renderer/components/views/DashboardView.tsx(73,79): error TS1003: Identifier expected.
src/renderer/components/views/DashboardView.tsx(73,83): error TS1128: Declaration or statement expected.
src/renderer/components/views/DashboardView.tsx(74,67): error TS1003: Identifier expected.
src/renderer/components/views/DashboardView.tsx(75,71): error TS1003: Identifier expected.
src/renderer/components/views/DashboardView.tsx(75,75): error TS1434: Unexpected keyword or identifier.
src/renderer/components/views/DashboardView.tsx(75,82): error TS1434: Unexpected keyword or identifier.
src/renderer/components/views/DashboardView.tsx(75,88): error TS1128: Declaration or statement expected.
src/renderer/components/views/DashboardView.tsx(76,71): error TS1003: Identifier expected.
src/renderer/components/views/DashboardView.tsx(76,94): error TS1127: Invalid character.
src/renderer/components/views/DashboardView.tsx(76,96): error TS1434: Unexpected keyword or identifier.
src/renderer/components/views/DashboardView.tsx(76,101): error TS1435: Unknown keyword or identifier. Did you mean 'async'?
src/renderer/components/views/DashboardView.tsx(76,106): error TS1434: Unexpected keyword or identifier.
src/renderer/components/views/DashboardView.tsx(76,115): error TS1128: Declaration or statement expected.
src/renderer/components/views/DashboardView.tsx(77,37): error TS1128: Declaration or statement expected.
src/renderer/components/views/DashboardView.tsx(78,67): error TS1003: Identifier expected.
src/renderer/components/views/DashboardView.tsx(78,108): error TS1003: Identifier expected.
src/renderer/components/views/DashboardView.tsx(78,112): error TS1434: Unexpected keyword or identifier.
src/renderer/components/views/DashboardView.tsx(78,119): error TS1128: Declaration or statement expected.
src/renderer/components/views/DashboardView.tsx(78,129): error TS1128: Declaration or statement expected.
src/renderer/components/views/DashboardView.tsx(79,114): error TS1003: Identifier expected.
src/renderer/components/views/DashboardView.tsx(79,120): error TS1005: ';' expected.
src/renderer/components/views/DashboardView.tsx(79,128): error TS1128: Declaration or statement expected.
src/renderer/components/views/DashboardView.tsx(80,33): error TS1128: Declaration or statement expected.
src/renderer/components/views/DashboardView.tsx(81,29): error TS1128: Declaration or statement expected.
src/renderer/components/views/DashboardView.tsx(84,83): error TS1003: Identifier expected.
src/renderer/components/views/DashboardView.tsx(85,64): error TS1003: Identifier expected.
src/renderer/components/views/DashboardView.tsx(86,68): error TS1003: Identifier expected.
src/renderer/components/views/DashboardView.tsx(86,126): error TS1003: Identifier expected.
src/renderer/components/views/DashboardView.tsx(86,130): error TS1128: Declaration or statement expected.
src/renderer/components/views/DashboardView.tsx(86,138): error TS1434: Unexpected keyword or identifier.
src/renderer/components/views/DashboardView.tsx(86,144): error TS1434: Unexpected keyword or identifier.
src/renderer/components/views/DashboardView.tsx(86,150): error TS1128: Declaration or statement expected.
src/renderer/components/views/DashboardView.tsx(87,33): error TS1128: Declaration or statement expected.
src/renderer/components/views/DashboardView.tsx(88,62): error TS1003: Identifier expected.
src/renderer/components/views/DashboardView.tsx(89,68): error TS1003: Identifier expected.
src/renderer/components/views/DashboardView.tsx(89,72): error TS1434: Unexpected keyword or identifier.
src/renderer/components/views/DashboardView.tsx(89,89): error TS1005: ';' expected.
src/renderer/components/views/DashboardView.tsx(90,95): error TS1003: Identifier expected.
src/renderer/components/views/DashboardView.tsx(90,99): error TS1109: Expression expected.
src/renderer/components/views/DashboardView.tsx(90,105): error TS1005: ';' expected.
src/renderer/components/views/DashboardView.tsx(90,112): error TS1128: Declaration or statement expected.
src/renderer/components/views/DashboardView.tsx(91,33): error TS1128: Declaration or statement expected.
src/renderer/components/views/DashboardView.tsx(92,62): error TS1003: Identifier expected.
src/renderer/components/views/DashboardView.tsx(93,68): error TS1003: Identifier expected.
src/renderer/components/views/DashboardView.tsx(93,72): error TS1434: Unexpected keyword or identifier.
src/renderer/components/views/DashboardView.tsx(93,75): error TS1434: Unexpected keyword or identifier.
src/renderer/components/views/DashboardView.tsx(93,87): error TS1434: Unexpected keyword or identifier.
src/renderer/components/views/DashboardView.tsx(93,90): error TS1128: Declaration or statement expected.
src/renderer/components/views/DashboardView.tsx(94,66): error TS1003: Identifier expected.
src/renderer/components/views/DashboardView.tsx(94,72): error TS1005: ';' expected.
src/renderer/components/views/DashboardView.tsx(94,80): error TS1128: Declaration or statement expected.
src/renderer/components/views/DashboardView.tsx(95,33): error TS1128: Declaration or statement expected.
src/renderer/components/views/DashboardView.tsx(96,62): error TS1003: Identifier expected.
src/renderer/components/views/DashboardView.tsx(97,68): error TS1003: Identifier expected.
src/renderer/components/views/DashboardView.tsx(97,72): error TS1434: Unexpected keyword or identifier.
src/renderer/components/views/DashboardView.tsx(97,79): error TS1434: Unexpected keyword or identifier.
src/renderer/components/views/DashboardView.tsx(97,83): error TS1128: Declaration or statement expected.
src/renderer/components/views/DashboardView.tsx(98,95): error TS1003: Identifier expected.
src/renderer/components/views/DashboardView.tsx(98,121): error TS1005: ';' expected.
src/renderer/components/views/DashboardView.tsx(99,33): error TS1128: Declaration or statement expected.
src/renderer/components/views/DashboardView.tsx(100,62): error TS1003: Identifier expected.
src/renderer/components/views/DashboardView.tsx(101,68): error TS1003: Identifier expected.
src/renderer/components/views/DashboardView.tsx(101,72): error TS1434: Unexpected keyword or identifier.
src/renderer/components/views/DashboardView.tsx(101,81): error TS1434: Unexpected keyword or identifier.
src/renderer/components/views/DashboardView.tsx(101,87): error TS1128: Declaration or statement expected.
src/renderer/components/views/DashboardView.tsx(102,95): error TS1003: Identifier expected.
src/renderer/components/views/DashboardView.tsx(102,99): error TS1434: Unexpected keyword or identifier.
src/renderer/components/views/DashboardView.tsx(102,103): error TS1434: Unexpected keyword or identifier.
src/renderer/components/views/DashboardView.tsx(102,113): error TS1128: Declaration or statement expected.
src/renderer/components/views/DashboardView.tsx(103,33): error TS1128: Declaration or statement expected.
src/renderer/components/views/DashboardView.tsx(104,62): error TS1003: Identifier expected.
src/renderer/components/views/DashboardView.tsx(105,68): error TS1003: Identifier expected.
src/renderer/components/views/DashboardView.tsx(105,72): error TS1434: Unexpected keyword or identifier.
src/renderer/components/views/DashboardView.tsx(105,78): error TS1434: Unexpected keyword or identifier.
src/renderer/components/views/DashboardView.tsx(105,85): error TS1128: Declaration or statement expected.
src/renderer/components/views/DashboardView.tsx(106,95): error TS1003: Identifier expected.
src/renderer/components/views/DashboardView.tsx(106,109): error TS1127: Invalid character.
src/renderer/components/views/DashboardView.tsx(106,111): error TS1434: Unexpected keyword or identifier.
src/renderer/components/views/DashboardView.tsx(106,118): error TS1128: Declaration or statement expected.
src/renderer/components/views/DashboardView.tsx(107,33): error TS1128: Declaration or statement expected.
src/renderer/components/views/DashboardView.tsx(108,29): error TS1128: Declaration or statement expected.
src/renderer/components/views/DashboardView.tsx(110,25): error TS1128: Declaration or statement expected.
src/renderer/components/views/DashboardView.tsx(113,54): error TS1003: Identifier expected.
src/renderer/components/views/DashboardView.tsx(116,53): error TS1003: Identifier expected.
src/renderer/components/views/DashboardView.tsx(117,64): error TS1003: Identifier expected.
src/renderer/components/views/DashboardView.tsx(118,68): error TS1003: Identifier expected.
src/renderer/components/views/DashboardView.tsx(118,130): error TS1003: Identifier expected.
src/renderer/components/views/DashboardView.tsx(118,134): error TS1128: Declaration or statement expected.
src/renderer/components/views/DashboardView.tsx(118,142): error TS1434: Unexpected keyword or identifier.
src/renderer/components/views/DashboardView.tsx(118,149): error TS1434: Unexpected keyword or identifier.
src/renderer/components/views/DashboardView.tsx(118,157): error TS1128: Declaration or statement expected.
src/renderer/components/views/DashboardView.tsx(119,33): error TS1128: Declaration or statement expected.
src/renderer/components/views/DashboardView.tsx(120,66): error TS1003: Identifier expected.
src/renderer/components/views/DashboardView.tsx(121,70): error TS1003: Identifier expected.
src/renderer/components/views/DashboardView.tsx(122,107): error TS1003: Identifier expected.
src/renderer/components/views/DashboardView.tsx(122,111): error TS1128: Declaration or statement expected.
src/renderer/components/views/DashboardView.tsx(123,74): error TS1003: Identifier expected.
src/renderer/components/views/DashboardView.tsx(124,78): error TS1003: Identifier expected.
src/renderer/components/views/DashboardView.tsx(124,82): error TS1434: Unexpected keyword or identifier.
src/renderer/components/views/DashboardView.tsx(124,107): error TS1003: Identifier expected.
src/renderer/components/views/DashboardView.tsx(124,122): error TS1005: ';' expected.
src/renderer/components/views/DashboardView.tsx(124,135): error TS1146: Declaration expected.
src/renderer/components/views/DashboardView.tsx(124,147): error TS1128: Declaration or statement expected.
src/renderer/components/views/DashboardView.tsx(125,78): error TS1003: Identifier expected.
src/renderer/components/views/DashboardView.tsx(125,89): error TS1489: Decimals with leading zeros are not allowed.
src/renderer/components/views/DashboardView.tsx(125,91): error TS1005: ';' expected.
src/renderer/components/views/DashboardView.tsx(125,95): error TS1005: ';' expected.
src/renderer/components/views/DashboardView.tsx(125,98): error TS1127: Invalid character.
src/renderer/components/views/DashboardView.tsx(125,100): error TS1434: Unexpected keyword or identifier.
src/renderer/components/views/DashboardView.tsx(125,107): error TS1434: Unexpected keyword or identifier.
src/renderer/components/views/DashboardView.tsx(125,112): error TS1128: Declaration or statement expected.
src/renderer/components/views/DashboardView.tsx(126,41): error TS1128: Declaration or statement expected.
src/renderer/components/views/DashboardView.tsx(127,37): error TS1128: Declaration or statement expected.
src/renderer/components/views/DashboardView.tsx(128,70): error TS1003: Identifier expected.
src/renderer/components/views/DashboardView.tsx(129,107): error TS1003: Identifier expected.
src/renderer/components/views/DashboardView.tsx(129,111): error TS1128: Declaration or statement expected.
src/renderer/components/views/DashboardView.tsx(130,74): error TS1003: Identifier expected.
src/renderer/components/views/DashboardView.tsx(131,78): error TS1003: Identifier expected.
src/renderer/components/views/DashboardView.tsx(131,82): error TS1435: Unknown keyword or identifier. Did you mean 'let'?
src/renderer/components/views/DashboardView.tsx(131,107): error TS1003: Identifier expected.
src/renderer/components/views/DashboardView.tsx(131,119): error TS1005: ';' expected.
src/renderer/components/views/DashboardView.tsx(131,131): error TS1146: Declaration expected.
src/renderer/components/views/DashboardView.tsx(131,144): error TS1127: Invalid character.
src/renderer/components/views/DashboardView.tsx(131,164): error TS1005: ';' expected.
src/renderer/components/views/DashboardView.tsx(132,78): error TS1003: Identifier expected.
src/renderer/components/views/DashboardView.tsx(132,91): error TS1005: ';' expected.
src/renderer/components/views/DashboardView.tsx(132,95): error TS1005: ';' expected.
src/renderer/components/views/DashboardView.tsx(132,98): error TS1127: Invalid character.
src/renderer/components/views/DashboardView.tsx(132,100): error TS1434: Unexpected keyword or identifier.
src/renderer/components/views/DashboardView.tsx(132,111): error TS1434: Unexpected keyword or identifier.
src/renderer/components/views/DashboardView.tsx(132,116): error TS1128: Declaration or statement expected.
src/renderer/components/views/DashboardView.tsx(133,41): error TS1128: Declaration or statement expected.
src/renderer/components/views/DashboardView.tsx(134,37): error TS1128: Declaration or statement expected.
src/renderer/components/views/DashboardView.tsx(135,70): error TS1003: Identifier expected.
src/renderer/components/views/DashboardView.tsx(136,107): error TS1003: Identifier expected.
src/renderer/components/views/DashboardView.tsx(136,111): error TS1128: Declaration or statement expected.
src/renderer/components/views/DashboardView.tsx(137,74): error TS1003: Identifier expected.
src/renderer/components/views/DashboardView.tsx(138,78): error TS1003: Identifier expected.
src/renderer/components/views/DashboardView.tsx(138,82): error TS1435: Unknown keyword or identifier. Did you mean 'let'?
src/renderer/components/views/DashboardView.tsx(138,107): error TS1003: Identifier expected.
src/renderer/components/views/DashboardView.tsx(138,122): error TS1005: ';' expected.
src/renderer/components/views/DashboardView.tsx(138,133): error TS1146: Declaration expected.
src/renderer/components/views/DashboardView.tsx(138,146): error TS1127: Invalid character.
src/renderer/components/views/DashboardView.tsx(138,163): error TS1005: ';' expected.
src/renderer/components/views/DashboardView.tsx(139,78): error TS1003: Identifier expected.
src/renderer/components/views/DashboardView.tsx(139,89): error TS1489: Decimals with leading zeros are not allowed.
src/renderer/components/views/DashboardView.tsx(139,91): error TS1005: ';' expected.
src/renderer/components/views/DashboardView.tsx(139,95): error TS1005: ';' expected.
src/renderer/components/views/DashboardView.tsx(139,98): error TS1127: Invalid character.
src/renderer/components/views/DashboardView.tsx(139,100): error TS1434: Unexpected keyword or identifier.
src/renderer/components/views/DashboardView.tsx(139,111): error TS1434: Unexpected keyword or identifier.
src/renderer/components/views/DashboardView.tsx(139,116): error TS1128: Declaration or statement expected.
src/renderer/components/views/DashboardView.tsx(140,41): error TS1128: Declaration or statement expected.
src/renderer/components/views/DashboardView.tsx(141,37): error TS1128: Declaration or statement expected.
src/renderer/components/views/DashboardView.tsx(142,70): error TS1003: Identifier expected.
src/renderer/components/views/DashboardView.tsx(143,107): error TS1003: Identifier expected.
src/renderer/components/views/DashboardView.tsx(143,111): error TS1128: Declaration or statement expected.
src/renderer/components/views/DashboardView.tsx(144,74): error TS1003: Identifier expected.
src/renderer/components/views/DashboardView.tsx(145,78): error TS1003: Identifier expected.
src/renderer/components/views/DashboardView.tsx(145,82): error TS1434: Unexpected keyword or identifier.
src/renderer/components/views/DashboardView.tsx(145,105): error TS1003: Identifier expected.
src/renderer/components/views/DashboardView.tsx(145,121): error TS1005: ';' expected.
src/renderer/components/views/DashboardView.tsx(145,136): error TS1146: Declaration expected.
src/renderer/components/views/DashboardView.tsx(145,148): error TS1128: Declaration or statement expected.
src/renderer/components/views/DashboardView.tsx(146,78): error TS1003: Identifier expected.
src/renderer/components/views/DashboardView.tsx(146,92): error TS1127: Invalid character.
src/renderer/components/views/DashboardView.tsx(146,94): error TS1434: Unexpected keyword or identifier.
src/renderer/components/views/DashboardView.tsx(146,105): error TS1434: Unexpected keyword or identifier.
src/renderer/components/views/DashboardView.tsx(146,110): error TS1128: Declaration or statement expected.
src/renderer/components/views/DashboardView.tsx(147,41): error TS1128: Declaration or statement expected.
src/renderer/components/views/DashboardView.tsx(148,37): error TS1128: Declaration or statement expected.
src/renderer/components/views/DashboardView.tsx(149,70): error TS1003: Identifier expected.
src/renderer/components/views/DashboardView.tsx(150,107): error TS1003: Identifier expected.
src/renderer/components/views/DashboardView.tsx(150,111): error TS1128: Declaration or statement expected.
src/renderer/components/views/DashboardView.tsx(151,74): error TS1003: Identifier expected.
src/renderer/components/views/DashboardView.tsx(152,78): error TS1003: Identifier expected.
src/renderer/components/views/DashboardView.tsx(152,82): error TS1434: Unexpected keyword or identifier.
src/renderer/components/views/DashboardView.tsx(152,104): error TS1003: Identifier expected.
src/renderer/components/views/DashboardView.tsx(152,108): error TS1434: Unexpected keyword or identifier.
src/renderer/components/views/DashboardView.tsx(152,119): error TS1434: Unexpected keyword or identifier.
src/renderer/components/views/DashboardView.tsx(152,124): error TS1128: Declaration or statement expected.
src/renderer/components/views/DashboardView.tsx(152,137): error TS1127: Invalid character.
src/renderer/components/views/DashboardView.tsx(152,141): error TS1005: ';' expected.
src/renderer/components/views/DashboardView.tsx(152,150): error TS1434: Unexpected keyword or identifier.
src/renderer/components/views/DashboardView.tsx(152,157): error TS1128: Declaration or statement expected.
src/renderer/components/views/DashboardView.tsx(153,78): error TS1003: Identifier expected.
src/renderer/components/views/DashboardView.tsx(153,90): error TS1005: ';' expected.
src/renderer/components/views/DashboardView.tsx(153,94): error TS1005: ';' expected.
src/renderer/components/views/DashboardView.tsx(153,96): error TS1128: Declaration or statement expected.
src/renderer/components/views/DashboardView.tsx(154,41): error TS1128: Declaration or statement expected.
src/renderer/components/views/DashboardView.tsx(155,37): error TS1128: Declaration or statement expected.
src/renderer/components/views/DashboardView.tsx(156,70): error TS1003: Identifier expected.
src/renderer/components/views/DashboardView.tsx(157,107): error TS1003: Identifier expected.
src/renderer/components/views/DashboardView.tsx(157,111): error TS1128: Declaration or statement expected.
src/renderer/components/views/DashboardView.tsx(158,74): error TS1003: Identifier expected.
src/renderer/components/views/DashboardView.tsx(159,78): error TS1003: Identifier expected.
src/renderer/components/views/DashboardView.tsx(159,82): error TS1434: Unexpected keyword or identifier.
src/renderer/components/views/DashboardView.tsx(159,105): error TS1003: Identifier expected.
src/renderer/components/views/DashboardView.tsx(159,109): error TS1434: Unexpected keyword or identifier.
src/renderer/components/views/DashboardView.tsx(159,116): error TS1434: Unexpected keyword or identifier.
src/renderer/components/views/DashboardView.tsx(159,122): error TS1128: Declaration or statement expected.
src/renderer/components/views/DashboardView.tsx(159,135): error TS1127: Invalid character.
src/renderer/components/views/DashboardView.tsx(159,137): error TS1434: Unexpected keyword or identifier.
src/renderer/components/views/DashboardView.tsx(159,148): error TS1434: Unexpected keyword or identifier.
src/renderer/components/views/DashboardView.tsx(159,152): error TS1128: Declaration or statement expected.
src/renderer/components/views/DashboardView.tsx(160,78): error TS1003: Identifier expected.
src/renderer/components/views/DashboardView.tsx(160,95): error TS1005: ';' expected.
src/renderer/components/views/DashboardView.tsx(160,99): error TS1005: ';' expected.
src/renderer/components/views/DashboardView.tsx(160,101): error TS1128: Declaration or statement expected.
src/renderer/components/views/DashboardView.tsx(161,41): error TS1128: Declaration or statement expected.
src/renderer/components/views/DashboardView.tsx(162,37): error TS1128: Declaration or statement expected.
src/renderer/components/views/DashboardView.tsx(163,33): error TS1128: Declaration or statement expected.
src/renderer/components/views/DashboardView.tsx(164,29): error TS1128: Declaration or statement expected.
src/renderer/components/views/DashboardView.tsx(167,83): error TS1003: Identifier expected.
src/renderer/components/views/DashboardView.tsx(168,64): error TS1003: Identifier expected.
src/renderer/components/views/DashboardView.tsx(169,68): error TS1003: Identifier expected.
src/renderer/components/views/DashboardView.tsx(169,127): error TS1003: Identifier expected.
src/renderer/components/views/DashboardView.tsx(169,131): error TS1128: Declaration or statement expected.
src/renderer/components/views/DashboardView.tsx(169,139): error TS1434: Unexpected keyword or identifier.
src/renderer/components/views/DashboardView.tsx(169,145): error TS1434: Unexpected keyword or identifier.
src/renderer/components/views/DashboardView.tsx(169,152): error TS1128: Declaration or statement expected.
src/renderer/components/views/DashboardView.tsx(170,33): error TS1128: Declaration or statement expected.
src/renderer/components/views/DashboardView.tsx(171,128): error TS1003: Identifier expected.
src/renderer/components/views/DashboardView.tsx(172,153): error TS1003: Identifier expected.
src/renderer/components/views/DashboardView.tsx(172,183): error TS1003: Identifier expected.
src/renderer/components/views/DashboardView.tsx(172,187): error TS1128: Declaration or statement expected.
src/renderer/components/views/DashboardView.tsx(172,195): error TS1434: Unexpected keyword or identifier.
src/renderer/components/views/DashboardView.tsx(172,199): error TS1434: Unexpected keyword or identifier.
src/renderer/components/views/DashboardView.tsx(172,204): error TS1128: Declaration or statement expected.
src/renderer/components/views/DashboardView.tsx(173,149): error TS1003: Identifier expected.
src/renderer/components/views/DashboardView.tsx(173,179): error TS1003: Identifier expected.
src/renderer/components/views/DashboardView.tsx(173,183): error TS1128: Declaration or statement expected.
src/renderer/components/views/DashboardView.tsx(173,191): error TS1435: Unknown keyword or identifier. Did you mean 'async'?
src/renderer/components/views/DashboardView.tsx(173,196): error TS1434: Unexpected keyword or identifier.
src/renderer/components/views/DashboardView.tsx(173,199): error TS1128: Declaration or statement expected.
src/renderer/components/views/DashboardView.tsx(174,160): error TS1003: Identifier expected.
src/renderer/components/views/DashboardView.tsx(174,194): error TS1003: Identifier expected.
src/renderer/components/views/DashboardView.tsx(174,198): error TS1128: Declaration or statement expected.
src/renderer/components/views/DashboardView.tsx(174,206): error TS1435: Unknown keyword or identifier. Did you mean 'export'?
src/renderer/components/views/DashboardView.tsx(174,213): error TS1434: Unexpected keyword or identifier.
src/renderer/components/views/DashboardView.tsx(174,219): error TS1128: Declaration or statement expected.
src/renderer/components/views/DashboardView.tsx(175,159): error TS1003: Identifier expected.
src/renderer/components/views/DashboardView.tsx(175,194): error TS1003: Identifier expected.
src/renderer/components/views/DashboardView.tsx(175,198): error TS1128: Declaration or statement expected.
src/renderer/components/views/DashboardView.tsx(175,206): error TS1434: Unexpected keyword or identifier.
src/renderer/components/views/DashboardView.tsx(175,210): error TS1434: Unexpected keyword or identifier.
src/renderer/components/views/DashboardView.tsx(175,217): error TS1128: Declaration or statement expected.
src/renderer/components/views/DashboardView.tsx(176,33): error TS1128: Declaration or statement expected.
src/renderer/components/views/DashboardView.tsx(177,29): error TS1128: Declaration or statement expected.
src/renderer/components/views/DashboardView.tsx(179,25): error TS1128: Declaration or statement expected.
src/renderer/components/views/DashboardView.tsx(180,21): error TS1128: Declaration or statement expected.
src/renderer/components/views/DashboardView.tsx(182,17): error TS1128: Declaration or statement expected.
src/renderer/components/views/DashboardView.tsx(186,3): error TS1128: Declaration or statement expected.
src/renderer/components/views/DashboardView.tsx(187,1): error TS1128: Declaration or statement expected.
src/renderer/components/views/MonitoringView.tsx(7,53): error TS1003: Identifier expected.
src/renderer/components/views/MonitoringView.tsx(8,64): error TS1003: Identifier expected.
src/renderer/components/views/MonitoringView.tsx(9,67): error TS1003: Identifier expected.
src/renderer/components/views/MonitoringView.tsx(10,93): error TS1003: Identifier expected.
src/renderer/components/views/MonitoringView.tsx(10,99): error TS17002: Expected corresponding JSX closing tag for 'div'.
src/renderer/components/views/MonitoringView.tsx(10,100): error TS1005: '>' expected.
src/renderer/components/views/MonitoringView.tsx(10,103): error TS1005: ')' expected.
src/renderer/components/views/MonitoringView.tsx(10,105): error TS1434: Unexpected keyword or identifier.
src/renderer/components/views/MonitoringView.tsx(10,109): error TS1434: Unexpected keyword or identifier.
src/renderer/components/views/MonitoringView.tsx(11,29): error TS1128: Declaration or statement expected.
src/renderer/components/views/MonitoringView.tsx(12,109): error TS1003: Identifier expected.
src/renderer/components/views/MonitoringView.tsx(13,59): error TS1003: Identifier expected.
src/renderer/components/views/MonitoringView.tsx(13,63): error TS1128: Declaration or statement expected.
src/renderer/components/views/MonitoringView.tsx(14,29): error TS1128: Declaration or statement expected.
src/renderer/components/views/MonitoringView.tsx(15,25): error TS1128: Declaration or statement expected.
src/renderer/components/views/MonitoringView.tsx(16,69): error TS1003: Identifier expected.
src/renderer/components/views/MonitoringView.tsx(17,100): error TS1003: Identifier expected.
src/renderer/components/views/MonitoringView.tsx(18,59): error TS1003: Identifier expected.
src/renderer/components/views/MonitoringView.tsx(19,64): error TS1003: Identifier expected.
src/renderer/components/views/MonitoringView.tsx(20,70): error TS1003: Identifier expected.
src/renderer/components/views/MonitoringView.tsx(20,74): error TS1434: Unexpected keyword or identifier.
src/renderer/components/views/MonitoringView.tsx(20,81): error TS1434: Unexpected keyword or identifier.
src/renderer/components/views/MonitoringView.tsx(20,88): error TS1128: Declaration or statement expected.
src/renderer/components/views/MonitoringView.tsx(21,93): error TS1003: Identifier expected.
src/renderer/components/views/MonitoringView.tsx(22,52): error TS1003: Identifier expected.
src/renderer/components/views/MonitoringView.tsx(22,56): error TS1434: Unexpected keyword or identifier.
src/renderer/components/views/MonitoringView.tsx(22,63): error TS1434: Unexpected keyword or identifier.
src/renderer/components/views/MonitoringView.tsx(22,66): error TS1434: Unexpected keyword or identifier.
src/renderer/components/views/MonitoringView.tsx(22,73): error TS1128: Declaration or statement expected.
src/renderer/components/views/MonitoringView.tsx(22,76): error TS1128: Declaration or statement expected.
src/renderer/components/views/MonitoringView.tsx(23,79): error TS1003: Identifier expected.
src/renderer/components/views/MonitoringView.tsx(24,56): error TS1003: Identifier expected.
src/renderer/components/views/MonitoringView.tsx(24,68): error TS1005: ';' expected.
src/renderer/components/views/MonitoringView.tsx(24,80): error TS1146: Declaration expected.
src/renderer/components/views/MonitoringView.tsx(24,88): error TS1005: ';' expected.
src/renderer/components/views/MonitoringView.tsx(25,56): error TS1003: Identifier expected.
src/renderer/components/views/MonitoringView.tsx(25,72): error TS1005: ';' expected.
src/renderer/components/views/MonitoringView.tsx(25,87): error TS1146: Declaration expected.
src/renderer/components/views/MonitoringView.tsx(26,56): error TS1003: Identifier expected.
src/renderer/components/views/MonitoringView.tsx(26,71): error TS1005: ';' expected.
src/renderer/components/views/MonitoringView.tsx(26,82): error TS1146: Declaration expected.
src/renderer/components/views/MonitoringView.tsx(26,90): error TS1005: ';' expected.
src/renderer/components/views/MonitoringView.tsx(27,45): error TS1128: Declaration or statement expected.
src/renderer/components/views/MonitoringView.tsx(28,75): error TS1003: Identifier expected.
src/renderer/components/views/MonitoringView.tsx(29,56): error TS1003: Identifier expected.
src/renderer/components/views/MonitoringView.tsx(29,71): error TS1005: ';' expected.
src/renderer/components/views/MonitoringView.tsx(29,84): error TS1146: Declaration expected.
src/renderer/components/views/MonitoringView.tsx(30,56): error TS1003: Identifier expected.
src/renderer/components/views/MonitoringView.tsx(30,69): error TS1005: ';' expected.
src/renderer/components/views/MonitoringView.tsx(30,78): error TS1146: Declaration expected.
src/renderer/components/views/MonitoringView.tsx(31,45): error TS1128: Declaration or statement expected.
src/renderer/components/views/MonitoringView.tsx(32,41): error TS1128: Declaration or statement expected.
src/renderer/components/views/MonitoringView.tsx(33,69): error TS1003: Identifier expected.
src/renderer/components/views/MonitoringView.tsx(33,73): error TS1434: Unexpected keyword or identifier.
src/renderer/components/views/MonitoringView.tsx(33,141): error TS1005: ';' expected.
src/renderer/components/views/MonitoringView.tsx(33,179): error TS1005: ';' expected.
src/renderer/components/views/MonitoringView.tsx(33,220): error TS1127: Invalid character.
src/renderer/components/views/MonitoringView.tsx(33,221): error TS1005: ';' expected.
src/renderer/components/views/MonitoringView.tsx(33,222): error TS1005: ';' expected.
src/renderer/components/views/MonitoringView.tsx(33,222): error TS1351: An identifier or keyword cannot immediately follow a numeric literal.
src/renderer/components/views/MonitoringView.tsx(33,222): error TS1434: Unexpected keyword or identifier.
src/renderer/components/views/MonitoringView.tsx(33,265): error TS1002: Unterminated string literal.
src/renderer/components/views/MonitoringView.tsx(34,37): error TS1128: Declaration or statement expected.
src/renderer/components/views/MonitoringView.tsx(35,33): error TS1128: Declaration or statement expected.
src/renderer/components/views/MonitoringView.tsx(36,113): error TS1003: Identifier expected.
src/renderer/components/views/MonitoringView.tsx(37,129): error TS1003: Identifier expected.
src/renderer/components/views/MonitoringView.tsx(38,66): error TS1003: Identifier expected.
src/renderer/components/views/MonitoringView.tsx(38,70): error TS1128: Declaration or statement expected.
src/renderer/components/views/MonitoringView.tsx(38,78): error TS1434: Unexpected keyword or identifier.
src/renderer/components/views/MonitoringView.tsx(39,37): error TS1128: Declaration or statement expected.
src/renderer/components/views/MonitoringView.tsx(40,64): error TS1003: Identifier expected.
src/renderer/components/views/MonitoringView.tsx(41,70): error TS1003: Identifier expected.
src/renderer/components/views/MonitoringView.tsx(41,74): error TS1434: Unexpected keyword or identifier.
src/renderer/components/views/MonitoringView.tsx(41,82): error TS1434: Unexpected keyword or identifier.
src/renderer/components/views/MonitoringView.tsx(41,85): error TS1434: Unexpected keyword or identifier.
src/renderer/components/views/MonitoringView.tsx(41,92): error TS1128: Declaration or statement expected.
src/renderer/components/views/MonitoringView.tsx(42,132): error TS1005: '>' expected.
src/renderer/components/views/MonitoringView.tsx(43,69): error TS1003: Identifier expected.
src/renderer/components/views/MonitoringView.tsx(43,89): error TS1005: ';' expected.
src/renderer/components/views/MonitoringView.tsx(43,96): error TS1434: Unexpected keyword or identifier.
src/renderer/components/views/MonitoringView.tsx(43,101): error TS1128: Declaration or statement expected.
src/renderer/components/views/MonitoringView.tsx(44,37): error TS1128: Declaration or statement expected.
src/renderer/components/views/MonitoringView.tsx(45,64): error TS1003: Identifier expected.
src/renderer/components/views/MonitoringView.tsx(46,70): error TS1003: Identifier expected.
src/renderer/components/views/MonitoringView.tsx(46,74): error TS1434: Unexpected keyword or identifier.
src/renderer/components/views/MonitoringView.tsx(46,87): error TS1005: '(' expected.
src/renderer/components/views/MonitoringView.tsx(46,93): error TS1005: ';' expected.
src/renderer/components/views/MonitoringView.tsx(47,140): error TS1003: Identifier expected.
src/renderer/components/views/MonitoringView.tsx(47,144): error TS1128: Declaration or statement expected.
src/renderer/components/views/MonitoringView.tsx(48,69): error TS1003: Identifier expected.
src/renderer/components/views/MonitoringView.tsx(48,73): error TS1435: Unknown keyword or identifier. Did you mean 'any'?
src/renderer/components/views/MonitoringView.tsx(48,77): error TS1434: Unexpected keyword or identifier.
src/renderer/components/views/MonitoringView.tsx(48,107): error TS1005: ';' expected.
src/renderer/components/views/MonitoringView.tsx(48,116): error TS1434: Unexpected keyword or identifier.
src/renderer/components/views/MonitoringView.tsx(48,119): error TS1435: Unknown keyword or identifier. Did you mean 'let'?
src/renderer/components/views/MonitoringView.tsx(48,124): error TS1128: Declaration or statement expected.
src/renderer/components/views/MonitoringView.tsx(49,37): error TS1128: Declaration or statement expected.
src/renderer/components/views/MonitoringView.tsx(50,33): error TS1128: Declaration or statement expected.
src/renderer/components/views/MonitoringView.tsx(51,29): error TS1128: Declaration or statement expected.
src/renderer/components/views/MonitoringView.tsx(52,174): error TS1003: Identifier expected.
src/renderer/components/views/MonitoringView.tsx(53,66): error TS1003: Identifier expected.
src/renderer/components/views/MonitoringView.tsx(53,70): error TS1128: Declaration or statement expected.
src/renderer/components/views/MonitoringView.tsx(53,88): error TS1434: Unexpected keyword or identifier.
src/renderer/components/views/MonitoringView.tsx(54,29): error TS1128: Declaration or statement expected.
src/renderer/components/views/MonitoringView.tsx(55,25): error TS1128: Declaration or statement expected.
src/renderer/components/views/MonitoringView.tsx(56,21): error TS1128: Declaration or statement expected.
src/renderer/components/views/MonitoringView.tsx(59,53): error TS1003: Identifier expected.
src/renderer/components/views/MonitoringView.tsx(60,64): error TS1003: Identifier expected.
src/renderer/components/views/MonitoringView.tsx(61,67): error TS1003: Identifier expected.
src/renderer/components/views/MonitoringView.tsx(62,99): error TS1003: Identifier expected.
src/renderer/components/views/MonitoringView.tsx(62,103): error TS1128: Declaration or statement expected.
src/renderer/components/views/MonitoringView.tsx(62,111): error TS1434: Unexpected keyword or identifier.
src/renderer/components/views/MonitoringView.tsx(63,39): error TS1005: ';' expected.
src/renderer/components/views/MonitoringView.tsx(63,57): error TS1005: ';' expected.
src/renderer/components/views/MonitoringView.tsx(63,64): error TS1136: Property assignment expected.
src/renderer/components/views/MonitoringView.tsx(63,99): error TS1005: ';' expected.
src/renderer/components/views/MonitoringView.tsx(63,108): error TS1128: Declaration or statement expected.
src/renderer/components/views/MonitoringView.tsx(63,109): error TS1109: Expression expected.
src/renderer/components/views/MonitoringView.tsx(63,114): error TS1005: ';' expected.
src/renderer/components/views/MonitoringView.tsx(64,29): error TS1128: Declaration or statement expected.
src/renderer/components/views/MonitoringView.tsx(65,135): error TS1003: Identifier expected.
src/renderer/components/views/MonitoringView.tsx(66,60): error TS1003: Identifier expected.
src/renderer/components/views/MonitoringView.tsx(66,64): error TS1128: Declaration or statement expected.
src/renderer/components/views/MonitoringView.tsx(66,72): error TS1434: Unexpected keyword or identifier.
src/renderer/components/views/MonitoringView.tsx(67,29): error TS1128: Declaration or statement expected.
src/renderer/components/views/MonitoringView.tsx(68,25): error TS1128: Declaration or statement expected.
src/renderer/components/views/MonitoringView.tsx(69,69): error TS1003: Identifier expected.
src/renderer/components/views/MonitoringView.tsx(70,99): error TS1003: Identifier expected.
src/renderer/components/views/MonitoringView.tsx(72,62): error TS1003: Identifier expected.
src/renderer/components/views/MonitoringView.tsx(73,69): error TS1003: Identifier expected.
src/renderer/components/views/MonitoringView.tsx(73,73): error TS1434: Unexpected keyword or identifier.
src/renderer/components/views/MonitoringView.tsx(73,75): error TS1128: Declaration or statement expected.
src/renderer/components/views/MonitoringView.tsx(74,67): error TS1003: Identifier expected.
src/renderer/components/views/MonitoringView.tsx(75,71): error TS1003: Identifier expected.
src/renderer/components/views/MonitoringView.tsx(75,83): error TS1005: ';' expected.
src/renderer/components/views/MonitoringView.tsx(75,95): error TS1146: Declaration expected.
src/renderer/components/views/MonitoringView.tsx(76,71): error TS1003: Identifier expected.
src/renderer/components/views/MonitoringView.tsx(76,93): error TS1127: Invalid character.
src/renderer/components/views/MonitoringView.tsx(76,94): error TS1109: Expression expected.
src/renderer/components/views/MonitoringView.tsx(76,135): error TS1005: ';' expected.
src/renderer/components/views/MonitoringView.tsx(77,37): error TS1128: Declaration or statement expected.
src/renderer/components/views/MonitoringView.tsx(78,67): error TS1003: Identifier expected.
src/renderer/components/views/MonitoringView.tsx(79,79): error TS1003: Identifier expected.
src/renderer/components/views/MonitoringView.tsx(79,119): error TS1003: Identifier expected.
src/renderer/components/views/MonitoringView.tsx(79,123): error TS1128: Declaration or statement expected.
src/renderer/components/views/MonitoringView.tsx(79,130): error TS1434: Unexpected keyword or identifier.
src/renderer/components/views/MonitoringView.tsx(79,140): error TS1128: Declaration or statement expected.
src/renderer/components/views/MonitoringView.tsx(80,210): error TS1003: Identifier expected.
src/renderer/components/views/MonitoringView.tsx(80,250): error TS1003: Identifier expected.
src/renderer/components/views/MonitoringView.tsx(80,254): error TS1128: Declaration or statement expected.
src/renderer/components/views/MonitoringView.tsx(80,267): error TS1127: Invalid character.
src/renderer/components/views/MonitoringView.tsx(80,268): error TS1128: Declaration or statement expected.
src/renderer/components/views/MonitoringView.tsx(81,37): error TS1128: Declaration or statement expected.
src/renderer/components/views/MonitoringView.tsx(82,69): error TS1003: Identifier expected.
src/renderer/components/views/MonitoringView.tsx(83,77): error TS1003: Identifier expected.
src/renderer/components/views/MonitoringView.tsx(83,81): error TS1434: Unexpected keyword or identifier.
src/renderer/components/views/MonitoringView.tsx(83,87): error TS1128: Declaration or statement expected.
src/renderer/components/views/MonitoringView.tsx(84,37): error TS1128: Declaration or statement expected.
src/renderer/components/views/MonitoringView.tsx(85,70): error TS1003: Identifier expected.
src/renderer/components/views/MonitoringView.tsx(86,171): error TS1003: Identifier expected.
src/renderer/components/views/MonitoringView.tsx(86,202): error TS1003: Identifier expected.
src/renderer/components/views/MonitoringView.tsx(86,206): error TS1128: Declaration or statement expected.
src/renderer/components/views/MonitoringView.tsx(86,213): error TS1128: Declaration or statement expected.
src/renderer/components/views/MonitoringView.tsx(87,179): error TS1003: Identifier expected.
src/renderer/components/views/MonitoringView.tsx(87,210): error TS1003: Identifier expected.
src/renderer/components/views/MonitoringView.tsx(87,214): error TS1128: Declaration or statement expected.
src/renderer/components/views/MonitoringView.tsx(87,221): error TS1128: Declaration or statement expected.
src/renderer/components/views/MonitoringView.tsx(88,37): error TS1128: Declaration or statement expected.
src/renderer/components/views/MonitoringView.tsx(89,33): error TS1128: Declaration or statement expected.
src/renderer/components/views/MonitoringView.tsx(91,62): error TS1003: Identifier expected.
src/renderer/components/views/MonitoringView.tsx(92,135): error TS1003: Identifier expected.
src/renderer/components/views/MonitoringView.tsx(92,139): error TS1434: Unexpected keyword or identifier.
src/renderer/components/views/MonitoringView.tsx(92,141): error TS1128: Declaration or statement expected.
src/renderer/components/views/MonitoringView.tsx(93,67): error TS1003: Identifier expected.
src/renderer/components/views/MonitoringView.tsx(94,71): error TS1003: Identifier expected.
src/renderer/components/views/MonitoringView.tsx(94,86): error TS1005: ';' expected.
src/renderer/components/views/MonitoringView.tsx(94,99): error TS1146: Declaration expected.
src/renderer/components/views/MonitoringView.tsx(95,71): error TS1003: Identifier expected.
src/renderer/components/views/MonitoringView.tsx(95,87): error TS1127: Invalid character.
src/renderer/components/views/MonitoringView.tsx(95,88): error TS1109: Expression expected.
src/renderer/components/views/MonitoringView.tsx(95,136): error TS1005: ';' expected.
src/renderer/components/views/MonitoringView.tsx(96,37): error TS1128: Declaration or statement expected.
src/renderer/components/views/MonitoringView.tsx(97,67): error TS1003: Identifier expected.
src/renderer/components/views/MonitoringView.tsx(98,81): error TS1003: Identifier expected.
src/renderer/components/views/MonitoringView.tsx(98,121): error TS1003: Identifier expected.
src/renderer/components/views/MonitoringView.tsx(98,125): error TS1128: Declaration or statement expected.
src/renderer/components/views/MonitoringView.tsx(98,132): error TS1434: Unexpected keyword or identifier.
src/renderer/components/views/MonitoringView.tsx(98,138): error TS1128: Declaration or statement expected.
src/renderer/components/views/MonitoringView.tsx(99,62): error TS1003: Identifier expected.
src/renderer/components/views/MonitoringView.tsx(99,76): error TS1005: ';' expected.
src/renderer/components/views/MonitoringView.tsx(100,37): error TS1128: Declaration or statement expected.
src/renderer/components/views/MonitoringView.tsx(101,69): error TS1003: Identifier expected.
src/renderer/components/views/MonitoringView.tsx(102,77): error TS1003: Identifier expected.
src/renderer/components/views/MonitoringView.tsx(102,81): error TS1434: Unexpected keyword or identifier.
src/renderer/components/views/MonitoringView.tsx(102,87): error TS1128: Declaration or statement expected.
src/renderer/components/views/MonitoringView.tsx(103,37): error TS1128: Declaration or statement expected.
src/renderer/components/views/MonitoringView.tsx(104,70): error TS1003: Identifier expected.
src/renderer/components/views/MonitoringView.tsx(105,171): error TS1003: Identifier expected.
src/renderer/components/views/MonitoringView.tsx(105,202): error TS1003: Identifier expected.
src/renderer/components/views/MonitoringView.tsx(105,206): error TS1128: Declaration or statement expected.
src/renderer/components/views/MonitoringView.tsx(105,213): error TS1128: Declaration or statement expected.
src/renderer/components/views/MonitoringView.tsx(106,179): error TS1003: Identifier expected.
src/renderer/components/views/MonitoringView.tsx(106,210): error TS1003: Identifier expected.
src/renderer/components/views/MonitoringView.tsx(106,214): error TS1128: Declaration or statement expected.
src/renderer/components/views/MonitoringView.tsx(106,221): error TS1128: Declaration or statement expected.
src/renderer/components/views/MonitoringView.tsx(107,37): error TS1128: Declaration or statement expected.
src/renderer/components/views/MonitoringView.tsx(108,33): error TS1128: Declaration or statement expected.
src/renderer/components/views/MonitoringView.tsx(110,62): error TS1003: Identifier expected.
src/renderer/components/views/MonitoringView.tsx(111,135): error TS1003: Identifier expected.
src/renderer/components/views/MonitoringView.tsx(111,139): error TS1434: Unexpected keyword or identifier.
src/renderer/components/views/MonitoringView.tsx(111,141): error TS1128: Declaration or statement expected.
src/renderer/components/views/MonitoringView.tsx(112,67): error TS1003: Identifier expected.
src/renderer/components/views/MonitoringView.tsx(113,71): error TS1003: Identifier expected.
src/renderer/components/views/MonitoringView.tsx(113,86): error TS1005: ';' expected.
src/renderer/components/views/MonitoringView.tsx(113,97): error TS1146: Declaration expected.
src/renderer/components/views/MonitoringView.tsx(114,71): error TS1003: Identifier expected.
src/renderer/components/views/MonitoringView.tsx(114,95): error TS1127: Invalid character.
src/renderer/components/views/MonitoringView.tsx(114,96): error TS1109: Expression expected.
src/renderer/components/views/MonitoringView.tsx(114,136): error TS1005: ';' expected.
src/renderer/components/views/MonitoringView.tsx(115,37): error TS1128: Declaration or statement expected.
src/renderer/components/views/MonitoringView.tsx(116,67): error TS1003: Identifier expected.
src/renderer/components/views/MonitoringView.tsx(117,79): error TS1003: Identifier expected.
src/renderer/components/views/MonitoringView.tsx(117,119): error TS1003: Identifier expected.
src/renderer/components/views/MonitoringView.tsx(117,123): error TS1128: Declaration or statement expected.
src/renderer/components/views/MonitoringView.tsx(117,130): error TS1434: Unexpected keyword or identifier.
src/renderer/components/views/MonitoringView.tsx(117,140): error TS1128: Declaration or statement expected.
src/renderer/components/views/MonitoringView.tsx(118,210): error TS1003: Identifier expected.
src/renderer/components/views/MonitoringView.tsx(118,250): error TS1003: Identifier expected.
src/renderer/components/views/MonitoringView.tsx(118,254): error TS1128: Declaration or statement expected.
src/renderer/components/views/MonitoringView.tsx(118,267): error TS1127: Invalid character.
src/renderer/components/views/MonitoringView.tsx(118,268): error TS1128: Declaration or statement expected.
src/renderer/components/views/MonitoringView.tsx(119,62): error TS1003: Identifier expected.
src/renderer/components/views/MonitoringView.tsx(119,76): error TS1005: ';' expected.
src/renderer/components/views/MonitoringView.tsx(120,37): error TS1128: Declaration or statement expected.
src/renderer/components/views/MonitoringView.tsx(121,69): error TS1003: Identifier expected.
src/renderer/components/views/MonitoringView.tsx(122,77): error TS1003: Identifier expected.
src/renderer/components/views/MonitoringView.tsx(122,81): error TS1434: Unexpected keyword or identifier.
src/renderer/components/views/MonitoringView.tsx(122,87): error TS1128: Declaration or statement expected.
src/renderer/components/views/MonitoringView.tsx(123,37): error TS1128: Declaration or statement expected.
src/renderer/components/views/MonitoringView.tsx(124,70): error TS1003: Identifier expected.
src/renderer/components/views/MonitoringView.tsx(125,171): error TS1003: Identifier expected.
src/renderer/components/views/MonitoringView.tsx(125,202): error TS1003: Identifier expected.
src/renderer/components/views/MonitoringView.tsx(125,206): error TS1128: Declaration or statement expected.
src/renderer/components/views/MonitoringView.tsx(125,213): error TS1128: Declaration or statement expected.
src/renderer/components/views/MonitoringView.tsx(126,179): error TS1003: Identifier expected.
src/renderer/components/views/MonitoringView.tsx(126,210): error TS1003: Identifier expected.
src/renderer/components/views/MonitoringView.tsx(126,214): error TS1128: Declaration or statement expected.
src/renderer/components/views/MonitoringView.tsx(126,221): error TS1128: Declaration or statement expected.
src/renderer/components/views/MonitoringView.tsx(127,37): error TS1128: Declaration or statement expected.
src/renderer/components/views/MonitoringView.tsx(128,33): error TS1128: Declaration or statement expected.
src/renderer/components/views/MonitoringView.tsx(130,62): error TS1003: Identifier expected.
src/renderer/components/views/MonitoringView.tsx(131,135): error TS1003: Identifier expected.
src/renderer/components/views/MonitoringView.tsx(131,139): error TS1127: Invalid character.
src/renderer/components/views/MonitoringView.tsx(131,140): error TS1128: Declaration or statement expected.
src/renderer/components/views/MonitoringView.tsx(132,67): error TS1003: Identifier expected.
src/renderer/components/views/MonitoringView.tsx(133,71): error TS1003: Identifier expected.
src/renderer/components/views/MonitoringView.tsx(133,75): error TS1434: Unexpected keyword or identifier.
src/renderer/components/views/MonitoringView.tsx(133,95): error TS1005: ';' expected.
src/renderer/components/views/MonitoringView.tsx(133,101): error TS1128: Declaration or statement expected.
src/renderer/components/views/MonitoringView.tsx(134,71): error TS1003: Identifier expected.
src/renderer/components/views/MonitoringView.tsx(134,75): error TS1434: Unexpected keyword or identifier.
src/renderer/components/views/MonitoringView.tsx(134,95): error TS1005: ';' expected.
src/renderer/components/views/MonitoringView.tsx(134,132): error TS1127: Invalid character.
src/renderer/components/views/MonitoringView.tsx(134,133): error TS1109: Expression expected.
src/renderer/components/views/MonitoringView.tsx(134,140): error TS1434: Unexpected keyword or identifier.
src/renderer/components/views/MonitoringView.tsx(134,147): error TS1434: Unexpected keyword or identifier.
src/renderer/components/views/MonitoringView.tsx(134,155): error TS1128: Declaration or statement expected.
src/renderer/components/views/MonitoringView.tsx(135,37): error TS1128: Declaration or statement expected.
src/renderer/components/views/MonitoringView.tsx(136,67): error TS1003: Identifier expected.
src/renderer/components/views/MonitoringView.tsx(137,80): error TS1003: Identifier expected.
src/renderer/components/views/MonitoringView.tsx(137,120): error TS1003: Identifier expected.
src/renderer/components/views/MonitoringView.tsx(137,124): error TS1128: Declaration or statement expected.
src/renderer/components/views/MonitoringView.tsx(137,131): error TS1434: Unexpected keyword or identifier.
src/renderer/components/views/MonitoringView.tsx(137,142): error TS1128: Declaration or statement expected.
src/renderer/components/views/MonitoringView.tsx(138,37): error TS1128: Declaration or statement expected.
src/renderer/components/views/MonitoringView.tsx(139,69): error TS1003: Identifier expected.
src/renderer/components/views/MonitoringView.tsx(140,77): error TS1003: Identifier expected.
src/renderer/components/views/MonitoringView.tsx(140,81): error TS1434: Unexpected keyword or identifier.
src/renderer/components/views/MonitoringView.tsx(140,87): error TS1128: Declaration or statement expected.
src/renderer/components/views/MonitoringView.tsx(141,37): error TS1128: Declaration or statement expected.
src/renderer/components/views/MonitoringView.tsx(142,70): error TS1003: Identifier expected.
src/renderer/components/views/MonitoringView.tsx(143,171): error TS1003: Identifier expected.
src/renderer/components/views/MonitoringView.tsx(143,202): error TS1003: Identifier expected.
src/renderer/components/views/MonitoringView.tsx(143,206): error TS1128: Declaration or statement expected.
src/renderer/components/views/MonitoringView.tsx(143,213): error TS1128: Declaration or statement expected.
src/renderer/components/views/MonitoringView.tsx(144,179): error TS1003: Identifier expected.
src/renderer/components/views/MonitoringView.tsx(144,210): error TS1003: Identifier expected.
src/renderer/components/views/MonitoringView.tsx(144,214): error TS1128: Declaration or statement expected.
src/renderer/components/views/MonitoringView.tsx(144,221): error TS1128: Declaration or statement expected.
src/renderer/components/views/MonitoringView.tsx(145,37): error TS1128: Declaration or statement expected.
src/renderer/components/views/MonitoringView.tsx(146,33): error TS1128: Declaration or statement expected.
src/renderer/components/views/MonitoringView.tsx(148,29): error TS1128: Declaration or statement expected.
src/renderer/components/views/MonitoringView.tsx(149,25): error TS1128: Declaration or statement expected.
src/renderer/components/views/MonitoringView.tsx(150,21): error TS1128: Declaration or statement expected.
src/renderer/components/views/MonitoringView.tsx(153,53): error TS1003: Identifier expected.
src/renderer/components/views/MonitoringView.tsx(154,64): error TS1003: Identifier expected.
src/renderer/components/views/MonitoringView.tsx(155,67): error TS1003: Identifier expected.
src/renderer/components/views/MonitoringView.tsx(156,88): error TS1003: Identifier expected.
src/renderer/components/views/MonitoringView.tsx(156,92): error TS1128: Declaration or statement expected.
src/renderer/components/views/MonitoringView.tsx(157,39): error TS1005: ';' expected.
src/renderer/components/views/MonitoringView.tsx(157,57): error TS1005: ';' expected.
src/renderer/components/views/MonitoringView.tsx(157,64): error TS1136: Property assignment expected.
src/renderer/components/views/MonitoringView.tsx(157,99): error TS1005: ';' expected.
src/renderer/components/views/MonitoringView.tsx(157,108): error TS1128: Declaration or statement expected.
src/renderer/components/views/MonitoringView.tsx(157,109): error TS1109: Expression expected.
src/renderer/components/views/MonitoringView.tsx(157,115): error TS1005: ';' expected.
src/renderer/components/views/MonitoringView.tsx(157,118): error TS1109: Expression expected.
src/renderer/components/views/MonitoringView.tsx(158,29): error TS1128: Declaration or statement expected.
src/renderer/components/views/MonitoringView.tsx(159,152): error TS1003: Identifier expected.
src/renderer/components/views/MonitoringView.tsx(160,67): error TS1003: Identifier expected.
src/renderer/components/views/MonitoringView.tsx(160,71): error TS1128: Declaration or statement expected.
src/renderer/components/views/MonitoringView.tsx(160,79): error TS1434: Unexpected keyword or identifier.
src/renderer/components/views/MonitoringView.tsx(160,84): error TS1434: Unexpected keyword or identifier.
src/renderer/components/views/MonitoringView.tsx(161,29): error TS1128: Declaration or statement expected.
src/renderer/components/views/MonitoringView.tsx(162,25): error TS1128: Declaration or statement expected.
src/renderer/components/views/MonitoringView.tsx(163,62): error TS1003: Identifier expected.
src/renderer/components/views/MonitoringView.tsx(164,60): error TS1003: Identifier expected.
src/renderer/components/views/MonitoringView.tsx(165,66): error TS1003: Identifier expected.
src/renderer/components/views/MonitoringView.tsx(166,61): error TS1003: Identifier expected.
src/renderer/components/views/MonitoringView.tsx(166,65): error TS1434: Unexpected keyword or identifier.
src/renderer/components/views/MonitoringView.tsx(166,69): error TS1128: Declaration or statement expected.
src/renderer/components/views/MonitoringView.tsx(167,64): error TS1003: Identifier expected.
src/renderer/components/views/MonitoringView.tsx(167,68): error TS1434: Unexpected keyword or identifier.
src/renderer/components/views/MonitoringView.tsx(167,75): error TS1128: Declaration or statement expected.
src/renderer/components/views/MonitoringView.tsx(168,62): error TS1003: Identifier expected.
src/renderer/components/views/MonitoringView.tsx(168,66): error TS1434: Unexpected keyword or identifier.
src/renderer/components/views/MonitoringView.tsx(168,70): error TS1128: Declaration or statement expected.
src/renderer/components/views/MonitoringView.tsx(169,64): error TS1003: Identifier expected.
src/renderer/components/views/MonitoringView.tsx(169,68): error TS1434: Unexpected keyword or identifier.
src/renderer/components/views/MonitoringView.tsx(169,75): error TS1128: Declaration or statement expected.
src/renderer/components/views/MonitoringView.tsx(170,64): error TS1003: Identifier expected.
src/renderer/components/views/MonitoringView.tsx(170,68): error TS1434: Unexpected keyword or identifier.
src/renderer/components/views/MonitoringView.tsx(170,75): error TS1128: Declaration or statement expected.
src/renderer/components/views/MonitoringView.tsx(171,33): error TS1128: Declaration or statement expected.
src/renderer/components/views/MonitoringView.tsx(172,56): error TS1003: Identifier expected.
src/renderer/components/views/MonitoringView.tsx(173,61): error TS1003: Identifier expected.
src/renderer/components/views/MonitoringView.tsx(173,67): error TS1005: ';' expected.
src/renderer/components/views/MonitoringView.tsx(173,71): error TS1005: ';' expected.
src/renderer/components/views/MonitoringView.tsx(173,73): error TS1128: Declaration or statement expected.
src/renderer/components/views/MonitoringView.tsx(174,64): error TS1003: Identifier expected.
src/renderer/components/views/MonitoringView.tsx(174,76): error TS1005: ';' expected.
src/renderer/components/views/MonitoringView.tsx(174,88): error TS1146: Declaration expected.
src/renderer/components/views/MonitoringView.tsx(175,124): error TS1003: Identifier expected.
src/renderer/components/views/MonitoringView.tsx(176,79): error TS1003: Identifier expected.
src/renderer/components/views/MonitoringView.tsx(176,119): error TS1003: Identifier expected.
src/renderer/components/views/MonitoringView.tsx(176,123): error TS1128: Declaration or statement expected.
src/renderer/components/views/MonitoringView.tsx(176,130): error TS1434: Unexpected keyword or identifier.
src/renderer/components/views/MonitoringView.tsx(176,140): error TS1128: Declaration or statement expected.
src/renderer/components/views/MonitoringView.tsx(177,210): error TS1003: Identifier expected.
src/renderer/components/views/MonitoringView.tsx(177,250): error TS1003: Identifier expected.
src/renderer/components/views/MonitoringView.tsx(177,254): error TS1128: Declaration or statement expected.
src/renderer/components/views/MonitoringView.tsx(177,267): error TS1127: Invalid character.
src/renderer/components/views/MonitoringView.tsx(177,268): error TS1128: Declaration or statement expected.
src/renderer/components/views/MonitoringView.tsx(178,80): error TS1003: Identifier expected.
src/renderer/components/views/MonitoringView.tsx(178,120): error TS1003: Identifier expected.
src/renderer/components/views/MonitoringView.tsx(178,124): error TS1128: Declaration or statement expected.
src/renderer/components/views/MonitoringView.tsx(178,131): error TS1434: Unexpected keyword or identifier.
src/renderer/components/views/MonitoringView.tsx(178,142): error TS1128: Declaration or statement expected.
src/renderer/components/views/MonitoringView.tsx(179,37): error TS1128: Declaration or statement expected.
src/renderer/components/views/MonitoringView.tsx(180,64): error TS1003: Identifier expected.
src/renderer/components/views/MonitoringView.tsx(180,74): error TS1127: Invalid character.
src/renderer/components/views/MonitoringView.tsx(180,127): error TS1005: ';' expected.
src/renderer/components/views/MonitoringView.tsx(180,138): error TS1005: ';' expected.
src/renderer/components/views/MonitoringView.tsx(181,64): error TS1003: Identifier expected.
src/renderer/components/views/MonitoringView.tsx(182,188): error TS1003: Identifier expected.
src/renderer/components/views/MonitoringView.tsx(182,217): error TS1003: Identifier expected.
src/renderer/components/views/MonitoringView.tsx(182,221): error TS1128: Declaration or statement expected.
src/renderer/components/views/MonitoringView.tsx(182,228): error TS1128: Declaration or statement expected.
src/renderer/components/views/MonitoringView.tsx(183,150): error TS1003: Identifier expected.
src/renderer/components/views/MonitoringView.tsx(183,181): error TS1003: Identifier expected.
src/renderer/components/views/MonitoringView.tsx(183,185): error TS1128: Declaration or statement expected.
src/renderer/components/views/MonitoringView.tsx(183,192): error TS1128: Declaration or statement expected.
src/renderer/components/views/MonitoringView.tsx(184,37): error TS1128: Declaration or statement expected.
src/renderer/components/views/MonitoringView.tsx(185,33): error TS1128: Declaration or statement expected.
src/renderer/components/views/MonitoringView.tsx(186,56): error TS1003: Identifier expected.
src/renderer/components/views/MonitoringView.tsx(187,61): error TS1003: Identifier expected.
src/renderer/components/views/MonitoringView.tsx(187,65): error TS1489: Decimals with leading zeros are not allowed.
src/renderer/components/views/MonitoringView.tsx(187,67): error TS1005: ';' expected.
src/renderer/components/views/MonitoringView.tsx(187,71): error TS1005: ';' expected.
src/renderer/components/views/MonitoringView.tsx(187,73): error TS1128: Declaration or statement expected.
src/renderer/components/views/MonitoringView.tsx(188,64): error TS1003: Identifier expected.
src/renderer/components/views/MonitoringView.tsx(188,79): error TS1005: ';' expected.
src/renderer/components/views/MonitoringView.tsx(188,92): error TS1146: Declaration expected.
src/renderer/components/views/MonitoringView.tsx(189,124): error TS1003: Identifier expected.
src/renderer/components/views/MonitoringView.tsx(190,81): error TS1003: Identifier expected.
src/renderer/components/views/MonitoringView.tsx(190,121): error TS1003: Identifier expected.
src/renderer/components/views/MonitoringView.tsx(190,125): error TS1128: Declaration or statement expected.
src/renderer/components/views/MonitoringView.tsx(190,132): error TS1434: Unexpected keyword or identifier.
src/renderer/components/views/MonitoringView.tsx(190,138): error TS1128: Declaration or statement expected.
src/renderer/components/views/MonitoringView.tsx(191,80): error TS1003: Identifier expected.
src/renderer/components/views/MonitoringView.tsx(191,120): error TS1003: Identifier expected.
src/renderer/components/views/MonitoringView.tsx(191,124): error TS1128: Declaration or statement expected.
src/renderer/components/views/MonitoringView.tsx(191,131): error TS1434: Unexpected keyword or identifier.
src/renderer/components/views/MonitoringView.tsx(191,142): error TS1128: Declaration or statement expected.
src/renderer/components/views/MonitoringView.tsx(192,62): error TS1003: Identifier expected.
src/renderer/components/views/MonitoringView.tsx(192,76): error TS1005: ';' expected.
src/renderer/components/views/MonitoringView.tsx(193,37): error TS1128: Declaration or statement expected.
src/renderer/components/views/MonitoringView.tsx(194,64): error TS1003: Identifier expected.
src/renderer/components/views/MonitoringView.tsx(194,74): error TS1127: Invalid character.
src/renderer/components/views/MonitoringView.tsx(194,76): error TS1435: Unknown keyword or identifier. Did you mean 'new'?
src/renderer/components/views/MonitoringView.tsx(194,80): error TS1434: Unexpected keyword or identifier.
src/renderer/components/views/MonitoringView.tsx(194,88): error TS1434: Unexpected keyword or identifier.
src/renderer/components/views/MonitoringView.tsx(194,94): error TS1434: Unexpected keyword or identifier.
src/renderer/components/views/MonitoringView.tsx(194,108): error TS1005: '(' expected.
src/renderer/components/views/MonitoringView.tsx(194,119): error TS1005: ';' expected.
src/renderer/components/views/MonitoringView.tsx(194,132): error TS1109: Expression expected.
src/renderer/components/views/MonitoringView.tsx(195,64): error TS1003: Identifier expected.
src/renderer/components/views/MonitoringView.tsx(196,188): error TS1003: Identifier expected.
src/renderer/components/views/MonitoringView.tsx(196,217): error TS1003: Identifier expected.
src/renderer/components/views/MonitoringView.tsx(196,221): error TS1128: Declaration or statement expected.
src/renderer/components/views/MonitoringView.tsx(196,228): error TS1128: Declaration or statement expected.
src/renderer/components/views/MonitoringView.tsx(197,150): error TS1003: Identifier expected.
src/renderer/components/views/MonitoringView.tsx(197,181): error TS1003: Identifier expected.
src/renderer/components/views/MonitoringView.tsx(197,185): error TS1128: Declaration or statement expected.
src/renderer/components/views/MonitoringView.tsx(197,192): error TS1128: Declaration or statement expected.
src/renderer/components/views/MonitoringView.tsx(198,37): error TS1128: Declaration or statement expected.
src/renderer/components/views/MonitoringView.tsx(199,33): error TS1128: Declaration or statement expected.
src/renderer/components/views/MonitoringView.tsx(200,56): error TS1003: Identifier expected.
src/renderer/components/views/MonitoringView.tsx(201,61): error TS1003: Identifier expected.
src/renderer/components/views/MonitoringView.tsx(201,65): error TS1489: Decimals with leading zeros are not allowed.
src/renderer/components/views/MonitoringView.tsx(201,67): error TS1005: ';' expected.
src/renderer/components/views/MonitoringView.tsx(201,71): error TS1005: ';' expected.
src/renderer/components/views/MonitoringView.tsx(201,73): error TS1128: Declaration or statement expected.
src/renderer/components/views/MonitoringView.tsx(202,64): error TS1003: Identifier expected.
src/renderer/components/views/MonitoringView.tsx(202,79): error TS1005: ';' expected.
src/renderer/components/views/MonitoringView.tsx(202,90): error TS1146: Declaration expected.
src/renderer/components/views/MonitoringView.tsx(203,124): error TS1003: Identifier expected.
src/renderer/components/views/MonitoringView.tsx(204,79): error TS1003: Identifier expected.
src/renderer/components/views/MonitoringView.tsx(204,119): error TS1003: Identifier expected.
src/renderer/components/views/MonitoringView.tsx(204,123): error TS1128: Declaration or statement expected.
src/renderer/components/views/MonitoringView.tsx(204,130): error TS1434: Unexpected keyword or identifier.
src/renderer/components/views/MonitoringView.tsx(204,140): error TS1128: Declaration or statement expected.
src/renderer/components/views/MonitoringView.tsx(205,210): error TS1003: Identifier expected.
src/renderer/components/views/MonitoringView.tsx(205,250): error TS1003: Identifier expected.
src/renderer/components/views/MonitoringView.tsx(205,254): error TS1128: Declaration or statement expected.
src/renderer/components/views/MonitoringView.tsx(205,267): error TS1127: Invalid character.
src/renderer/components/views/MonitoringView.tsx(205,268): error TS1128: Declaration or statement expected.
src/renderer/components/views/MonitoringView.tsx(206,80): error TS1003: Identifier expected.
src/renderer/components/views/MonitoringView.tsx(206,120): error TS1003: Identifier expected.
src/renderer/components/views/MonitoringView.tsx(206,124): error TS1128: Declaration or statement expected.
src/renderer/components/views/MonitoringView.tsx(206,131): error TS1434: Unexpected keyword or identifier.
src/renderer/components/views/MonitoringView.tsx(206,142): error TS1128: Declaration or statement expected.
src/renderer/components/views/MonitoringView.tsx(207,62): error TS1003: Identifier expected.
src/renderer/components/views/MonitoringView.tsx(207,76): error TS1005: ';' expected.
src/renderer/components/views/MonitoringView.tsx(208,37): error TS1128: Declaration or statement expected.
src/renderer/components/views/MonitoringView.tsx(209,64): error TS1003: Identifier expected.
src/renderer/components/views/MonitoringView.tsx(209,74): error TS1127: Invalid character.
src/renderer/components/views/MonitoringView.tsx(209,123): error TS1005: ';' expected.
src/renderer/components/views/MonitoringView.tsx(209,131): error TS1005: ';' expected.
src/renderer/components/views/MonitoringView.tsx(210,64): error TS1003: Identifier expected.
src/renderer/components/views/MonitoringView.tsx(211,188): error TS1003: Identifier expected.
src/renderer/components/views/MonitoringView.tsx(211,217): error TS1003: Identifier expected.
src/renderer/components/views/MonitoringView.tsx(211,221): error TS1128: Declaration or statement expected.
src/renderer/components/views/MonitoringView.tsx(211,228): error TS1128: Declaration or statement expected.
src/renderer/components/views/MonitoringView.tsx(212,150): error TS1003: Identifier expected.
src/renderer/components/views/MonitoringView.tsx(212,181): error TS1003: Identifier expected.
src/renderer/components/views/MonitoringView.tsx(212,185): error TS1128: Declaration or statement expected.
src/renderer/components/views/MonitoringView.tsx(212,192): error TS1128: Declaration or statement expected.
src/renderer/components/views/MonitoringView.tsx(213,37): error TS1128: Declaration or statement expected.
src/renderer/components/views/MonitoringView.tsx(214,33): error TS1128: Declaration or statement expected.
src/renderer/components/views/MonitoringView.tsx(215,56): error TS1003: Identifier expected.
src/renderer/components/views/MonitoringView.tsx(216,61): error TS1003: Identifier expected.
src/renderer/components/views/MonitoringView.tsx(216,65): error TS1434: Unexpected keyword or identifier.
src/renderer/components/views/MonitoringView.tsx(216,74): error TS1128: Declaration or statement expected.
src/renderer/components/views/MonitoringView.tsx(217,64): error TS1003: Identifier expected.
src/renderer/components/views/MonitoringView.tsx(217,76): error TS1005: ';' expected.
src/renderer/components/views/MonitoringView.tsx(217,88): error TS1146: Declaration expected.
src/renderer/components/views/MonitoringView.tsx(218,124): error TS1003: Identifier expected.
src/renderer/components/views/MonitoringView.tsx(219,79): error TS1003: Identifier expected.
src/renderer/components/views/MonitoringView.tsx(219,119): error TS1003: Identifier expected.
src/renderer/components/views/MonitoringView.tsx(219,123): error TS1128: Declaration or statement expected.
src/renderer/components/views/MonitoringView.tsx(219,130): error TS1434: Unexpected keyword or identifier.
src/renderer/components/views/MonitoringView.tsx(219,140): error TS1128: Declaration or statement expected.
src/renderer/components/views/MonitoringView.tsx(220,210): error TS1003: Identifier expected.
src/renderer/components/views/MonitoringView.tsx(220,250): error TS1003: Identifier expected.
src/renderer/components/views/MonitoringView.tsx(220,254): error TS1128: Declaration or statement expected.
src/renderer/components/views/MonitoringView.tsx(220,267): error TS1127: Invalid character.
src/renderer/components/views/MonitoringView.tsx(220,268): error TS1128: Declaration or statement expected.
src/renderer/components/views/MonitoringView.tsx(221,80): error TS1003: Identifier expected.
src/renderer/components/views/MonitoringView.tsx(221,120): error TS1003: Identifier expected.
src/renderer/components/views/MonitoringView.tsx(221,124): error TS1128: Declaration or statement expected.
src/renderer/components/views/MonitoringView.tsx(221,131): error TS1434: Unexpected keyword or identifier.
src/renderer/components/views/MonitoringView.tsx(221,142): error TS1128: Declaration or statement expected.
src/renderer/components/views/MonitoringView.tsx(222,37): error TS1128: Declaration or statement expected.
src/renderer/components/views/MonitoringView.tsx(223,64): error TS1003: Identifier expected.
src/renderer/components/views/MonitoringView.tsx(223,74): error TS1127: Invalid character.
src/renderer/components/views/MonitoringView.tsx(223,125): error TS1005: ';' expected.
src/renderer/components/views/MonitoringView.tsx(223,136): error TS1005: ';' expected.
src/renderer/components/views/MonitoringView.tsx(224,64): error TS1003: Identifier expected.
src/renderer/components/views/MonitoringView.tsx(225,188): error TS1003: Identifier expected.
src/renderer/components/views/MonitoringView.tsx(225,217): error TS1003: Identifier expected.
src/renderer/components/views/MonitoringView.tsx(225,221): error TS1128: Declaration or statement expected.
src/renderer/components/views/MonitoringView.tsx(225,228): error TS1128: Declaration or statement expected.
src/renderer/components/views/MonitoringView.tsx(226,150): error TS1003: Identifier expected.
src/renderer/components/views/MonitoringView.tsx(226,181): error TS1003: Identifier expected.
src/renderer/components/views/MonitoringView.tsx(226,185): error TS1128: Declaration or statement expected.
src/renderer/components/views/MonitoringView.tsx(226,192): error TS1128: Declaration or statement expected.
src/renderer/components/views/MonitoringView.tsx(227,37): error TS1128: Declaration or statement expected.
src/renderer/components/views/MonitoringView.tsx(228,33): error TS1128: Declaration or statement expected.
src/renderer/components/views/MonitoringView.tsx(229,29): error TS1128: Declaration or statement expected.
src/renderer/components/views/MonitoringView.tsx(230,25): error TS1128: Declaration or statement expected.
src/renderer/components/views/MonitoringView.tsx(231,21): error TS1128: Declaration or statement expected.
src/renderer/components/views/MonitoringView.tsx(233,17): error TS1128: Declaration or statement expected.
src/renderer/components/views/MonitoringView.tsx(238,3): error TS1128: Declaration or statement expected.
src/renderer/components/views/MonitoringView.tsx(239,1): error TS1128: Declaration or statement expected.
src/renderer/components/views/PanelsView.tsx(6,51): error TS1003: Identifier expected.
src/renderer/components/views/PanelsView.tsx(8,69): error TS1003: Identifier expected.
src/renderer/components/views/PanelsView.tsx(9,55): error TS1003: Identifier expected.
src/renderer/components/views/PanelsView.tsx(9,61): error TS17002: Expected corresponding JSX closing tag for 'div'.
src/renderer/components/views/PanelsView.tsx(9,62): error TS1005: '>' expected.
src/renderer/components/views/PanelsView.tsx(9,65): error TS1005: ')' expected.
src/renderer/components/views/PanelsView.tsx(9,67): error TS1434: Unexpected keyword or identifier.
src/renderer/components/views/PanelsView.tsx(10,25): error TS1128: Declaration or statement expected.
src/renderer/components/views/PanelsView.tsx(11,21): error TS1128: Declaration or statement expected.
src/renderer/components/views/PanelsView.tsx(12,63): error TS1003: Identifier expected.
src/renderer/components/views/PanelsView.tsx(14,47): error TS1003: Identifier expected.
src/renderer/components/views/PanelsView.tsx(15,77): error TS1003: Identifier expected.
src/renderer/components/views/PanelsView.tsx(15,81): error TS1128: Declaration or statement expected.
src/renderer/components/views/PanelsView.tsx(16,56): error TS1003: Identifier expected.
src/renderer/components/views/PanelsView.tsx(17,62): error TS1003: Identifier expected.
src/renderer/components/views/PanelsView.tsx(18,81): error TS1003: Identifier expected.
src/renderer/components/views/PanelsView.tsx(18,112): error TS1003: Identifier expected.
src/renderer/components/views/PanelsView.tsx(18,116): error TS1128: Declaration or statement expected.
src/renderer/components/views/PanelsView.tsx(18,123): error TS1128: Declaration or statement expected.
src/renderer/components/views/PanelsView.tsx(19,71): error TS1003: Identifier expected.
src/renderer/components/views/PanelsView.tsx(20,68): error TS1003: Identifier expected.
src/renderer/components/views/PanelsView.tsx(20,72): error TS1434: Unexpected keyword or identifier.
src/renderer/components/views/PanelsView.tsx(20,83): error TS1434: Unexpected keyword or identifier.
src/renderer/components/views/PanelsView.tsx(20,88): error TS1128: Declaration or statement expected.
src/renderer/components/views/PanelsView.tsx(21,67): error TS1003: Identifier expected.
src/renderer/components/views/PanelsView.tsx(21,91): error TS1005: ';' expected.
src/renderer/components/views/PanelsView.tsx(22,37): error TS1128: Declaration or statement expected.
src/renderer/components/views/PanelsView.tsx(23,81): error TS1003: Identifier expected.
src/renderer/components/views/PanelsView.tsx(24,68): error TS1003: Identifier expected.
src/renderer/components/views/PanelsView.tsx(24,72): error TS1128: Declaration or statement expected.
src/renderer/components/views/PanelsView.tsx(25,37): error TS1128: Declaration or statement expected.
src/renderer/components/views/PanelsView.tsx(26,33): error TS1128: Declaration or statement expected.
src/renderer/components/views/PanelsView.tsx(27,63): error TS1003: Identifier expected.
src/renderer/components/views/PanelsView.tsx(27,67): error TS1128: Declaration or statement expected.
src/renderer/components/views/PanelsView.tsx(28,61): error TS1003: Identifier expected.
src/renderer/components/views/PanelsView.tsx(29,64): error TS1003: Identifier expected.
src/renderer/components/views/PanelsView.tsx(30,72): error TS1003: Identifier expected.
src/renderer/components/views/PanelsView.tsx(30,77): error TS1005: ';' expected.
src/renderer/components/views/PanelsView.tsx(31,74): error TS1003: Identifier expected.
src/renderer/components/views/PanelsView.tsx(31,78): error TS1434: Unexpected keyword or identifier.
src/renderer/components/views/PanelsView.tsx(31,86): error TS1128: Declaration or statement expected.
src/renderer/components/views/PanelsView.tsx(32,37): error TS1128: Declaration or statement expected.
src/renderer/components/views/PanelsView.tsx(33,64): error TS1003: Identifier expected.
src/renderer/components/views/PanelsView.tsx(34,72): error TS1003: Identifier expected.
src/renderer/components/views/PanelsView.tsx(34,79): error TS1109: Expression expected.
src/renderer/components/views/PanelsView.tsx(35,74): error TS1003: Identifier expected.
src/renderer/components/views/PanelsView.tsx(35,78): error TS1434: Unexpected keyword or identifier.
src/renderer/components/views/PanelsView.tsx(35,84): error TS1128: Declaration or statement expected.
src/renderer/components/views/PanelsView.tsx(36,37): error TS1128: Declaration or statement expected.
src/renderer/components/views/PanelsView.tsx(37,64): error TS1003: Identifier expected.
src/renderer/components/views/PanelsView.tsx(38,72): error TS1003: Identifier expected.
src/renderer/components/views/PanelsView.tsx(38,77): error TS1005: ';' expected.
src/renderer/components/views/PanelsView.tsx(38,81): error TS1005: ';' expected.
src/renderer/components/views/PanelsView.tsx(38,83): error TS1128: Declaration or statement expected.
src/renderer/components/views/PanelsView.tsx(39,74): error TS1003: Identifier expected.
src/renderer/components/views/PanelsView.tsx(39,78): error TS1434: Unexpected keyword or identifier.
src/renderer/components/views/PanelsView.tsx(39,83): error TS1435: Unknown keyword or identifier. Did you mean 'async'?
src/renderer/components/views/PanelsView.tsx(39,87): error TS1128: Declaration or statement expected.
src/renderer/components/views/PanelsView.tsx(40,37): error TS1128: Declaration or statement expected.
src/renderer/components/views/PanelsView.tsx(41,33): error TS1128: Declaration or statement expected.
src/renderer/components/views/PanelsView.tsx(42,63): error TS1003: Identifier expected.
src/renderer/components/views/PanelsView.tsx(42,67): error TS1128: Declaration or statement expected.
src/renderer/components/views/PanelsView.tsx(43,60): error TS1003: Identifier expected.
src/renderer/components/views/PanelsView.tsx(44,70): error TS1003: Identifier expected.
src/renderer/components/views/PanelsView.tsx(44,107): error TS1003: Identifier expected.
src/renderer/components/views/PanelsView.tsx(44,111): error TS1128: Declaration or statement expected.
src/renderer/components/views/PanelsView.tsx(44,119): error TS1434: Unexpected keyword or identifier.
src/renderer/components/views/PanelsView.tsx(44,124): error TS1128: Declaration or statement expected.
src/renderer/components/views/PanelsView.tsx(45,70): error TS1003: Identifier expected.
src/renderer/components/views/PanelsView.tsx(45,101): error TS1003: Identifier expected.
src/renderer/components/views/PanelsView.tsx(45,105): error TS1128: Declaration or statement expected.
src/renderer/components/views/PanelsView.tsx(45,123): error TS1005: ';' expected.
src/renderer/components/views/PanelsView.tsx(46,70): error TS1003: Identifier expected.
src/renderer/components/views/PanelsView.tsx(46,140): error TS1003: Identifier expected.
src/renderer/components/views/PanelsView.tsx(46,144): error TS1128: Declaration or statement expected.
src/renderer/components/views/PanelsView.tsx(46,154): error TS1005: ';' expected.
src/renderer/components/views/PanelsView.tsx(46,163): error TS1128: Declaration or statement expected.
src/renderer/components/views/PanelsView.tsx(47,33): error TS1128: Declaration or statement expected.
src/renderer/components/views/PanelsView.tsx(48,62): error TS1003: Identifier expected.
src/renderer/components/views/PanelsView.tsx(49,71): error TS1003: Identifier expected.
src/renderer/components/views/PanelsView.tsx(50,73): error TS1005: '>' expected.
src/renderer/components/views/PanelsView.tsx(51,72): error TS1003: Identifier expected.
src/renderer/components/views/PanelsView.tsx(51,76): error TS1128: Declaration or statement expected.
src/renderer/components/views/PanelsView.tsx(52,37): error TS1128: Declaration or statement expected.
src/renderer/components/views/PanelsView.tsx(53,81): error TS1003: Identifier expected.
src/renderer/components/views/PanelsView.tsx(54,127): error TS1003: Identifier expected.
src/renderer/components/views/PanelsView.tsx(54,157): error TS1003: Identifier expected.
src/renderer/components/views/PanelsView.tsx(54,161): error TS1128: Declaration or statement expected.
src/renderer/components/views/PanelsView.tsx(54,168): error TS1128: Declaration or statement expected.
src/renderer/components/views/PanelsView.tsx(55,189): error TS1003: Identifier expected.
src/renderer/components/views/PanelsView.tsx(55,220): error TS1003: Identifier expected.
src/renderer/components/views/PanelsView.tsx(55,224): error TS1128: Declaration or statement expected.
src/renderer/components/views/PanelsView.tsx(55,231): error TS1128: Declaration or statement expected.
src/renderer/components/views/PanelsView.tsx(56,37): error TS1128: Declaration or statement expected.
src/renderer/components/views/PanelsView.tsx(57,33): error TS1128: Declaration or statement expected.
src/renderer/components/views/PanelsView.tsx(58,29): error TS1128: Declaration or statement expected.
src/renderer/components/views/PanelsView.tsx(59,25): error TS1128: Declaration or statement expected.
src/renderer/components/views/PanelsView.tsx(61,47): error TS1003: Identifier expected.
src/renderer/components/views/PanelsView.tsx(62,77): error TS1003: Identifier expected.
src/renderer/components/views/PanelsView.tsx(62,81): error TS1128: Declaration or statement expected.
src/renderer/components/views/PanelsView.tsx(63,56): error TS1003: Identifier expected.
src/renderer/components/views/PanelsView.tsx(64,62): error TS1003: Identifier expected.
src/renderer/components/views/PanelsView.tsx(65,81): error TS1003: Identifier expected.
src/renderer/components/views/PanelsView.tsx(65,113): error TS1003: Identifier expected.
src/renderer/components/views/PanelsView.tsx(65,117): error TS1128: Declaration or statement expected.
src/renderer/components/views/PanelsView.tsx(65,124): error TS1128: Declaration or statement expected.
src/renderer/components/views/PanelsView.tsx(66,71): error TS1003: Identifier expected.
src/renderer/components/views/PanelsView.tsx(67,68): error TS1003: Identifier expected.
src/renderer/components/views/PanelsView.tsx(67,72): error TS1434: Unexpected keyword or identifier.
src/renderer/components/views/PanelsView.tsx(67,79): error TS1434: Unexpected keyword or identifier.
src/renderer/components/views/PanelsView.tsx(67,85): error TS1128: Declaration or statement expected.
src/renderer/components/views/PanelsView.tsx(68,67): error TS1003: Identifier expected.
src/renderer/components/views/PanelsView.tsx(68,89): error TS1005: ';' expected.
src/renderer/components/views/PanelsView.tsx(69,37): error TS1128: Declaration or statement expected.
src/renderer/components/views/PanelsView.tsx(70,84): error TS1003: Identifier expected.
src/renderer/components/views/PanelsView.tsx(71,68): error TS1003: Identifier expected.
src/renderer/components/views/PanelsView.tsx(71,72): error TS1128: Declaration or statement expected.
src/renderer/components/views/PanelsView.tsx(72,37): error TS1128: Declaration or statement expected.
src/renderer/components/views/PanelsView.tsx(73,33): error TS1128: Declaration or statement expected.
src/renderer/components/views/PanelsView.tsx(74,63): error TS1003: Identifier expected.
src/renderer/components/views/PanelsView.tsx(74,67): error TS1128: Declaration or statement expected.
src/renderer/components/views/PanelsView.tsx(75,61): error TS1003: Identifier expected.
src/renderer/components/views/PanelsView.tsx(76,64): error TS1003: Identifier expected.
src/renderer/components/views/PanelsView.tsx(77,72): error TS1003: Identifier expected.
src/renderer/components/views/PanelsView.tsx(77,77): error TS1005: ';' expected.
src/renderer/components/views/PanelsView.tsx(78,74): error TS1003: Identifier expected.
src/renderer/components/views/PanelsView.tsx(78,78): error TS1434: Unexpected keyword or identifier.
src/renderer/components/views/PanelsView.tsx(78,86): error TS1128: Declaration or statement expected.
src/renderer/components/views/PanelsView.tsx(79,37): error TS1128: Declaration or statement expected.
src/renderer/components/views/PanelsView.tsx(80,64): error TS1003: Identifier expected.
src/renderer/components/views/PanelsView.tsx(81,72): error TS1003: Identifier expected.
src/renderer/components/views/PanelsView.tsx(81,80): error TS1109: Expression expected.
src/renderer/components/views/PanelsView.tsx(82,74): error TS1003: Identifier expected.
src/renderer/components/views/PanelsView.tsx(82,78): error TS1434: Unexpected keyword or identifier.
src/renderer/components/views/PanelsView.tsx(82,84): error TS1128: Declaration or statement expected.
src/renderer/components/views/PanelsView.tsx(83,37): error TS1128: Declaration or statement expected.
src/renderer/components/views/PanelsView.tsx(84,64): error TS1003: Identifier expected.
src/renderer/components/views/PanelsView.tsx(85,72): error TS1003: Identifier expected.
src/renderer/components/views/PanelsView.tsx(85,76): error TS1434: Unexpected keyword or identifier.
src/renderer/components/views/PanelsView.tsx(85,85): error TS1128: Declaration or statement expected.
src/renderer/components/views/PanelsView.tsx(86,74): error TS1003: Identifier expected.
src/renderer/components/views/PanelsView.tsx(86,78): error TS1434: Unexpected keyword or identifier.
src/renderer/components/views/PanelsView.tsx(86,83): error TS1435: Unknown keyword or identifier. Did you mean 'async'?
src/renderer/components/views/PanelsView.tsx(86,87): error TS1128: Declaration or statement expected.
src/renderer/components/views/PanelsView.tsx(87,37): error TS1128: Declaration or statement expected.
src/renderer/components/views/PanelsView.tsx(88,33): error TS1128: Declaration or statement expected.
src/renderer/components/views/PanelsView.tsx(89,63): error TS1003: Identifier expected.
src/renderer/components/views/PanelsView.tsx(89,67): error TS1128: Declaration or statement expected.
src/renderer/components/views/PanelsView.tsx(90,60): error TS1003: Identifier expected.
src/renderer/components/views/PanelsView.tsx(91,70): error TS1003: Identifier expected.
src/renderer/components/views/PanelsView.tsx(91,107): error TS1003: Identifier expected.
src/renderer/components/views/PanelsView.tsx(91,111): error TS1128: Declaration or statement expected.
src/renderer/components/views/PanelsView.tsx(91,119): error TS1434: Unexpected keyword or identifier.
src/renderer/components/views/PanelsView.tsx(91,123): error TS1128: Declaration or statement expected.
src/renderer/components/views/PanelsView.tsx(92,70): error TS1003: Identifier expected.
src/renderer/components/views/PanelsView.tsx(92,101): error TS1003: Identifier expected.
src/renderer/components/views/PanelsView.tsx(92,105): error TS1128: Declaration or statement expected.
src/renderer/components/views/PanelsView.tsx(92,119): error TS1005: ';' expected.
src/renderer/components/views/PanelsView.tsx(93,70): error TS1003: Identifier expected.
src/renderer/components/views/PanelsView.tsx(93,145): error TS1003: Identifier expected.
src/renderer/components/views/PanelsView.tsx(93,149): error TS1128: Declaration or statement expected.
src/renderer/components/views/PanelsView.tsx(93,159): error TS1005: ';' expected.
src/renderer/components/views/PanelsView.tsx(93,167): error TS1434: Unexpected keyword or identifier.
src/renderer/components/views/PanelsView.tsx(93,172): error TS1128: Declaration or statement expected.
src/renderer/components/views/PanelsView.tsx(94,33): error TS1128: Declaration or statement expected.
src/renderer/components/views/PanelsView.tsx(95,62): error TS1003: Identifier expected.
src/renderer/components/views/PanelsView.tsx(96,71): error TS1003: Identifier expected.
src/renderer/components/views/PanelsView.tsx(97,65): error TS1005: '>' expected.
src/renderer/components/views/PanelsView.tsx(98,72): error TS1003: Identifier expected.
src/renderer/components/views/PanelsView.tsx(98,76): error TS1128: Declaration or statement expected.
src/renderer/components/views/PanelsView.tsx(99,37): error TS1128: Declaration or statement expected.
src/renderer/components/views/PanelsView.tsx(100,81): error TS1003: Identifier expected.
src/renderer/components/views/PanelsView.tsx(101,127): error TS1003: Identifier expected.
src/renderer/components/views/PanelsView.tsx(101,157): error TS1003: Identifier expected.
src/renderer/components/views/PanelsView.tsx(101,161): error TS1128: Declaration or statement expected.
src/renderer/components/views/PanelsView.tsx(101,168): error TS1128: Declaration or statement expected.
src/renderer/components/views/PanelsView.tsx(102,189): error TS1003: Identifier expected.
src/renderer/components/views/PanelsView.tsx(102,220): error TS1003: Identifier expected.
src/renderer/components/views/PanelsView.tsx(102,224): error TS1128: Declaration or statement expected.
src/renderer/components/views/PanelsView.tsx(102,231): error TS1128: Declaration or statement expected.
src/renderer/components/views/PanelsView.tsx(103,37): error TS1128: Declaration or statement expected.
src/renderer/components/views/PanelsView.tsx(104,33): error TS1128: Declaration or statement expected.
src/renderer/components/views/PanelsView.tsx(105,29): error TS1128: Declaration or statement expected.
src/renderer/components/views/PanelsView.tsx(106,25): error TS1128: Declaration or statement expected.
src/renderer/components/views/PanelsView.tsx(108,21): error TS1128: Declaration or statement expected.
src/renderer/components/views/PanelsView.tsx(109,17): error TS1128: Declaration or statement expected.
src/renderer/components/views/PanelsView.tsx(113,3): error TS1128: Declaration or statement expected.
src/renderer/components/views/PanelsView.tsx(114,1): error TS1128: Declaration or statement expected.
src/renderer/components/views/SearchView.tsx(6,51): error TS1003: Identifier expected.
src/renderer/components/views/SearchView.tsx(7,66): error TS1003: Identifier expected.
src/renderer/components/views/SearchView.tsx(8,60): error TS1003: Identifier expected.
src/renderer/components/views/SearchView.tsx(8,95): error TS1003: Identifier expected.
src/renderer/components/views/SearchView.tsx(8,156): error TS1003: Identifier expected.
src/renderer/components/views/SearchView.tsx(8,162): error TS17002: Expected corresponding JSX closing tag for 'div'.
src/renderer/components/views/SearchView.tsx(8,163): error TS1005: '>' expected.
src/renderer/components/views/SearchView.tsx(8,166): error TS1005: ')' expected.
src/renderer/components/views/SearchView.tsx(8,168): error TS1434: Unexpected keyword or identifier.
src/renderer/components/views/SearchView.tsx(8,175): error TS1434: Unexpected keyword or identifier.
src/renderer/components/views/SearchView.tsx(8,185): error TS1128: Declaration or statement expected.
src/renderer/components/views/SearchView.tsx(8,195): error TS1128: Declaration or statement expected.
src/renderer/components/views/SearchView.tsx(9,56): error TS1003: Identifier expected.
src/renderer/components/views/SearchView.tsx(10,62): error TS1003: Identifier expected.
src/renderer/components/views/SearchView.tsx(10,66): error TS1434: Unexpected keyword or identifier.
src/renderer/components/views/SearchView.tsx(10,74): error TS1434: Unexpected keyword or identifier.
src/renderer/components/views/SearchView.tsx(10,77): error TS1434: Unexpected keyword or identifier.
src/renderer/components/views/SearchView.tsx(10,83): error TS1128: Declaration or statement expected.
src/renderer/components/views/SearchView.tsx(11,110): error TS1003: Identifier expected.
src/renderer/components/views/SearchView.tsx(12,53): error TS1003: Identifier expected.
src/renderer/components/views/SearchView.tsx(12,57): error TS1434: Unexpected keyword or identifier.
src/renderer/components/views/SearchView.tsx(12,64): error TS1434: Unexpected keyword or identifier.
src/renderer/components/views/SearchView.tsx(12,67): error TS1434: Unexpected keyword or identifier.
src/renderer/components/views/SearchView.tsx(12,74): error TS1128: Declaration or statement expected.
src/renderer/components/views/SearchView.tsx(12,77): error TS1128: Declaration or statement expected.
src/renderer/components/views/SearchView.tsx(13,71): error TS1003: Identifier expected.
src/renderer/components/views/SearchView.tsx(13,82): error TS1003: Identifier expected.
src/renderer/components/views/SearchView.tsx(13,94): error TS1005: ';' expected.
src/renderer/components/views/SearchView.tsx(13,106): error TS1146: Declaration expected.
src/renderer/components/views/SearchView.tsx(13,125): error TS1003: Identifier expected.
src/renderer/components/views/SearchView.tsx(13,141): error TS1005: ';' expected.
src/renderer/components/views/SearchView.tsx(13,156): error TS1146: Declaration expected.
src/renderer/components/views/SearchView.tsx(13,175): error TS1003: Identifier expected.
src/renderer/components/views/SearchView.tsx(13,190): error TS1005: ';' expected.
src/renderer/components/views/SearchView.tsx(13,201): error TS1146: Declaration expected.
src/renderer/components/views/SearchView.tsx(13,213): error TS1128: Declaration or statement expected.
src/renderer/components/views/SearchView.tsx(14,67): error TS1003: Identifier expected.
src/renderer/components/views/SearchView.tsx(14,78): error TS1003: Identifier expected.
src/renderer/components/views/SearchView.tsx(14,93): error TS1005: ';' expected.
src/renderer/components/views/SearchView.tsx(14,106): error TS1146: Declaration expected.
src/renderer/components/views/SearchView.tsx(14,125): error TS1003: Identifier expected.
src/renderer/components/views/SearchView.tsx(14,138): error TS1005: ';' expected.
src/renderer/components/views/SearchView.tsx(14,147): error TS1146: Declaration expected.
src/renderer/components/views/SearchView.tsx(14,159): error TS1128: Declaration or statement expected.
src/renderer/components/views/SearchView.tsx(15,33): error TS1128: Declaration or statement expected.
src/renderer/components/views/SearchView.tsx(16,90): error TS1003: Identifier expected.
src/renderer/components/views/SearchView.tsx(16,213): error TS1003: Identifier expected.
src/renderer/components/views/SearchView.tsx(16,243): error TS1003: Identifier expected.
src/renderer/components/views/SearchView.tsx(16,247): error TS1128: Declaration or statement expected.
src/renderer/components/views/SearchView.tsx(16,255): error TS1434: Unexpected keyword or identifier.
src/renderer/components/views/SearchView.tsx(16,259): error TS1434: Unexpected keyword or identifier.
src/renderer/components/views/SearchView.tsx(16,262): error TS1434: Unexpected keyword or identifier.
src/renderer/components/views/SearchView.tsx(16,267): error TS1128: Declaration or statement expected.
src/renderer/components/views/SearchView.tsx(16,279): error TS1128: Declaration or statement expected.
src/renderer/components/views/SearchView.tsx(17,29): error TS1128: Declaration or statement expected.
src/renderer/components/views/SearchView.tsx(18,133): error TS1003: Identifier expected.
src/renderer/components/views/SearchView.tsx(19,272): error TS1003: Identifier expected.
src/renderer/components/views/SearchView.tsx(19,281): error TS1003: Identifier expected.
src/renderer/components/views/SearchView.tsx(19,294): error TS1005: ',' expected.
src/renderer/components/views/SearchView.tsx(19,297): error TS1005: ',' expected.
src/renderer/components/views/SearchView.tsx(19,299): error TS1005: ',' expected.
src/renderer/components/views/SearchView.tsx(19,304): error TS1005: ';' expected.
src/renderer/components/views/SearchView.tsx(19,452): error TS1003: Identifier expected.
src/renderer/components/views/SearchView.tsx(19,456): error TS1434: Unexpected keyword or identifier.
src/renderer/components/views/SearchView.tsx(19,461): error TS1128: Declaration or statement expected.
src/renderer/components/views/SearchView.tsx(19,473): error TS1128: Declaration or statement expected.
src/renderer/components/views/SearchView.tsx(20,67): error TS1003: Identifier expected.
src/renderer/components/views/SearchView.tsx(20,107): error TS1003: Identifier expected.
src/renderer/components/views/SearchView.tsx(20,111): error TS1434: Unexpected keyword or identifier.
src/renderer/components/views/SearchView.tsx(20,117): error TS1128: Declaration or statement expected.
src/renderer/components/views/SearchView.tsx(20,136): error TS1005: ';' expected.
src/renderer/components/views/SearchView.tsx(20,148): error TS1146: Declaration expected.
src/renderer/components/views/SearchView.tsx(21,67): error TS1003: Identifier expected.
src/renderer/components/views/SearchView.tsx(21,107): error TS1003: Identifier expected.
src/renderer/components/views/SearchView.tsx(21,111): error TS1434: Unexpected keyword or identifier.
src/renderer/components/views/SearchView.tsx(21,117): error TS1128: Declaration or statement expected.
src/renderer/components/views/SearchView.tsx(21,139): error TS1005: ';' expected.
src/renderer/components/views/SearchView.tsx(21,152): error TS1146: Declaration expected.
src/renderer/components/views/SearchView.tsx(22,29): error TS1128: Declaration or statement expected.
src/renderer/components/views/SearchView.tsx(23,56): error TS1003: Identifier expected.
src/renderer/components/views/SearchView.tsx(24,62): error TS1003: Identifier expected.
src/renderer/components/views/SearchView.tsx(24,66): error TS1434: Unexpected keyword or identifier.
src/renderer/components/views/SearchView.tsx(24,73): error TS1128: Declaration or statement expected.
src/renderer/components/views/SearchView.tsx(25,85): error TS1003: Identifier expected.
src/renderer/components/views/SearchView.tsx(25,108): error TS1003: Identifier expected.
src/renderer/components/views/SearchView.tsx(25,112): error TS1434: Unexpected keyword or identifier.
src/renderer/components/views/SearchView.tsx(25,119): error TS1434: Unexpected keyword or identifier.
src/renderer/components/views/SearchView.tsx(25,126): error TS1128: Declaration or statement expected.
src/renderer/components/views/SearchView.tsx(25,168): error TS1003: Identifier expected.
src/renderer/components/views/SearchView.tsx(25,172): error TS1434: Unexpected keyword or identifier.
src/renderer/components/views/SearchView.tsx(25,177): error TS1128: Declaration or statement expected.
src/renderer/components/views/SearchView.tsx(25,209): error TS1003: Identifier expected.
src/renderer/components/views/SearchView.tsx(25,213): error TS1435: Unknown keyword or identifier. Did you mean 'set'?
src/renderer/components/views/SearchView.tsx(25,217): error TS1128: Declaration or statement expected.
src/renderer/components/views/SearchView.tsx(25,251): error TS1003: Identifier expected.
src/renderer/components/views/SearchView.tsx(25,255): error TS1434: Unexpected keyword or identifier.
src/renderer/components/views/SearchView.tsx(25,261): error TS1128: Declaration or statement expected.
src/renderer/components/views/SearchView.tsx(25,273): error TS1128: Declaration or statement expected.
src/renderer/components/views/SearchView.tsx(26,29): error TS1128: Declaration or statement expected.
src/renderer/components/views/SearchView.tsx(27,56): error TS1003: Identifier expected.
src/renderer/components/views/SearchView.tsx(28,62): error TS1003: Identifier expected.
src/renderer/components/views/SearchView.tsx(28,66): error TS1434: Unexpected keyword or identifier.
src/renderer/components/views/SearchView.tsx(28,74): error TS1128: Declaration or statement expected.
src/renderer/components/views/SearchView.tsx(29,118): error TS1003: Identifier expected.
src/renderer/components/views/SearchView.tsx(29,122): error TS1128: Declaration or statement expected.
src/renderer/components/views/SearchView.tsx(30,61): error TS1003: Identifier expected.
src/renderer/components/views/SearchView.tsx(30,91): error TS1005: ';' expected.
src/renderer/components/views/SearchView.tsx(30,99): error TS1434: Unexpected keyword or identifier.
src/renderer/components/views/SearchView.tsx(30,108): error TS1003: Identifier expected.
src/renderer/components/views/SearchView.tsx(31,29): error TS1128: Declaration or statement expected.
src/renderer/components/views/SearchView.tsx(32,56): error TS1003: Identifier expected.
src/renderer/components/views/SearchView.tsx(32,89): error TS1003: Identifier expected.
src/renderer/components/views/SearchView.tsx(32,93): error TS1434: Unexpected keyword or identifier.
src/renderer/components/views/SearchView.tsx(32,98): error TS1435: Unknown keyword or identifier. Did you mean 'from'?
src/renderer/components/views/SearchView.tsx(32,102): error TS1128: Declaration or statement expected.
src/renderer/components/views/SearchView.tsx(32,182): error TS1005: '>' expected.
src/renderer/components/views/SearchView.tsx(32,186): error TS1128: Declaration or statement expected.
src/renderer/components/views/SearchView.tsx(33,56): error TS1003: Identifier expected.
src/renderer/components/views/SearchView.tsx(33,89): error TS1003: Identifier expected.
src/renderer/components/views/SearchView.tsx(33,93): error TS1434: Unexpected keyword or identifier.
src/renderer/components/views/SearchView.tsx(33,98): error TS1434: Unexpected keyword or identifier.
src/renderer/components/views/SearchView.tsx(33,100): error TS1128: Declaration or statement expected.
src/renderer/components/views/SearchView.tsx(33,180): error TS1005: '>' expected.
src/renderer/components/views/SearchView.tsx(33,184): error TS1128: Declaration or statement expected.
src/renderer/components/views/SearchView.tsx(34,56): error TS1003: Identifier expected.
src/renderer/components/views/SearchView.tsx(34,89): error TS1003: Identifier expected.
src/renderer/components/views/SearchView.tsx(34,93): error TS1434: Unexpected keyword or identifier.
src/renderer/components/views/SearchView.tsx(34,100): error TS1434: Unexpected keyword or identifier.
src/renderer/components/views/SearchView.tsx(34,106): error TS1128: Declaration or statement expected.
src/renderer/components/views/SearchView.tsx(34,203): error TS1005: '>' expected.
src/renderer/components/views/SearchView.tsx(34,242): error TS1005: '>' expected.
src/renderer/components/views/SearchView.tsx(34,246): error TS1434: Unexpected keyword or identifier.
src/renderer/components/views/SearchView.tsx(34,254): error TS1435: Unknown keyword or identifier. Did you mean 'catch'?
src/renderer/components/views/SearchView.tsx(34,260): error TS1434: Unexpected keyword or identifier.
src/renderer/components/views/SearchView.tsx(34,263): error TS1434: Unexpected keyword or identifier.
src/renderer/components/views/SearchView.tsx(34,278): error TS1003: Identifier expected.
src/renderer/components/views/SearchView.tsx(34,287): error TS1128: Declaration or statement expected.
src/renderer/components/views/SearchView.tsx(35,89): error TS1003: Identifier expected.
src/renderer/components/views/SearchView.tsx(35,123): error TS1003: Identifier expected.
src/renderer/components/views/SearchView.tsx(35,127): error TS1434: Unexpected keyword or identifier.
src/renderer/components/views/SearchView.tsx(35,134): error TS1434: Unexpected keyword or identifier.
src/renderer/components/views/SearchView.tsx(35,142): error TS1434: Unexpected keyword or identifier.
src/renderer/components/views/SearchView.tsx(35,146): error TS1434: Unexpected keyword or identifier.
src/renderer/components/views/SearchView.tsx(35,154): error TS1128: Declaration or statement expected.
src/renderer/components/views/SearchView.tsx(35,187): error TS1003: Identifier expected.
src/renderer/components/views/SearchView.tsx(35,219): error TS1003: Identifier expected.
src/renderer/components/views/SearchView.tsx(35,223): error TS1128: Declaration or statement expected.
src/renderer/components/views/SearchView.tsx(35,232): error TS1128: Declaration or statement expected.
src/renderer/components/views/SearchView.tsx(35,241): error TS1128: Declaration or statement expected.
src/renderer/components/views/SearchView.tsx(36,181): error TS1003: Identifier expected.
src/renderer/components/views/SearchView.tsx(36,211): error TS1003: Identifier expected.
src/renderer/components/views/SearchView.tsx(36,215): error TS1128: Declaration or statement expected.
src/renderer/components/views/SearchView.tsx(36,223): error TS1434: Unexpected keyword or identifier.
src/renderer/components/views/SearchView.tsx(36,229): error TS1434: Unexpected keyword or identifier.
src/renderer/components/views/SearchView.tsx(36,235): error TS1128: Declaration or statement expected.
src/renderer/components/views/SearchView.tsx(37,25): error TS1128: Declaration or statement expected.
src/renderer/components/views/SearchView.tsx(38,29): error TS1003: Identifier expected.
src/renderer/components/views/SearchView.tsx(39,237): error TS1003: Identifier expected.
src/renderer/components/views/SearchView.tsx(39,255): error TS1005: ';' expected.
src/renderer/components/views/SearchView.tsx(39,262): error TS1136: Property assignment expected.
src/renderer/components/views/SearchView.tsx(39,282): error TS1128: Declaration or statement expected.
src/renderer/components/views/SearchView.tsx(39,283): error TS1109: Expression expected.
src/renderer/components/views/SearchView.tsx(39,289): error TS1005: ';' expected.
src/renderer/components/views/SearchView.tsx(39,296): error TS1128: Declaration or statement expected.
src/renderer/components/views/SearchView.tsx(39,324): error TS1005: ';' expected.
src/renderer/components/views/SearchView.tsx(39,331): error TS1136: Property assignment expected.
src/renderer/components/views/SearchView.tsx(39,351): error TS1128: Declaration or statement expected.
src/renderer/components/views/SearchView.tsx(39,352): error TS1109: Expression expected.
src/renderer/components/views/SearchView.tsx(39,358): error TS1005: ';' expected.
src/renderer/components/views/SearchView.tsx(39,366): error TS1128: Declaration or statement expected.
src/renderer/components/views/SearchView.tsx(39,379): error TS1109: Expression expected.
src/renderer/components/views/SearchView.tsx(39,440): error TS1003: Identifier expected.
src/renderer/components/views/SearchView.tsx(39,444): error TS1434: Unexpected keyword or identifier.
src/renderer/components/views/SearchView.tsx(39,453): error TS1435: Unknown keyword or identifier. Did you mean 'set'?
src/renderer/components/views/SearchView.tsx(39,461): error TS1005: '(' expected.
src/renderer/components/views/SearchView.tsx(39,468): error TS1005: ')' expected.
src/renderer/components/views/SearchView.tsx(39,471): error TS1434: Unexpected keyword or identifier.
src/renderer/components/views/SearchView.tsx(39,473): error TS1128: Declaration or statement expected.
src/renderer/components/views/SearchView.tsx(39,483): error TS1128: Declaration or statement expected.
src/renderer/components/views/SearchView.tsx(40,98): error TS1003: Identifier expected.
src/renderer/components/views/SearchView.tsx(41,64): error TS1003: Identifier expected.
src/renderer/components/views/SearchView.tsx(42,70): error TS1003: Identifier expected.
src/renderer/components/views/SearchView.tsx(42,98): error TS1003: Identifier expected.
src/renderer/components/views/SearchView.tsx(42,102): error TS1434: Unexpected keyword or identifier.
src/renderer/components/views/SearchView.tsx(42,106): error TS1128: Declaration or statement expected.
src/renderer/components/views/SearchView.tsx(42,142): error TS1003: Identifier expected.
src/renderer/components/views/SearchView.tsx(42,146): error TS1434: Unexpected keyword or identifier.
src/renderer/components/views/SearchView.tsx(42,153): error TS1128: Declaration or statement expected.
src/renderer/components/views/SearchView.tsx(42,187): error TS1003: Identifier expected.
src/renderer/components/views/SearchView.tsx(42,191): error TS1434: Unexpected keyword or identifier.
src/renderer/components/views/SearchView.tsx(42,197): error TS1128: Declaration or statement expected.
src/renderer/components/views/SearchView.tsx(42,233): error TS1003: Identifier expected.
src/renderer/components/views/SearchView.tsx(42,252): error TS1005: ';' expected.
src/renderer/components/views/SearchView.tsx(42,288): error TS1003: Identifier expected.
src/renderer/components/views/SearchView.tsx(42,292): error TS1434: Unexpected keyword or identifier.
src/renderer/components/views/SearchView.tsx(42,296): error TS1128: Declaration or statement expected.
src/renderer/components/views/SearchView.tsx(42,305): error TS1128: Declaration or statement expected.
src/renderer/components/views/SearchView.tsx(43,60): error TS1003: Identifier expected.
src/renderer/components/views/SearchView.tsx(43,88): error TS1003: Identifier expected.
src/renderer/components/views/SearchView.tsx(43,92): error TS1434: Unexpected keyword or identifier.
src/renderer/components/views/SearchView.tsx(43,98): error TS1005: ';' expected.
src/renderer/components/views/SearchView.tsx(43,134): error TS1003: Identifier expected.
src/renderer/components/views/SearchView.tsx(43,146): error TS1005: ';' expected.
src/renderer/components/views/SearchView.tsx(43,158): error TS1146: Declaration expected.
src/renderer/components/views/SearchView.tsx(43,258): error TS1003: Identifier expected.
src/renderer/components/views/SearchView.tsx(43,262): error TS1434: Unexpected keyword or identifier.
src/renderer/components/views/SearchView.tsx(43,267): error TS1128: Declaration or statement expected.
src/renderer/components/views/SearchView.tsx(43,303): error TS1003: Identifier expected.
src/renderer/components/views/SearchView.tsx(43,355): error TS1434: Unexpected keyword or identifier.
src/renderer/components/views/SearchView.tsx(43,373): error TS1146: Declaration expected.
src/renderer/components/views/SearchView.tsx(43,374): error TS1109: Expression expected.
src/renderer/components/views/SearchView.tsx(43,399): error TS1003: Identifier expected.
src/renderer/components/views/SearchView.tsx(43,412): error TS1005: ';' expected.
src/renderer/components/views/SearchView.tsx(43,424): error TS1128: Declaration or statement expected.
src/renderer/components/views/SearchView.tsx(43,460): error TS1003: Identifier expected.
src/renderer/components/views/SearchView.tsx(43,561): error TS1003: Identifier expected.
src/renderer/components/views/SearchView.tsx(43,590): error TS1003: Identifier expected.
src/renderer/components/views/SearchView.tsx(43,594): error TS1128: Declaration or statement expected.
src/renderer/components/views/SearchView.tsx(43,601): error TS1128: Declaration or statement expected.
src/renderer/components/views/SearchView.tsx(43,613): error TS1128: Declaration or statement expected.
src/renderer/components/views/SearchView.tsx(43,622): error TS1128: Declaration or statement expected.
src/renderer/components/views/SearchView.tsx(44,60): error TS1003: Identifier expected.
src/renderer/components/views/SearchView.tsx(44,88): error TS1003: Identifier expected.
src/renderer/components/views/SearchView.tsx(44,92): error TS1434: Unexpected keyword or identifier.
src/renderer/components/views/SearchView.tsx(44,98): error TS1005: ';' expected.
src/renderer/components/views/SearchView.tsx(44,134): error TS1003: Identifier expected.
src/renderer/components/views/SearchView.tsx(44,149): error TS1005: ';' expected.
src/renderer/components/views/SearchView.tsx(44,162): error TS1146: Declaration expected.
src/renderer/components/views/SearchView.tsx(44,262): error TS1003: Identifier expected.
src/renderer/components/views/SearchView.tsx(44,266): error TS1434: Unexpected keyword or identifier.
src/renderer/components/views/SearchView.tsx(44,271): error TS1128: Declaration or statement expected.
src/renderer/components/views/SearchView.tsx(44,307): error TS1003: Identifier expected.
src/renderer/components/views/SearchView.tsx(44,352): error TS1434: Unexpected keyword or identifier.
src/renderer/components/views/SearchView.tsx(44,368): error TS1146: Declaration expected.
src/renderer/components/views/SearchView.tsx(44,369): error TS1109: Expression expected.
src/renderer/components/views/SearchView.tsx(44,394): error TS1003: Identifier expected.
src/renderer/components/views/SearchView.tsx(44,407): error TS1005: ';' expected.
src/renderer/components/views/SearchView.tsx(44,419): error TS1128: Declaration or statement expected.
src/renderer/components/views/SearchView.tsx(44,455): error TS1003: Identifier expected.
src/renderer/components/views/SearchView.tsx(44,556): error TS1003: Identifier expected.
src/renderer/components/views/SearchView.tsx(44,585): error TS1003: Identifier expected.
src/renderer/components/views/SearchView.tsx(44,589): error TS1128: Declaration or statement expected.
src/renderer/components/views/SearchView.tsx(44,596): error TS1128: Declaration or statement expected.
src/renderer/components/views/SearchView.tsx(44,608): error TS1128: Declaration or statement expected.
src/renderer/components/views/SearchView.tsx(44,617): error TS1128: Declaration or statement expected.
src/renderer/components/views/SearchView.tsx(45,60): error TS1003: Identifier expected.
src/renderer/components/views/SearchView.tsx(45,88): error TS1003: Identifier expected.
src/renderer/components/views/SearchView.tsx(45,92): error TS1434: Unexpected keyword or identifier.
src/renderer/components/views/SearchView.tsx(45,98): error TS1005: ';' expected.
src/renderer/components/views/SearchView.tsx(45,134): error TS1003: Identifier expected.
src/renderer/components/views/SearchView.tsx(45,149): error TS1005: ';' expected.
src/renderer/components/views/SearchView.tsx(45,162): error TS1146: Declaration expected.
src/renderer/components/views/SearchView.tsx(45,262): error TS1003: Identifier expected.
src/renderer/components/views/SearchView.tsx(45,266): error TS1435: Unknown keyword or identifier. Did you mean 'set'?
src/renderer/components/views/SearchView.tsx(45,270): error TS1128: Declaration or statement expected.
src/renderer/components/views/SearchView.tsx(45,306): error TS1003: Identifier expected.
src/renderer/components/views/SearchView.tsx(45,343): error TS1434: Unexpected keyword or identifier.
src/renderer/components/views/SearchView.tsx(45,362): error TS1146: Declaration expected.
src/renderer/components/views/SearchView.tsx(45,363): error TS1109: Expression expected.
src/renderer/components/views/SearchView.tsx(45,388): error TS1003: Identifier expected.
src/renderer/components/views/SearchView.tsx(45,398): error TS1005: ';' expected.
src/renderer/components/views/SearchView.tsx(45,410): error TS1128: Declaration or statement expected.
src/renderer/components/views/SearchView.tsx(45,446): error TS1003: Identifier expected.
src/renderer/components/views/SearchView.tsx(45,547): error TS1003: Identifier expected.
src/renderer/components/views/SearchView.tsx(45,576): error TS1003: Identifier expected.
src/renderer/components/views/SearchView.tsx(45,580): error TS1128: Declaration or statement expected.
src/renderer/components/views/SearchView.tsx(45,587): error TS1128: Declaration or statement expected.
src/renderer/components/views/SearchView.tsx(45,599): error TS1128: Declaration or statement expected.
src/renderer/components/views/SearchView.tsx(45,608): error TS1128: Declaration or statement expected.
src/renderer/components/views/SearchView.tsx(46,33): error TS1128: Declaration or statement expected.
src/renderer/components/views/SearchView.tsx(47,29): error TS1128: Declaration or statement expected.
src/renderer/components/views/SearchView.tsx(48,25): error TS1128: Declaration or statement expected.
src/renderer/components/views/SearchView.tsx(49,21): error TS1128: Declaration or statement expected.
src/renderer/components/views/SearchView.tsx(50,17): error TS1128: Declaration or statement expected.
src/renderer/components/views/SearchView.tsx(54,3): error TS1128: Declaration or statement expected.
src/renderer/components/views/SearchView.tsx(55,1): error TS1128: Declaration or statement expected.
src/renderer/components/views/SettingsView.tsx(6,51): error TS1003: Identifier expected.
src/renderer/components/views/SettingsView.tsx(7,55): error TS1003: Identifier expected.
src/renderer/components/views/SettingsView.tsx(8,59): error TS1003: Identifier expected.
src/renderer/components/views/SettingsView.tsx(8,94): error TS1003: Identifier expected.
src/renderer/components/views/SettingsView.tsx(8,124): error TS1003: Identifier expected.
src/renderer/components/views/SettingsView.tsx(8,130): error TS17002: Expected corresponding JSX closing tag for 'div'.
src/renderer/components/views/SettingsView.tsx(8,131): error TS1005: '>' expected.
src/renderer/components/views/SettingsView.tsx(8,134): error TS1005: ')' expected.
src/renderer/components/views/SettingsView.tsx(8,135): error TS1128: Declaration or statement expected.
src/renderer/components/views/SettingsView.tsx(8,160): error TS1005: ';' expected.
src/renderer/components/views/SettingsView.tsx(9,56): error TS1003: Identifier expected.
src/renderer/components/views/SettingsView.tsx(10,62): error TS1003: Identifier expected.
src/renderer/components/views/SettingsView.tsx(10,76): error TS1005: ';' expected.
src/renderer/components/views/SettingsView.tsx(10,84): error TS1128: Declaration or statement expected.
src/renderer/components/views/SettingsView.tsx(11,59): error TS1003: Identifier expected.
src/renderer/components/views/SettingsView.tsx(12,44): error TS1003: Identifier expected.
src/renderer/components/views/SettingsView.tsx(12,48): error TS1434: Unexpected keyword or identifier.
src/renderer/components/views/SettingsView.tsx(12,55): error TS1434: Unexpected keyword or identifier.
src/renderer/components/views/SettingsView.tsx(12,59): error TS1128: Declaration or statement expected.
src/renderer/components/views/SettingsView.tsx(13,44): error TS1003: Identifier expected.
src/renderer/components/views/SettingsView.tsx(13,48): error TS1435: Unknown keyword or identifier. Did you mean 'never'?
src/renderer/components/views/SettingsView.tsx(13,57): error TS1005: ';' expected.
src/renderer/components/views/SettingsView.tsx(13,64): error TS1128: Declaration or statement expected.
src/renderer/components/views/SettingsView.tsx(14,53): error TS1003: Identifier expected.
src/renderer/components/views/SettingsView.tsx(14,57): error TS1435: Unknown keyword or identifier. Did you mean 'never'?
src/renderer/components/views/SettingsView.tsx(14,63): error TS1434: Unexpected keyword or identifier.
src/renderer/components/views/SettingsView.tsx(14,67): error TS1128: Declaration or statement expected.
src/renderer/components/views/SettingsView.tsx(15,44): error TS1003: Identifier expected.
src/renderer/components/views/SettingsView.tsx(15,48): error TS1435: Unknown keyword or identifier. Did you mean 'never'?
src/renderer/components/views/SettingsView.tsx(15,56): error TS1005: ';' expected.
src/renderer/components/views/SettingsView.tsx(15,61): error TS1128: Declaration or statement expected.
src/renderer/components/views/SettingsView.tsx(16,44): error TS1003: Identifier expected.
src/renderer/components/views/SettingsView.tsx(16,48): error TS1435: Unknown keyword or identifier. Did you mean 'never'?
src/renderer/components/views/SettingsView.tsx(16,57): error TS1005: ';' expected.
src/renderer/components/views/SettingsView.tsx(16,62): error TS1128: Declaration or statement expected.
src/renderer/components/views/SettingsView.tsx(17,33): error TS1128: Declaration or statement expected.
src/renderer/components/views/SettingsView.tsx(18,61): error TS1003: Identifier expected.
src/renderer/components/views/SettingsView.tsx(18,65): error TS1434: Unexpected keyword or identifier.
src/renderer/components/views/SettingsView.tsx(18,78): error TS1005: '(' expected.
src/renderer/components/views/SettingsView.tsx(18,86): error TS1005: ';' expected.
src/renderer/components/views/SettingsView.tsx(18,92): error TS1005: ';' expected.
src/renderer/components/views/SettingsView.tsx(18,100): error TS1005: ')' expected.
src/renderer/components/views/SettingsView.tsx(19,29): error TS1128: Declaration or statement expected.
src/renderer/components/views/SettingsView.tsx(20,56): error TS1003: Identifier expected.
src/renderer/components/views/SettingsView.tsx(21,62): error TS1003: Identifier expected.
src/renderer/components/views/SettingsView.tsx(21,66): error TS1434: Unexpected keyword or identifier.
src/renderer/components/views/SettingsView.tsx(21,72): error TS1434: Unexpected keyword or identifier.
src/renderer/components/views/SettingsView.tsx(21,80): error TS1434: Unexpected keyword or identifier.
src/renderer/components/views/SettingsView.tsx(21,88): error TS1128: Declaration or statement expected.
src/renderer/components/views/SettingsView.tsx(22,59): error TS1003: Identifier expected.
src/renderer/components/views/SettingsView.tsx(23,44): error TS1003: Identifier expected.
src/renderer/components/views/SettingsView.tsx(23,51): error TS1005: ';' expected.
src/renderer/components/views/SettingsView.tsx(23,58): error TS1128: Declaration or statement expected.
src/renderer/components/views/SettingsView.tsx(24,44): error TS1003: Identifier expected.
src/renderer/components/views/SettingsView.tsx(24,51): error TS1005: ';' expected.
src/renderer/components/views/SettingsView.tsx(24,58): error TS1128: Declaration or statement expected.
src/renderer/components/views/SettingsView.tsx(25,53): error TS1003: Identifier expected.
src/renderer/components/views/SettingsView.tsx(25,59): error TS1005: ';' expected.
src/renderer/components/views/SettingsView.tsx(25,63): error TS1128: Declaration or statement expected.
src/renderer/components/views/SettingsView.tsx(26,44): error TS1003: Identifier expected.
src/renderer/components/views/SettingsView.tsx(26,50): error TS1005: ';' expected.
src/renderer/components/views/SettingsView.tsx(26,55): error TS1128: Declaration or statement expected.
src/renderer/components/views/SettingsView.tsx(27,44): error TS1003: Identifier expected.
src/renderer/components/views/SettingsView.tsx(27,51): error TS1005: ';' expected.
src/renderer/components/views/SettingsView.tsx(27,56): error TS1128: Declaration or statement expected.
src/renderer/components/views/SettingsView.tsx(28,44): error TS1003: Identifier expected.
src/renderer/components/views/SettingsView.tsx(28,51): error TS1005: ';' expected.
src/renderer/components/views/SettingsView.tsx(28,56): error TS1128: Declaration or statement expected.
src/renderer/components/views/SettingsView.tsx(29,44): error TS1003: Identifier expected.
src/renderer/components/views/SettingsView.tsx(29,48): error TS1434: Unexpected keyword or identifier.
src/renderer/components/views/SettingsView.tsx(29,55): error TS1434: Unexpected keyword or identifier.
src/renderer/components/views/SettingsView.tsx(29,59): error TS1128: Declaration or statement expected.
src/renderer/components/views/SettingsView.tsx(30,33): error TS1128: Declaration or statement expected.
src/renderer/components/views/SettingsView.tsx(31,61): error TS1003: Identifier expected.
src/renderer/components/views/SettingsView.tsx(31,65): error TS1434: Unexpected keyword or identifier.
src/renderer/components/views/SettingsView.tsx(31,79): error TS1005: '(' expected.
src/renderer/components/views/SettingsView.tsx(31,93): error TS1005: ')' expected.
src/renderer/components/views/SettingsView.tsx(31,97): error TS1434: Unexpected keyword or identifier.
src/renderer/components/views/SettingsView.tsx(31,105): error TS1434: Unexpected keyword or identifier.
src/renderer/components/views/SettingsView.tsx(31,112): error TS1434: Unexpected keyword or identifier.
src/renderer/components/views/SettingsView.tsx(31,120): error TS1005: ';' expected.
src/renderer/components/views/SettingsView.tsx(31,128): error TS1128: Declaration or statement expected.
src/renderer/components/views/SettingsView.tsx(32,29): error TS1128: Declaration or statement expected.
src/renderer/components/views/SettingsView.tsx(33,56): error TS1003: Identifier expected.
src/renderer/components/views/SettingsView.tsx(34,63): error TS1003: Identifier expected.
src/renderer/components/views/SettingsView.tsx(34,67): error TS1434: Unexpected keyword or identifier.
src/renderer/components/views/SettingsView.tsx(34,78): error TS1434: Unexpected keyword or identifier.
src/renderer/components/views/SettingsView.tsx(34,84): error TS1434: Unexpected keyword or identifier.
src/renderer/components/views/SettingsView.tsx(34,91): error TS1128: Declaration or statement expected.
src/renderer/components/views/SettingsView.tsx(35,82): error TS1003: Identifier expected.
src/renderer/components/views/SettingsView.tsx(36,65): error TS1003: Identifier expected.
src/renderer/components/views/SettingsView.tsx(36,69): error TS1128: Declaration or statement expected.
src/renderer/components/views/SettingsView.tsx(37,33): error TS1128: Declaration or statement expected.
src/renderer/components/views/SettingsView.tsx(38,29): error TS1128: Declaration or statement expected.
src/renderer/components/views/SettingsView.tsx(39,56): error TS1003: Identifier expected.
src/renderer/components/views/SettingsView.tsx(40,63): error TS1003: Identifier expected.
src/renderer/components/views/SettingsView.tsx(40,82): error TS1005: ';' expected.
src/renderer/components/views/SettingsView.tsx(40,85): error TS1434: Unexpected keyword or identifier.
src/renderer/components/views/SettingsView.tsx(40,91): error TS1128: Declaration or statement expected.
src/renderer/components/views/SettingsView.tsx(41,63): error TS1003: Identifier expected.
src/renderer/components/views/SettingsView.tsx(42,65): error TS1003: Identifier expected.
src/renderer/components/views/SettingsView.tsx(42,69): error TS1128: Declaration or statement expected.
src/renderer/components/views/SettingsView.tsx(43,33): error TS1128: Declaration or statement expected.
src/renderer/components/views/SettingsView.tsx(44,29): error TS1128: Declaration or statement expected.
src/renderer/components/views/SettingsView.tsx(45,25): error TS1128: Declaration or statement expected.
src/renderer/components/views/SettingsView.tsx(46,55): error TS1003: Identifier expected.
src/renderer/components/views/SettingsView.tsx(47,59): error TS1003: Identifier expected.
src/renderer/components/views/SettingsView.tsx(47,94): error TS1003: Identifier expected.
src/renderer/components/views/SettingsView.tsx(47,123): error TS1003: Identifier expected.
src/renderer/components/views/SettingsView.tsx(47,127): error TS1128: Declaration or statement expected.
src/renderer/components/views/SettingsView.tsx(47,134): error TS1128: Declaration or statement expected.
src/renderer/components/views/SettingsView.tsx(47,145): error TS1434: Unexpected keyword or identifier.
src/renderer/components/views/SettingsView.tsx(47,151): error TS1434: Unexpected keyword or identifier.
src/renderer/components/views/SettingsView.tsx(47,158): error TS1128: Declaration or statement expected.
src/renderer/components/views/SettingsView.tsx(48,56): error TS1003: Identifier expected.
src/renderer/components/views/SettingsView.tsx(49,62): error TS1003: Identifier expected.
src/renderer/components/views/SettingsView.tsx(49,66): error TS1434: Unexpected keyword or identifier.
src/renderer/components/views/SettingsView.tsx(49,77): error TS1434: Unexpected keyword or identifier.
src/renderer/components/views/SettingsView.tsx(49,85): error TS1128: Declaration or statement expected.
src/renderer/components/views/SettingsView.tsx(50,122): error TS1005: '>' expected.
src/renderer/components/views/SettingsView.tsx(51,29): error TS1128: Declaration or statement expected.
src/renderer/components/views/SettingsView.tsx(52,56): error TS1003: Identifier expected.
src/renderer/components/views/SettingsView.tsx(53,63): error TS1003: Identifier expected.
src/renderer/components/views/SettingsView.tsx(53,67): error TS1434: Unexpected keyword or identifier.
src/renderer/components/views/SettingsView.tsx(53,73): error TS1434: Unexpected keyword or identifier.
src/renderer/components/views/SettingsView.tsx(53,85): error TS1434: Unexpected keyword or identifier.
src/renderer/components/views/SettingsView.tsx(53,92): error TS1128: Declaration or statement expected.
src/renderer/components/views/SettingsView.tsx(54,63): error TS1003: Identifier expected.
src/renderer/components/views/SettingsView.tsx(55,65): error TS1003: Identifier expected.
src/renderer/components/views/SettingsView.tsx(55,69): error TS1128: Declaration or statement expected.
src/renderer/components/views/SettingsView.tsx(56,33): error TS1128: Declaration or statement expected.
src/renderer/components/views/SettingsView.tsx(57,29): error TS1128: Declaration or statement expected.
src/renderer/components/views/SettingsView.tsx(58,125): error TS1003: Identifier expected.
src/renderer/components/views/SettingsView.tsx(59,155): error TS1003: Identifier expected.
src/renderer/components/views/SettingsView.tsx(60,65): error TS1003: Identifier expected.
src/renderer/components/views/SettingsView.tsx(60,69): error TS1128: Declaration or statement expected.
src/renderer/components/views/SettingsView.tsx(60,77): error TS1435: Unknown keyword or identifier. Did you mean 'import'?
src/renderer/components/views/SettingsView.tsx(61,33): error TS1128: Declaration or statement expected.
src/renderer/components/views/SettingsView.tsx(62,155): error TS1003: Identifier expected.
src/renderer/components/views/SettingsView.tsx(63,67): error TS1003: Identifier expected.
src/renderer/components/views/SettingsView.tsx(63,71): error TS1128: Declaration or statement expected.
src/renderer/components/views/SettingsView.tsx(63,79): error TS1435: Unknown keyword or identifier. Did you mean 'export'?
src/renderer/components/views/SettingsView.tsx(64,33): error TS1128: Declaration or statement expected.
src/renderer/components/views/SettingsView.tsx(65,29): error TS1128: Declaration or statement expected.
src/renderer/components/views/SettingsView.tsx(66,25): error TS1128: Declaration or statement expected.
src/renderer/components/views/SettingsView.tsx(67,60): error TS1003: Identifier expected.
src/renderer/components/views/SettingsView.tsx(68,59): error TS1003: Identifier expected.
src/renderer/components/views/SettingsView.tsx(68,94): error TS1003: Identifier expected.
src/renderer/components/views/SettingsView.tsx(68,124): error TS1003: Identifier expected.
src/renderer/components/views/SettingsView.tsx(68,128): error TS1128: Declaration or statement expected.
src/renderer/components/views/SettingsView.tsx(68,135): error TS1128: Declaration or statement expected.
src/renderer/components/views/SettingsView.tsx(68,146): error TS1434: Unexpected keyword or identifier.
src/renderer/components/views/SettingsView.tsx(68,177): error TS1005: ';' expected.
src/renderer/components/views/SettingsView.tsx(69,102): error TS1003: Identifier expected.
src/renderer/components/views/SettingsView.tsx(70,33): error TS1434: Unexpected keyword or identifier.
src/renderer/components/views/SettingsView.tsx(70,42): error TS1434: Unexpected keyword or identifier.
src/renderer/components/views/SettingsView.tsx(70,46): error TS1434: Unexpected keyword or identifier.
src/renderer/components/views/SettingsView.tsx(70,65): error TS1005: '(' expected.
src/renderer/components/views/SettingsView.tsx(70,76): error TS1005: ';' expected.
src/renderer/components/views/SettingsView.tsx(70,83): error TS1005: ';' expected.
src/renderer/components/views/SettingsView.tsx(70,87): error TS1005: ')' expected.
src/renderer/components/views/SettingsView.tsx(70,99): error TS1005: ';' expected.
src/renderer/components/views/SettingsView.tsx(71,29): error TS1003: Identifier expected.
src/renderer/components/views/SettingsView.tsx(74,157): error TS1003: Identifier expected.
src/renderer/components/views/SettingsView.tsx(75,124): error TS1003: Identifier expected.
src/renderer/components/views/SettingsView.tsx(76,62): error TS1003: Identifier expected.
src/renderer/components/views/SettingsView.tsx(76,66): error TS1128: Declaration or statement expected.
src/renderer/components/views/SettingsView.tsx(76,74): error TS1434: Unexpected keyword or identifier.
src/renderer/components/views/SettingsView.tsx(77,33): error TS1128: Declaration or statement expected.
src/renderer/components/views/SettingsView.tsx(78,117): error TS1003: Identifier expected.
src/renderer/components/views/SettingsView.tsx(79,64): error TS1003: Identifier expected.
src/renderer/components/views/SettingsView.tsx(80,70): error TS1003: Identifier expected.
src/renderer/components/views/SettingsView.tsx(80,74): error TS1434: Unexpected keyword or identifier.
src/renderer/components/views/SettingsView.tsx(80,78): error TS1434: Unexpected keyword or identifier.
src/renderer/components/views/SettingsView.tsx(80,83): error TS1128: Declaration or statement expected.
src/renderer/components/views/SettingsView.tsx(81,127): error TS1005: '>' expected.
src/renderer/components/views/SettingsView.tsx(82,37): error TS1128: Declaration or statement expected.
src/renderer/components/views/SettingsView.tsx(83,64): error TS1003: Identifier expected.
src/renderer/components/views/SettingsView.tsx(84,70): error TS1003: Identifier expected.
src/renderer/components/views/SettingsView.tsx(84,74): error TS1434: Unexpected keyword or identifier.
src/renderer/components/views/SettingsView.tsx(84,79): error TS1434: Unexpected keyword or identifier.
src/renderer/components/views/SettingsView.tsx(84,81): error TS1128: Declaration or statement expected.
src/renderer/components/views/SettingsView.tsx(85,106): error TS1005: '>' expected.
src/renderer/components/views/SettingsView.tsx(86,37): error TS1128: Declaration or statement expected.
src/renderer/components/views/SettingsView.tsx(87,33): error TS1128: Declaration or statement expected.
src/renderer/components/views/SettingsView.tsx(88,60): error TS1003: Identifier expected.
src/renderer/components/views/SettingsView.tsx(89,67): error TS1003: Identifier expected.
src/renderer/components/views/SettingsView.tsx(89,71): error TS1434: Unexpected keyword or identifier.
src/renderer/components/views/SettingsView.tsx(89,78): error TS1434: Unexpected keyword or identifier.
src/renderer/components/views/SettingsView.tsx(89,89): error TS1434: Unexpected keyword or identifier.
src/renderer/components/views/SettingsView.tsx(89,95): error TS1128: Declaration or statement expected.
src/renderer/components/views/SettingsView.tsx(90,67): error TS1003: Identifier expected.
src/renderer/components/views/SettingsView.tsx(91,69): error TS1003: Identifier expected.
src/renderer/components/views/SettingsView.tsx(91,73): error TS1128: Declaration or statement expected.
src/renderer/components/views/SettingsView.tsx(92,37): error TS1128: Declaration or statement expected.
src/renderer/components/views/SettingsView.tsx(93,33): error TS1128: Declaration or statement expected.
src/renderer/components/views/SettingsView.tsx(94,60): error TS1003: Identifier expected.
src/renderer/components/views/SettingsView.tsx(95,67): error TS1003: Identifier expected.
src/renderer/components/views/SettingsView.tsx(95,71): error TS1434: Unexpected keyword or identifier.
src/renderer/components/views/SettingsView.tsx(95,76): error TS1435: Unknown keyword or identifier. Did you mean 'let'?
src/renderer/components/views/SettingsView.tsx(95,82): error TS1434: Unexpected keyword or identifier.
src/renderer/components/views/SettingsView.tsx(95,85): error TS1434: Unexpected keyword or identifier.
src/renderer/components/views/SettingsView.tsx(95,93): error TS1434: Unexpected keyword or identifier.
src/renderer/components/views/SettingsView.tsx(95,100): error TS1128: Declaration or statement expected.
src/renderer/components/views/SettingsView.tsx(96,60): error TS1003: Identifier expected.
src/renderer/components/views/SettingsView.tsx(97,69): error TS1003: Identifier expected.
src/renderer/components/views/SettingsView.tsx(97,73): error TS1128: Declaration or statement expected.
src/renderer/components/views/SettingsView.tsx(98,37): error TS1128: Declaration or statement expected.
src/renderer/components/views/SettingsView.tsx(99,33): error TS1128: Declaration or statement expected.
src/renderer/components/views/SettingsView.tsx(100,211): error TS1003: Identifier expected.
src/renderer/components/views/SettingsView.tsx(101,70): error TS1003: Identifier expected.
src/renderer/components/views/SettingsView.tsx(101,74): error TS1128: Declaration or statement expected.
src/renderer/components/views/SettingsView.tsx(101,82): error TS1434: Unexpected keyword or identifier.
src/renderer/components/views/SettingsView.tsx(101,87): error TS1434: Unexpected keyword or identifier.
src/renderer/components/views/SettingsView.tsx(102,33): error TS1128: Declaration or statement expected.
src/renderer/components/views/SettingsView.tsx(103,29): error TS1128: Declaration or statement expected.
src/renderer/components/views/SettingsView.tsx(106,157): error TS1003: Identifier expected.
src/renderer/components/views/SettingsView.tsx(107,124): error TS1003: Identifier expected.
src/renderer/components/views/SettingsView.tsx(108,68): error TS1003: Identifier expected.
src/renderer/components/views/SettingsView.tsx(108,72): error TS1128: Declaration or statement expected.
src/renderer/components/views/SettingsView.tsx(108,80): error TS1435: Unknown keyword or identifier. Did you mean 'new'?
src/renderer/components/views/SettingsView.tsx(108,102): error TS1005: ';' expected.
src/renderer/components/views/SettingsView.tsx(109,33): error TS1128: Declaration or statement expected.
src/renderer/components/views/SettingsView.tsx(110,117): error TS1003: Identifier expected.
src/renderer/components/views/SettingsView.tsx(111,64): error TS1003: Identifier expected.
src/renderer/components/views/SettingsView.tsx(112,70): error TS1003: Identifier expected.
src/renderer/components/views/SettingsView.tsx(112,74): error TS1434: Unexpected keyword or identifier.
src/renderer/components/views/SettingsView.tsx(112,78): error TS1434: Unexpected keyword or identifier.
src/renderer/components/views/SettingsView.tsx(112,83): error TS1128: Declaration or statement expected.
src/renderer/components/views/SettingsView.tsx(113,127): error TS1005: '>' expected.
src/renderer/components/views/SettingsView.tsx(114,37): error TS1128: Declaration or statement expected.
src/renderer/components/views/SettingsView.tsx(115,64): error TS1003: Identifier expected.
src/renderer/components/views/SettingsView.tsx(116,70): error TS1003: Identifier expected.
src/renderer/components/views/SettingsView.tsx(116,74): error TS1434: Unexpected keyword or identifier.
src/renderer/components/views/SettingsView.tsx(116,79): error TS1434: Unexpected keyword or identifier.
src/renderer/components/views/SettingsView.tsx(116,81): error TS1128: Declaration or statement expected.
src/renderer/components/views/SettingsView.tsx(117,106): error TS1005: '>' expected.
src/renderer/components/views/SettingsView.tsx(118,37): error TS1128: Declaration or statement expected.
src/renderer/components/views/SettingsView.tsx(119,33): error TS1128: Declaration or statement expected.
src/renderer/components/views/SettingsView.tsx(120,60): error TS1003: Identifier expected.
src/renderer/components/views/SettingsView.tsx(121,67): error TS1003: Identifier expected.
src/renderer/components/views/SettingsView.tsx(121,71): error TS1434: Unexpected keyword or identifier.
src/renderer/components/views/SettingsView.tsx(121,100): error TS1005: ';' expected.
src/renderer/components/views/SettingsView.tsx(121,113): error TS1128: Declaration or statement expected.
src/renderer/components/views/SettingsView.tsx(122,67): error TS1003: Identifier expected.
src/renderer/components/views/SettingsView.tsx(123,69): error TS1003: Identifier expected.
src/renderer/components/views/SettingsView.tsx(123,73): error TS1128: Declaration or statement expected.
src/renderer/components/views/SettingsView.tsx(124,37): error TS1128: Declaration or statement expected.
src/renderer/components/views/SettingsView.tsx(125,33): error TS1128: Declaration or statement expected.
src/renderer/components/views/SettingsView.tsx(126,60): error TS1003: Identifier expected.
src/renderer/components/views/SettingsView.tsx(127,67): error TS1003: Identifier expected.
src/renderer/components/views/SettingsView.tsx(127,71): error TS1434: Unexpected keyword or identifier.
src/renderer/components/views/SettingsView.tsx(127,88): error TS1005: ';' expected.
src/renderer/components/views/SettingsView.tsx(128,67): error TS1003: Identifier expected.
src/renderer/components/views/SettingsView.tsx(129,69): error TS1003: Identifier expected.
src/renderer/components/views/SettingsView.tsx(129,73): error TS1128: Declaration or statement expected.
src/renderer/components/views/SettingsView.tsx(130,37): error TS1128: Declaration or statement expected.
src/renderer/components/views/SettingsView.tsx(131,33): error TS1128: Declaration or statement expected.
src/renderer/components/views/SettingsView.tsx(132,213): error TS1003: Identifier expected.
src/renderer/components/views/SettingsView.tsx(133,70): error TS1003: Identifier expected.
src/renderer/components/views/SettingsView.tsx(133,74): error TS1128: Declaration or statement expected.
src/renderer/components/views/SettingsView.tsx(133,82): error TS1434: Unexpected keyword or identifier.
src/renderer/components/views/SettingsView.tsx(133,87): error TS1434: Unexpected keyword or identifier.
src/renderer/components/views/SettingsView.tsx(134,33): error TS1128: Declaration or statement expected.
src/renderer/components/views/SettingsView.tsx(135,29): error TS1128: Declaration or statement expected.
src/renderer/components/views/SettingsView.tsx(136,135): error TS1003: Identifier expected.
src/renderer/components/views/SettingsView.tsx(136,230): error TS1003: Identifier expected.
src/renderer/components/views/SettingsView.tsx(136,262): error TS1003: Identifier expected.
src/renderer/components/views/SettingsView.tsx(136,266): error TS1128: Declaration or statement expected.
src/renderer/components/views/SettingsView.tsx(136,274): error TS1434: Unexpected keyword or identifier.
src/renderer/components/views/SettingsView.tsx(136,282): error TS1434: Unexpected keyword or identifier.
src/renderer/components/views/SettingsView.tsx(136,289): error TS1434: Unexpected keyword or identifier.
src/renderer/components/views/SettingsView.tsx(136,296): error TS1128: Declaration or statement expected.
src/renderer/components/views/SettingsView.tsx(136,387): error TS1003: Identifier expected.
src/renderer/components/views/SettingsView.tsx(136,418): error TS1003: Identifier expected.
src/renderer/components/views/SettingsView.tsx(136,451): error TS1003: Identifier expected.
src/renderer/components/views/SettingsView.tsx(136,455): error TS1434: Unexpected keyword or identifier.
src/renderer/components/views/SettingsView.tsx(136,459): error TS1434: Unexpected keyword or identifier.
src/renderer/components/views/SettingsView.tsx(136,464): error TS1128: Declaration or statement expected.
src/renderer/components/views/SettingsView.tsx(136,561): error TS1005: '>' expected.
src/renderer/components/views/SettingsView.tsx(136,565): error TS1128: Declaration or statement expected.
src/renderer/components/views/SettingsView.tsx(136,601): error TS1003: Identifier expected.
src/renderer/components/views/SettingsView.tsx(136,634): error TS1003: Identifier expected.
src/renderer/components/views/SettingsView.tsx(136,638): error TS1434: Unexpected keyword or identifier.
src/renderer/components/views/SettingsView.tsx(136,643): error TS1434: Unexpected keyword or identifier.
src/renderer/components/views/SettingsView.tsx(136,645): error TS1128: Declaration or statement expected.
src/renderer/components/views/SettingsView.tsx(136,721): error TS1005: '>' expected.
src/renderer/components/views/SettingsView.tsx(136,725): error TS1128: Declaration or statement expected.
src/renderer/components/views/SettingsView.tsx(136,734): error TS1128: Declaration or statement expected.
src/renderer/components/views/SettingsView.tsx(136,770): error TS1003: Identifier expected.
src/renderer/components/views/SettingsView.tsx(136,804): error TS1003: Identifier expected.
src/renderer/components/views/SettingsView.tsx(136,808): error TS1434: Unexpected keyword or identifier.
src/renderer/components/views/SettingsView.tsx(136,813): error TS1434: Unexpected keyword or identifier.
src/renderer/components/views/SettingsView.tsx(136,820): error TS1434: Unexpected keyword or identifier.
src/renderer/components/views/SettingsView.tsx(136,828): error TS1434: Unexpected keyword or identifier.
src/renderer/components/views/SettingsView.tsx(136,831): error TS1434: Unexpected keyword or identifier.
src/renderer/components/views/SettingsView.tsx(136,839): error TS1128: Declaration or statement expected.
src/renderer/components/views/SettingsView.tsx(136,872): error TS1003: Identifier expected.
src/renderer/components/views/SettingsView.tsx(136,904): error TS1003: Identifier expected.
src/renderer/components/views/SettingsView.tsx(136,908): error TS1128: Declaration or statement expected.
src/renderer/components/views/SettingsView.tsx(136,917): error TS1128: Declaration or statement expected.
src/renderer/components/views/SettingsView.tsx(136,926): error TS1128: Declaration or statement expected.
src/renderer/components/views/SettingsView.tsx(136,962): error TS1003: Identifier expected.
src/renderer/components/views/SettingsView.tsx(136,996): error TS1003: Identifier expected.
src/renderer/components/views/SettingsView.tsx(136,1000): error TS1434: Unexpected keyword or identifier.
src/renderer/components/views/SettingsView.tsx(136,1008): error TS1434: Unexpected keyword or identifier.
src/renderer/components/views/SettingsView.tsx(136,1014): error TS1434: Unexpected keyword or identifier.
src/renderer/components/views/SettingsView.tsx(136,1022): error TS1434: Unexpected keyword or identifier.
src/renderer/components/views/SettingsView.tsx(136,1030): error TS1128: Declaration or statement expected.
src/renderer/components/views/SettingsView.tsx(136,1070): error TS1003: Identifier expected.
src/renderer/components/views/SettingsView.tsx(136,1102): error TS1003: Identifier expected.
src/renderer/components/views/SettingsView.tsx(136,1106): error TS1128: Declaration or statement expected.
src/renderer/components/views/SettingsView.tsx(136,1115): error TS1128: Declaration or statement expected.
src/renderer/components/views/SettingsView.tsx(136,1124): error TS1128: Declaration or statement expected.
src/renderer/components/views/SettingsView.tsx(136,1311): error TS1003: Identifier expected.
src/renderer/components/views/SettingsView.tsx(136,1348): error TS1003: Identifier expected.
src/renderer/components/views/SettingsView.tsx(136,1352): error TS1128: Declaration or statement expected.
src/renderer/components/views/SettingsView.tsx(136,1360): error TS1434: Unexpected keyword or identifier.
src/renderer/components/views/SettingsView.tsx(136,1365): error TS1434: Unexpected keyword or identifier.
src/renderer/components/views/SettingsView.tsx(136,1370): error TS1434: Unexpected keyword or identifier.
src/renderer/components/views/SettingsView.tsx(136,1377): error TS1128: Declaration or statement expected.
src/renderer/components/views/SettingsView.tsx(136,1389): error TS1128: Declaration or statement expected.
src/renderer/components/views/SettingsView.tsx(137,25): error TS1128: Declaration or statement expected.
src/renderer/components/views/SettingsView.tsx(138,60): error TS1003: Identifier expected.
src/renderer/components/views/SettingsView.tsx(139,59): error TS1003: Identifier expected.
src/renderer/components/views/SettingsView.tsx(139,94): error TS1003: Identifier expected.
src/renderer/components/views/SettingsView.tsx(139,124): error TS1003: Identifier expected.
src/renderer/components/views/SettingsView.tsx(139,128): error TS1128: Declaration or statement expected.
src/renderer/components/views/SettingsView.tsx(139,135): error TS1128: Declaration or statement expected.
src/renderer/components/views/SettingsView.tsx(139,146): error TS1434: Unexpected keyword or identifier.
src/renderer/components/views/SettingsView.tsx(139,150): error TS1434: Unexpected keyword or identifier.
src/renderer/components/views/SettingsView.tsx(139,160): error TS1128: Declaration or statement expected.
src/renderer/components/views/SettingsView.tsx(140,102): error TS1003: Identifier expected.
src/renderer/components/views/SettingsView.tsx(141,33): error TS1434: Unexpected keyword or identifier.
src/renderer/components/views/SettingsView.tsx(141,38): error TS1434: Unexpected keyword or identifier.
src/renderer/components/views/SettingsView.tsx(141,47): error TS1434: Unexpected keyword or identifier.
src/renderer/components/views/SettingsView.tsx(141,62): error TS1003: Identifier expected.
src/renderer/components/views/SettingsView.tsx(141,73): error TS1434: Unexpected keyword or identifier.
src/renderer/components/views/SettingsView.tsx(141,80): error TS1434: Unexpected keyword or identifier.
src/renderer/components/views/SettingsView.tsx(141,84): error TS1128: Declaration or statement expected.
src/renderer/components/views/SettingsView.tsx(141,104): error TS1005: ')' expected.
src/renderer/components/views/SettingsView.tsx(141,128): error TS1005: ';' expected.
src/renderer/components/views/SettingsView.tsx(141,130): error TS1434: Unexpected keyword or identifier.
src/renderer/components/views/SettingsView.tsx(141,148): error TS1005: ';' expected.
src/renderer/components/views/SettingsView.tsx(141,160): error TS1003: Identifier expected.
src/renderer/components/views/SettingsView.tsx(141,171): error TS1434: Unexpected keyword or identifier.
src/renderer/components/views/SettingsView.tsx(141,176): error TS1434: Unexpected keyword or identifier.
src/renderer/components/views/SettingsView.tsx(141,180): error TS1128: Declaration or statement expected.
src/renderer/components/views/SettingsView.tsx(141,193): error TS1434: Unexpected keyword or identifier.
src/renderer/components/views/SettingsView.tsx(141,235): error TS1005: ';' expected.
src/renderer/components/views/SettingsView.tsx(141,247): error TS1005: ';' expected.
src/renderer/components/views/SettingsView.tsx(142,29): error TS1003: Identifier expected.
src/renderer/components/views/SettingsView.tsx(144,106): error TS1003: Identifier expected.
src/renderer/components/views/SettingsView.tsx(147,37): error TS1003: Identifier expected.
src/renderer/components/views/SettingsView.tsx(148,70): error TS1003: Identifier expected.
src/renderer/components/views/SettingsView.tsx(148,145): error TS1003: Identifier expected.
src/renderer/components/views/SettingsView.tsx(148,149): error TS1128: Declaration or statement expected.
src/renderer/components/views/SettingsView.tsx(148,157): error TS1434: Unexpected keyword or identifier.
src/renderer/components/views/SettingsView.tsx(148,175): error TS1005: ';' expected.
src/renderer/components/views/SettingsView.tsx(148,213): error TS1127: Invalid character.
src/renderer/components/views/SettingsView.tsx(148,215): error TS1434: Unexpected keyword or identifier.
src/renderer/components/views/SettingsView.tsx(148,221): error TS1128: Declaration or statement expected.
src/renderer/components/views/SettingsView.tsx(148,231): error TS1128: Declaration or statement expected.
src/renderer/components/views/SettingsView.tsx(149,64): error TS1003: Identifier expected.
src/renderer/components/views/SettingsView.tsx(150,79): error TS1003: Identifier expected.
src/renderer/components/views/SettingsView.tsx(150,119): error TS1003: Identifier expected.
src/renderer/components/views/SettingsView.tsx(150,123): error TS1128: Declaration or statement expected.
src/renderer/components/views/SettingsView.tsx(150,130): error TS1434: Unexpected keyword or identifier.
src/renderer/components/views/SettingsView.tsx(150,140): error TS1128: Declaration or statement expected.
src/renderer/components/views/SettingsView.tsx(151,70): error TS1003: Identifier expected.
src/renderer/components/views/SettingsView.tsx(151,74): error TS1434: Unexpected keyword or identifier.
src/renderer/components/views/SettingsView.tsx(151,83): error TS1434: Unexpected keyword or identifier.
src/renderer/components/views/SettingsView.tsx(151,86): error TS1434: Unexpected keyword or identifier.
src/renderer/components/views/SettingsView.tsx(151,90): error TS1434: Unexpected keyword or identifier.
src/renderer/components/views/SettingsView.tsx(151,99): error TS1434: Unexpected keyword or identifier.
src/renderer/components/views/SettingsView.tsx(151,104): error TS1434: Unexpected keyword or identifier.
src/renderer/components/views/SettingsView.tsx(151,115): error TS1434: Unexpected keyword or identifier.
src/renderer/components/views/SettingsView.tsx(151,120): error TS1128: Declaration or statement expected.
src/renderer/components/views/SettingsView.tsx(152,37): error TS1128: Declaration or statement expected.
src/renderer/components/views/SettingsView.tsx(153,64): error TS1003: Identifier expected.
src/renderer/components/views/SettingsView.tsx(154,81): error TS1003: Identifier expected.
src/renderer/components/views/SettingsView.tsx(154,121): error TS1003: Identifier expected.
src/renderer/components/views/SettingsView.tsx(154,125): error TS1128: Declaration or statement expected.
src/renderer/components/views/SettingsView.tsx(154,132): error TS1434: Unexpected keyword or identifier.
src/renderer/components/views/SettingsView.tsx(154,138): error TS1128: Declaration or statement expected.
src/renderer/components/views/SettingsView.tsx(155,70): error TS1003: Identifier expected.
src/renderer/components/views/SettingsView.tsx(155,74): error TS1434: Unexpected keyword or identifier.
src/renderer/components/views/SettingsView.tsx(155,83): error TS1434: Unexpected keyword or identifier.
src/renderer/components/views/SettingsView.tsx(155,86): error TS1434: Unexpected keyword or identifier.
src/renderer/components/views/SettingsView.tsx(155,90): error TS1434: Unexpected keyword or identifier.
src/renderer/components/views/SettingsView.tsx(155,99): error TS1434: Unexpected keyword or identifier.
src/renderer/components/views/SettingsView.tsx(155,104): error TS1434: Unexpected keyword or identifier.
src/renderer/components/views/SettingsView.tsx(155,111): error TS1434: Unexpected keyword or identifier.
src/renderer/components/views/SettingsView.tsx(155,117): error TS1128: Declaration or statement expected.
src/renderer/components/views/SettingsView.tsx(156,37): error TS1128: Declaration or statement expected.
src/renderer/components/views/SettingsView.tsx(157,64): error TS1003: Identifier expected.
src/renderer/components/views/SettingsView.tsx(158,74): error TS1003: Identifier expected.
src/renderer/components/views/SettingsView.tsx(158,114): error TS1003: Identifier expected.
src/renderer/components/views/SettingsView.tsx(158,118): error TS1128: Declaration or statement expected.
src/renderer/components/views/SettingsView.tsx(158,125): error TS1434: Unexpected keyword or identifier.
src/renderer/components/views/SettingsView.tsx(158,130): error TS1128: Declaration or statement expected.
src/renderer/components/views/SettingsView.tsx(159,70): error TS1003: Identifier expected.
src/renderer/components/views/SettingsView.tsx(159,88): error TS1005: ';' expected.
src/renderer/components/views/SettingsView.tsx(159,94): error TS1434: Unexpected keyword or identifier.
src/renderer/components/views/SettingsView.tsx(159,103): error TS1434: Unexpected keyword or identifier.
src/renderer/components/views/SettingsView.tsx(159,108): error TS1434: Unexpected keyword or identifier.
src/renderer/components/views/SettingsView.tsx(159,113): error TS1128: Declaration or statement expected.
src/renderer/components/views/SettingsView.tsx(160,37): error TS1128: Declaration or statement expected.
src/renderer/components/views/SettingsView.tsx(161,64): error TS1003: Identifier expected.
src/renderer/components/views/SettingsView.tsx(162,80): error TS1003: Identifier expected.
src/renderer/components/views/SettingsView.tsx(162,120): error TS1003: Identifier expected.
src/renderer/components/views/SettingsView.tsx(162,124): error TS1128: Declaration or statement expected.
src/renderer/components/views/SettingsView.tsx(162,131): error TS1434: Unexpected keyword or identifier.
src/renderer/components/views/SettingsView.tsx(162,142): error TS1128: Declaration or statement expected.
src/renderer/components/views/SettingsView.tsx(163,70): error TS1003: Identifier expected.
src/renderer/components/views/SettingsView.tsx(163,74): error TS1434: Unexpected keyword or identifier.
src/renderer/components/views/SettingsView.tsx(163,82): error TS1434: Unexpected keyword or identifier.
src/renderer/components/views/SettingsView.tsx(163,101): error TS1127: Invalid character.
src/renderer/components/views/SettingsView.tsx(163,120): error TS1003: Identifier expected.
src/renderer/components/views/SettingsView.tsx(163,125): error TS1351: An identifier or keyword cannot immediately follow a numeric literal.
src/renderer/components/views/SettingsView.tsx(163,126): error TS1128: Declaration or statement expected.
src/renderer/components/views/SettingsView.tsx(163,138): error TS1128: Declaration or statement expected.
src/renderer/components/views/SettingsView.tsx(164,37): error TS1128: Declaration or statement expected.
src/renderer/components/views/SettingsView.tsx(165,203): error TS1003: Identifier expected.
src/renderer/components/views/SettingsView.tsx(166,74): error TS1003: Identifier expected.
src/renderer/components/views/SettingsView.tsx(166,78): error TS1128: Declaration or statement expected.
src/renderer/components/views/SettingsView.tsx(166,86): error TS1434: Unexpected keyword or identifier.
src/renderer/components/views/SettingsView.tsx(166,93): error TS1434: Unexpected keyword or identifier.
src/renderer/components/views/SettingsView.tsx(166,98): error TS1434: Unexpected keyword or identifier.
src/renderer/components/views/SettingsView.tsx(166,105): error TS1434: Unexpected keyword or identifier.
src/renderer/components/views/SettingsView.tsx(166,108): error TS1434: Unexpected keyword or identifier.
src/renderer/components/views/SettingsView.tsx(166,116): error TS1434: Unexpected keyword or identifier.
src/renderer/components/views/SettingsView.tsx(166,131): error TS1005: ';' expected.
src/renderer/components/views/SettingsView.tsx(166,138): error TS1434: Unexpected keyword or identifier.
src/renderer/components/views/SettingsView.tsx(166,142): error TS1434: Unexpected keyword or identifier.
src/renderer/components/views/SettingsView.tsx(166,167): error TS1005: ';' expected.
src/renderer/components/views/SettingsView.tsx(166,192): error TS1434: Unexpected keyword or identifier.
src/renderer/components/views/SettingsView.tsx(166,199): error TS1128: Declaration or statement expected.
src/renderer/components/views/SettingsView.tsx(167,37): error TS1003: Identifier expected.
src/renderer/components/views/SettingsView.tsx(168,33): error TS1128: Declaration or statement expected.
src/renderer/components/views/SettingsView.tsx(171,37): error TS1003: Identifier expected.
src/renderer/components/views/SettingsView.tsx(172,70): error TS1003: Identifier expected.
src/renderer/components/views/SettingsView.tsx(172,128): error TS1003: Identifier expected.
src/renderer/components/views/SettingsView.tsx(172,132): error TS1128: Declaration or statement expected.
src/renderer/components/views/SettingsView.tsx(172,140): error TS1434: Unexpected keyword or identifier.
src/renderer/components/views/SettingsView.tsx(172,156): error TS1005: ';' expected.
src/renderer/components/views/SettingsView.tsx(172,194): error TS1434: Unexpected keyword or identifier.
src/renderer/components/views/SettingsView.tsx(172,202): error TS1128: Declaration or statement expected.
src/renderer/components/views/SettingsView.tsx(172,212): error TS1128: Declaration or statement expected.
src/renderer/components/views/SettingsView.tsx(174,80): error TS1003: Identifier expected.
src/renderer/components/views/SettingsView.tsx(175,99): error TS1003: Identifier expected.
src/renderer/components/views/SettingsView.tsx(175,103): error TS1128: Declaration or statement expected.
src/renderer/components/views/SettingsView.tsx(176,70): error TS1003: Identifier expected.
src/renderer/components/views/SettingsView.tsx(176,84): error TS1005: ';' expected.
src/renderer/components/views/SettingsView.tsx(177,66): error TS1003: Identifier expected.
src/renderer/components/views/SettingsView.tsx(177,72): error TS1005: ';' expected.
src/renderer/components/views/SettingsView.tsx(177,80): error TS1128: Declaration or statement expected.
src/renderer/components/views/SettingsView.tsx(178,240): error TS1005: '>' expected.
src/renderer/components/views/SettingsView.tsx(179,201): error TS1003: Identifier expected.
src/renderer/components/views/SettingsView.tsx(179,231): error TS1003: Identifier expected.
src/renderer/components/views/SettingsView.tsx(179,235): error TS1128: Declaration or statement expected.
src/renderer/components/views/SettingsView.tsx(179,242): error TS1128: Declaration or statement expected.
src/renderer/components/views/SettingsView.tsx(180,225): error TS1003: Identifier expected.
src/renderer/components/views/SettingsView.tsx(180,256): error TS1003: Identifier expected.
src/renderer/components/views/SettingsView.tsx(180,260): error TS1128: Declaration or statement expected.
src/renderer/components/views/SettingsView.tsx(180,267): error TS1128: Declaration or statement expected.
src/renderer/components/views/SettingsView.tsx(181,37): error TS1128: Declaration or statement expected.
src/renderer/components/views/SettingsView.tsx(182,80): error TS1003: Identifier expected.
src/renderer/components/views/SettingsView.tsx(183,99): error TS1003: Identifier expected.
src/renderer/components/views/SettingsView.tsx(183,103): error TS1128: Declaration or statement expected.
src/renderer/components/views/SettingsView.tsx(184,70): error TS1003: Identifier expected.
src/renderer/components/views/SettingsView.tsx(184,74): error TS1434: Unexpected keyword or identifier.
src/renderer/components/views/SettingsView.tsx(184,81): error TS1128: Declaration or statement expected.
src/renderer/components/views/SettingsView.tsx(185,66): error TS1003: Identifier expected.
src/renderer/components/views/SettingsView.tsx(185,72): error TS1005: ';' expected.
src/renderer/components/views/SettingsView.tsx(185,79): error TS1128: Declaration or statement expected.
src/renderer/components/views/SettingsView.tsx(186,240): error TS1005: '>' expected.
src/renderer/components/views/SettingsView.tsx(187,198): error TS1003: Identifier expected.
src/renderer/components/views/SettingsView.tsx(187,228): error TS1003: Identifier expected.
src/renderer/components/views/SettingsView.tsx(187,232): error TS1128: Declaration or statement expected.
src/renderer/components/views/SettingsView.tsx(187,239): error TS1128: Declaration or statement expected.
src/renderer/components/views/SettingsView.tsx(188,222): error TS1003: Identifier expected.
src/renderer/components/views/SettingsView.tsx(188,253): error TS1003: Identifier expected.
src/renderer/components/views/SettingsView.tsx(188,257): error TS1128: Declaration or statement expected.
src/renderer/components/views/SettingsView.tsx(188,264): error TS1128: Declaration or statement expected.
src/renderer/components/views/SettingsView.tsx(189,37): error TS1128: Declaration or statement expected.
src/renderer/components/views/SettingsView.tsx(190,80): error TS1003: Identifier expected.
src/renderer/components/views/SettingsView.tsx(191,99): error TS1003: Identifier expected.
src/renderer/components/views/SettingsView.tsx(191,103): error TS1128: Declaration or statement expected.
src/renderer/components/views/SettingsView.tsx(192,70): error TS1003: Identifier expected.
src/renderer/components/views/SettingsView.tsx(192,74): error TS1434: Unexpected keyword or identifier.
src/renderer/components/views/SettingsView.tsx(192,79): error TS1128: Declaration or statement expected.
src/renderer/components/views/SettingsView.tsx(193,66): error TS1003: Identifier expected.
src/renderer/components/views/SettingsView.tsx(193,72): error TS1005: ';' expected.
src/renderer/components/views/SettingsView.tsx(193,79): error TS1128: Declaration or statement expected.
src/renderer/components/views/SettingsView.tsx(194,240): error TS1005: '>' expected.
src/renderer/components/views/SettingsView.tsx(195,196): error TS1003: Identifier expected.
src/renderer/components/views/SettingsView.tsx(195,226): error TS1003: Identifier expected.
src/renderer/components/views/SettingsView.tsx(195,230): error TS1128: Declaration or statement expected.
src/renderer/components/views/SettingsView.tsx(195,237): error TS1128: Declaration or statement expected.
src/renderer/components/views/SettingsView.tsx(196,220): error TS1003: Identifier expected.
src/renderer/components/views/SettingsView.tsx(196,251): error TS1003: Identifier expected.
src/renderer/components/views/SettingsView.tsx(196,255): error TS1128: Declaration or statement expected.
src/renderer/components/views/SettingsView.tsx(196,262): error TS1128: Declaration or statement expected.
src/renderer/components/views/SettingsView.tsx(197,37): error TS1128: Declaration or statement expected.
src/renderer/components/views/SettingsView.tsx(200,67): error TS1003: Identifier expected.
src/renderer/components/views/SettingsView.tsx(201,142): error TS1005: '>' expected.
src/renderer/components/views/SettingsView.tsx(202,142): error TS1005: '>' expected.
src/renderer/components/views/SettingsView.tsx(203,224): error TS1003: Identifier expected.
src/renderer/components/views/SettingsView.tsx(204,71): error TS1003: Identifier expected.
src/renderer/components/views/SettingsView.tsx(204,75): error TS1128: Declaration or statement expected.
src/renderer/components/views/SettingsView.tsx(205,41): error TS1128: Declaration or statement expected.
src/renderer/components/views/SettingsView.tsx(206,37): error TS1128: Declaration or statement expected.
src/renderer/components/views/SettingsView.tsx(207,33): error TS1128: Declaration or statement expected.
src/renderer/components/views/SettingsView.tsx(209,29): error TS1128: Declaration or statement expected.
src/renderer/components/views/SettingsView.tsx(210,25): error TS1128: Declaration or statement expected.
src/renderer/components/views/SettingsView.tsx(212,60): error TS1003: Identifier expected.
src/renderer/components/views/SettingsView.tsx(213,59): error TS1003: Identifier expected.
src/renderer/components/views/SettingsView.tsx(213,94): error TS1003: Identifier expected.
src/renderer/components/views/SettingsView.tsx(213,127): error TS1003: Identifier expected.
src/renderer/components/views/SettingsView.tsx(213,131): error TS1128: Declaration or statement expected.
src/renderer/components/views/SettingsView.tsx(213,138): error TS1128: Declaration or statement expected.
src/renderer/components/views/SettingsView.tsx(213,168): error TS1005: ';' expected.
src/renderer/components/views/SettingsView.tsx(213,176): error TS1128: Declaration or statement expected.
src/renderer/components/views/SettingsView.tsx(214,102): error TS1003: Identifier expected.
src/renderer/components/views/SettingsView.tsx(214,106): error TS1434: Unexpected keyword or identifier.
src/renderer/components/views/SettingsView.tsx(214,115): error TS1434: Unexpected keyword or identifier.
src/renderer/components/views/SettingsView.tsx(214,135): error TS1005: ';' expected.
src/renderer/components/views/SettingsView.tsx(214,142): error TS1434: Unexpected keyword or identifier.
src/renderer/components/views/SettingsView.tsx(214,151): error TS1434: Unexpected keyword or identifier.
src/renderer/components/views/SettingsView.tsx(214,156): error TS1434: Unexpected keyword or identifier.
src/renderer/components/views/SettingsView.tsx(214,159): error TS1434: Unexpected keyword or identifier.
src/renderer/components/views/SettingsView.tsx(214,173): error TS1003: Identifier expected.
src/renderer/components/views/SettingsView.tsx(215,106): error TS1003: Identifier expected.
src/renderer/components/views/SettingsView.tsx(216,37): error TS1003: Identifier expected.
src/renderer/components/views/SettingsView.tsx(216,68): error TS1003: Identifier expected.
src/renderer/components/views/SettingsView.tsx(216,101): error TS1003: Identifier expected.
src/renderer/components/views/SettingsView.tsx(216,105): error TS1434: Unexpected keyword or identifier.
src/renderer/components/views/SettingsView.tsx(216,109): error TS1434: Unexpected keyword or identifier.
src/renderer/components/views/SettingsView.tsx(216,116): error TS1434: Unexpected keyword or identifier.
src/renderer/components/views/SettingsView.tsx(216,119): error TS1434: Unexpected keyword or identifier.
src/renderer/components/views/SettingsView.tsx(216,123): error TS1128: Declaration or statement expected.
src/renderer/components/views/SettingsView.tsx(216,160): error TS1003: Identifier expected.
src/renderer/components/views/SettingsView.tsx(216,171): error TS1003: Identifier expected.
src/renderer/components/views/SettingsView.tsx(216,176): error TS1005: ';' expected.
src/renderer/components/views/SettingsView.tsx(216,204): error TS1003: Identifier expected.
src/renderer/components/views/SettingsView.tsx(216,210): error TS1005: ';' expected.
src/renderer/components/views/SettingsView.tsx(216,229): error TS1003: Identifier expected.
src/renderer/components/views/SettingsView.tsx(216,235): error TS1005: ';' expected.
src/renderer/components/views/SettingsView.tsx(216,254): error TS1003: Identifier expected.
src/renderer/components/views/SettingsView.tsx(216,260): error TS1005: ';' expected.
src/renderer/components/views/SettingsView.tsx(216,272): error TS1128: Declaration or statement expected.
src/renderer/components/views/SettingsView.tsx(216,284): error TS1128: Declaration or statement expected.
src/renderer/components/views/SettingsView.tsx(216,320): error TS1003: Identifier expected.
src/renderer/components/views/SettingsView.tsx(216,353): error TS1003: Identifier expected.
src/renderer/components/views/SettingsView.tsx(216,370): error TS1005: ';' expected.
src/renderer/components/views/SettingsView.tsx(216,378): error TS1128: Declaration or statement expected.
src/renderer/components/views/SettingsView.tsx(216,415): error TS1003: Identifier expected.
src/renderer/components/views/SettingsView.tsx(216,426): error TS1003: Identifier expected.
src/renderer/components/views/SettingsView.tsx(216,430): error TS1434: Unexpected keyword or identifier.
src/renderer/components/views/SettingsView.tsx(216,433): error TS1128: Declaration or statement expected.
src/renderer/components/views/SettingsView.tsx(216,452): error TS1003: Identifier expected.
src/renderer/components/views/SettingsView.tsx(216,456): error TS1435: Unknown keyword or identifier. Did you mean 'never'?
src/renderer/components/views/SettingsView.tsx(216,465): error TS1005: ';' expected.
src/renderer/components/views/SettingsView.tsx(216,472): error TS1128: Declaration or statement expected.
src/renderer/components/views/SettingsView.tsx(216,500): error TS1003: Identifier expected.
src/renderer/components/views/SettingsView.tsx(216,504): error TS1435: Unknown keyword or identifier. Did you mean 'never'?
src/renderer/components/views/SettingsView.tsx(216,510): error TS1434: Unexpected keyword or identifier.
src/renderer/components/views/SettingsView.tsx(216,516): error TS1128: Declaration or statement expected.
src/renderer/components/views/SettingsView.tsx(216,535): error TS1003: Identifier expected.
src/renderer/components/views/SettingsView.tsx(216,539): error TS1435: Unknown keyword or identifier. Did you mean 'never'?
src/renderer/components/views/SettingsView.tsx(216,547): error TS1005: ';' expected.
src/renderer/components/views/SettingsView.tsx(216,554): error TS1128: Declaration or statement expected.
src/renderer/components/views/SettingsView.tsx(216,566): error TS1128: Declaration or statement expected.
src/renderer/components/views/SettingsView.tsx(216,578): error TS1128: Declaration or statement expected.
src/renderer/components/views/SettingsView.tsx(216,587): error TS1128: Declaration or statement expected.
src/renderer/components/views/SettingsView.tsx(217,37): error TS1003: Identifier expected.
src/renderer/components/views/SettingsView.tsx(217,101): error TS1003: Identifier expected.
src/renderer/components/views/SettingsView.tsx(217,123): error TS1005: ';' expected.
src/renderer/components/views/SettingsView.tsx(217,127): error TS1128: Declaration or statement expected.
src/renderer/components/views/SettingsView.tsx(218,64): error TS1003: Identifier expected.
src/renderer/components/views/SettingsView.tsx(218,98): error TS1003: Identifier expected.
src/renderer/components/views/SettingsView.tsx(218,171): error TS1003: Identifier expected.
src/renderer/components/views/SettingsView.tsx(218,175): error TS1128: Declaration or statement expected.
src/renderer/components/views/SettingsView.tsx(218,183): error TS1434: Unexpected keyword or identifier.
src/renderer/components/views/SettingsView.tsx(218,209): error TS1005: ';' expected.
src/renderer/components/views/SettingsView.tsx(218,249): error TS1003: Identifier expected.
src/renderer/components/views/SettingsView.tsx(218,281): error TS1003: Identifier expected.
src/renderer/components/views/SettingsView.tsx(218,285): error TS1128: Declaration or statement expected.
src/renderer/components/views/SettingsView.tsx(218,294): error TS1128: Declaration or statement expected.
src/renderer/components/views/SettingsView.tsx(218,303): error TS1128: Declaration or statement expected.
src/renderer/components/views/SettingsView.tsx(219,64): error TS1003: Identifier expected.
src/renderer/components/views/SettingsView.tsx(219,98): error TS1003: Identifier expected.
src/renderer/components/views/SettingsView.tsx(219,172): error TS1003: Identifier expected.
src/renderer/components/views/SettingsView.tsx(219,176): error TS1128: Declaration or statement expected.
src/renderer/components/views/SettingsView.tsx(219,184): error TS1434: Unexpected keyword or identifier.
src/renderer/components/views/SettingsView.tsx(219,195): error TS1434: Unexpected keyword or identifier.
src/renderer/components/views/SettingsView.tsx(219,202): error TS1434: Unexpected keyword or identifier.
src/renderer/components/views/SettingsView.tsx(219,211): error TS1128: Declaration or statement expected.
src/renderer/components/views/SettingsView.tsx(219,251): error TS1003: Identifier expected.
src/renderer/components/views/SettingsView.tsx(219,283): error TS1003: Identifier expected.
src/renderer/components/views/SettingsView.tsx(219,287): error TS1128: Declaration or statement expected.
src/renderer/components/views/SettingsView.tsx(219,296): error TS1128: Declaration or statement expected.
src/renderer/components/views/SettingsView.tsx(219,305): error TS1128: Declaration or statement expected.
src/renderer/components/views/SettingsView.tsx(220,64): error TS1003: Identifier expected.
src/renderer/components/views/SettingsView.tsx(220,98): error TS1003: Identifier expected.
src/renderer/components/views/SettingsView.tsx(220,172): error TS1003: Identifier expected.
src/renderer/components/views/SettingsView.tsx(220,176): error TS1128: Declaration or statement expected.
src/renderer/components/views/SettingsView.tsx(220,184): error TS1434: Unexpected keyword or identifier.
src/renderer/components/views/SettingsView.tsx(220,190): error TS1434: Unexpected keyword or identifier.
src/renderer/components/views/SettingsView.tsx(220,196): error TS1128: Declaration or statement expected.
src/renderer/components/views/SettingsView.tsx(220,236): error TS1003: Identifier expected.
src/renderer/components/views/SettingsView.tsx(220,268): error TS1003: Identifier expected.
src/renderer/components/views/SettingsView.tsx(220,272): error TS1128: Declaration or statement expected.
src/renderer/components/views/SettingsView.tsx(220,281): error TS1128: Declaration or statement expected.
src/renderer/components/views/SettingsView.tsx(220,290): error TS1128: Declaration or statement expected.
src/renderer/components/views/SettingsView.tsx(221,64): error TS1003: Identifier expected.
src/renderer/components/views/SettingsView.tsx(221,98): error TS1003: Identifier expected.
src/renderer/components/views/SettingsView.tsx(221,188): error TS1003: Identifier expected.
src/renderer/components/views/SettingsView.tsx(221,192): error TS1128: Declaration or statement expected.
src/renderer/components/views/SettingsView.tsx(221,200): error TS1434: Unexpected keyword or identifier.
src/renderer/components/views/SettingsView.tsx(221,206): error TS1434: Unexpected keyword or identifier.
src/renderer/components/views/SettingsView.tsx(221,213): error TS1128: Declaration or statement expected.
src/renderer/components/views/SettingsView.tsx(221,253): error TS1003: Identifier expected.
src/renderer/components/views/SettingsView.tsx(221,285): error TS1003: Identifier expected.
src/renderer/components/views/SettingsView.tsx(221,289): error TS1128: Declaration or statement expected.
src/renderer/components/views/SettingsView.tsx(221,298): error TS1128: Declaration or statement expected.
src/renderer/components/views/SettingsView.tsx(221,307): error TS1128: Declaration or statement expected.
src/renderer/components/views/SettingsView.tsx(222,64): error TS1003: Identifier expected.
src/renderer/components/views/SettingsView.tsx(222,98): error TS1003: Identifier expected.
src/renderer/components/views/SettingsView.tsx(222,172): error TS1003: Identifier expected.
src/renderer/components/views/SettingsView.tsx(222,176): error TS1128: Declaration or statement expected.
src/renderer/components/views/SettingsView.tsx(222,184): error TS1434: Unexpected keyword or identifier.
src/renderer/components/views/SettingsView.tsx(222,214): error TS1005: ';' expected.
src/renderer/components/views/SettingsView.tsx(222,254): error TS1003: Identifier expected.
src/renderer/components/views/SettingsView.tsx(222,286): error TS1003: Identifier expected.
src/renderer/components/views/SettingsView.tsx(222,290): error TS1128: Declaration or statement expected.
src/renderer/components/views/SettingsView.tsx(222,299): error TS1128: Declaration or statement expected.
src/renderer/components/views/SettingsView.tsx(222,308): error TS1128: Declaration or statement expected.
src/renderer/components/views/SettingsView.tsx(223,64): error TS1003: Identifier expected.
src/renderer/components/views/SettingsView.tsx(223,98): error TS1003: Identifier expected.
src/renderer/components/views/SettingsView.tsx(223,176): error TS1003: Identifier expected.
src/renderer/components/views/SettingsView.tsx(223,180): error TS1128: Declaration or statement expected.
src/renderer/components/views/SettingsView.tsx(223,188): error TS1434: Unexpected keyword or identifier.
src/renderer/components/views/SettingsView.tsx(223,196): error TS1434: Unexpected keyword or identifier.
src/renderer/components/views/SettingsView.tsx(223,203): error TS1434: Unexpected keyword or identifier.
src/renderer/components/views/SettingsView.tsx(223,211): error TS1434: Unexpected keyword or identifier.
src/renderer/components/views/SettingsView.tsx(223,216): error TS1128: Declaration or statement expected.
src/renderer/components/views/SettingsView.tsx(223,256): error TS1003: Identifier expected.
src/renderer/components/views/SettingsView.tsx(223,288): error TS1003: Identifier expected.
src/renderer/components/views/SettingsView.tsx(223,292): error TS1128: Declaration or statement expected.
src/renderer/components/views/SettingsView.tsx(223,301): error TS1128: Declaration or statement expected.
src/renderer/components/views/SettingsView.tsx(223,310): error TS1128: Declaration or statement expected.
src/renderer/components/views/SettingsView.tsx(224,64): error TS1003: Identifier expected.
src/renderer/components/views/SettingsView.tsx(224,98): error TS1003: Identifier expected.
src/renderer/components/views/SettingsView.tsx(224,177): error TS1003: Identifier expected.
src/renderer/components/views/SettingsView.tsx(224,181): error TS1128: Declaration or statement expected.
src/renderer/components/views/SettingsView.tsx(224,189): error TS1434: Unexpected keyword or identifier.
src/renderer/components/views/SettingsView.tsx(224,214): error TS1005: ';' expected.
src/renderer/components/views/SettingsView.tsx(224,247): error TS1003: Identifier expected.
src/renderer/components/views/SettingsView.tsx(224,279): error TS1003: Identifier expected.
src/renderer/components/views/SettingsView.tsx(224,283): error TS1128: Declaration or statement expected.
src/renderer/components/views/SettingsView.tsx(224,292): error TS1128: Declaration or statement expected.
src/renderer/components/views/SettingsView.tsx(224,301): error TS1128: Declaration or statement expected.
src/renderer/components/views/SettingsView.tsx(225,33): error TS1128: Declaration or statement expected.
src/renderer/components/views/SettingsView.tsx(226,29): error TS1128: Declaration or statement expected.
src/renderer/components/views/SettingsView.tsx(227,63): error TS1003: Identifier expected.
src/renderer/components/views/SettingsView.tsx(227,228): error TS1003: Identifier expected.
src/renderer/components/views/SettingsView.tsx(227,259): error TS1003: Identifier expected.
src/renderer/components/views/SettingsView.tsx(227,263): error TS1128: Declaration or statement expected.
src/renderer/components/views/SettingsView.tsx(227,271): error TS1434: Unexpected keyword or identifier.
src/renderer/components/views/SettingsView.tsx(227,277): error TS1434: Unexpected keyword or identifier.
src/renderer/components/views/SettingsView.tsx(227,286): error TS1434: Unexpected keyword or identifier.
src/renderer/components/views/SettingsView.tsx(227,290): error TS1128: Declaration or statement expected.
src/renderer/components/views/SettingsView.tsx(227,302): error TS1128: Declaration or statement expected.
src/renderer/components/views/SettingsView.tsx(228,25): error TS1128: Declaration or statement expected.
src/renderer/components/views/SettingsView.tsx(230,60): error TS1003: Identifier expected.
src/renderer/components/views/SettingsView.tsx(231,59): error TS1003: Identifier expected.
src/renderer/components/views/SettingsView.tsx(231,94): error TS1003: Identifier expected.
src/renderer/components/views/SettingsView.tsx(231,131): error TS1003: Identifier expected.
src/renderer/components/views/SettingsView.tsx(231,135): error TS1128: Declaration or statement expected.
src/renderer/components/views/SettingsView.tsx(231,142): error TS1128: Declaration or statement expected.
src/renderer/components/views/SettingsView.tsx(231,153): error TS1435: Unknown keyword or identifier. Did you mean 'out'?
src/renderer/components/views/SettingsView.tsx(231,158): error TS1128: Declaration or statement expected.
src/renderer/components/views/SettingsView.tsx(232,113): error TS1003: Identifier expected.
src/renderer/components/views/SettingsView.tsx(233,37): error TS1003: Identifier expected.
src/renderer/components/views/SettingsView.tsx(234,109): error TS1003: Identifier expected.
src/renderer/components/views/SettingsView.tsx(234,113): error TS1434: Unexpected keyword or identifier.
src/renderer/components/views/SettingsView.tsx(234,120): error TS1128: Declaration or statement expected.
src/renderer/components/views/SettingsView.tsx(235,107): error TS1003: Identifier expected.
src/renderer/components/views/SettingsView.tsx(235,114): error TS1005: ';' expected.
src/renderer/components/views/SettingsView.tsx(235,116): error TS1005: ';' expected.
src/renderer/components/views/SettingsView.tsx(236,33): error TS1128: Declaration or statement expected.
src/renderer/components/views/SettingsView.tsx(237,37): error TS1003: Identifier expected.
src/renderer/components/views/SettingsView.tsx(238,109): error TS1003: Identifier expected.
src/renderer/components/views/SettingsView.tsx(238,113): error TS1434: Unexpected keyword or identifier.
src/renderer/components/views/SettingsView.tsx(238,121): error TS1128: Declaration or statement expected.
src/renderer/components/views/SettingsView.tsx(239,107): error TS1003: Identifier expected.
src/renderer/components/views/SettingsView.tsx(239,111): error TS1434: Unexpected keyword or identifier.
src/renderer/components/views/SettingsView.tsx(239,118): error TS1128: Declaration or statement expected.
src/renderer/components/views/SettingsView.tsx(240,33): error TS1128: Declaration or statement expected.
src/renderer/components/views/SettingsView.tsx(241,37): error TS1003: Identifier expected.
src/renderer/components/views/SettingsView.tsx(242,109): error TS1003: Identifier expected.
src/renderer/components/views/SettingsView.tsx(242,113): error TS1434: Unexpected keyword or identifier.
src/renderer/components/views/SettingsView.tsx(242,118): error TS1434: Unexpected keyword or identifier.
src/renderer/components/views/SettingsView.tsx(242,125): error TS1128: Declaration or statement expected.
src/renderer/components/views/SettingsView.tsx(243,107): error TS1003: Identifier expected.
src/renderer/components/views/SettingsView.tsx(243,119): error TS1005: ';' expected.
src/renderer/components/views/SettingsView.tsx(243,123): error TS1005: ';' expected.
src/renderer/components/views/SettingsView.tsx(243,125): error TS1128: Declaration or statement expected.
src/renderer/components/views/SettingsView.tsx(244,33): error TS1128: Declaration or statement expected.
src/renderer/components/views/SettingsView.tsx(245,29): error TS1128: Declaration or statement expected.
src/renderer/components/views/SettingsView.tsx(246,93): error TS1003: Identifier expected.
src/renderer/components/views/SettingsView.tsx(247,153): error TS1003: Identifier expected.
src/renderer/components/views/SettingsView.tsx(248,63): error TS1003: Identifier expected.
src/renderer/components/views/SettingsView.tsx(248,67): error TS1128: Declaration or statement expected.
src/renderer/components/views/SettingsView.tsx(248,75): error TS1434: Unexpected keyword or identifier.
src/renderer/components/views/SettingsView.tsx(249,33): error TS1128: Declaration or statement expected.
src/renderer/components/views/SettingsView.tsx(250,174): error TS1003: Identifier expected.
src/renderer/components/views/SettingsView.tsx(251,67): error TS1003: Identifier expected.
src/renderer/components/views/SettingsView.tsx(251,71): error TS1128: Declaration or statement expected.
src/renderer/components/views/SettingsView.tsx(251,79): error TS1434: Unexpected keyword or identifier.
src/renderer/components/views/SettingsView.tsx(251,89): error TS1005: '(' expected.
src/renderer/components/views/SettingsView.tsx(252,33): error TS1005: ';' expected.
src/renderer/components/views/SettingsView.tsx(253,29): error TS1128: Declaration or statement expected.
src/renderer/components/views/SettingsView.tsx(254,25): error TS1128: Declaration or statement expected.
src/renderer/components/views/SettingsView.tsx(255,21): error TS1128: Declaration or statement expected.
src/renderer/components/views/SettingsView.tsx(256,17): error TS1128: Declaration or statement expected.
src/renderer/components/views/SettingsView.tsx(257,13): error TS1128: Declaration or statement expected.
src/renderer/components/views/SettingsView.tsx(258,9): error TS1128: Declaration or statement expected.
src/renderer/components/views/SettingsView.tsx(262,62): error TS1003: Identifier expected.
src/renderer/components/views/SettingsView.tsx(263,39): error TS1003: Identifier expected.
src/renderer/components/views/SettingsView.tsx(264,43): error TS1003: Identifier expected.
src/renderer/components/views/SettingsView.tsx(264,47): error TS1434: Unexpected keyword or identifier.
src/renderer/components/views/SettingsView.tsx(264,51): error TS1434: Unexpected keyword or identifier.
src/renderer/components/views/SettingsView.tsx(264,56): error TS1128: Declaration or statement expected.
src/renderer/components/views/SettingsView.tsx(265,44): error TS1003: Identifier expected.
src/renderer/components/views/SettingsView.tsx(266,50): error TS1003: Identifier expected.
src/renderer/components/views/SettingsView.tsx(266,54): error TS1434: Unexpected keyword or identifier.
src/renderer/components/views/SettingsView.tsx(266,60): error TS1434: Unexpected keyword or identifier.
src/renderer/components/views/SettingsView.tsx(266,64): error TS1128: Declaration or statement expected.
src/renderer/components/views/SettingsView.tsx(267,95): error TS1005: '>' expected.
src/renderer/components/views/SettingsView.tsx(268,17): error TS1128: Declaration or statement expected.
src/renderer/components/views/SettingsView.tsx(269,44): error TS1003: Identifier expected.
src/renderer/components/views/SettingsView.tsx(270,50): error TS1003: Identifier expected.
src/renderer/components/views/SettingsView.tsx(270,54): error TS1434: Unexpected keyword or identifier.
src/renderer/components/views/SettingsView.tsx(270,60): error TS1434: Unexpected keyword or identifier.
src/renderer/components/views/SettingsView.tsx(270,63): error TS1128: Declaration or statement expected.
src/renderer/components/views/SettingsView.tsx(271,103): error TS1005: '>' expected.
src/renderer/components/views/SettingsView.tsx(272,49): error TS1003: Identifier expected.
src/renderer/components/views/SettingsView.tsx(272,53): error TS1434: Unexpected keyword or identifier.
src/renderer/components/views/SettingsView.tsx(273,17): error TS1109: Expression expected.
src/renderer/components/views/SettingsView.tsx(274,44): error TS1003: Identifier expected.
src/renderer/components/views/SettingsView.tsx(275,50): error TS1003: Identifier expected.
src/renderer/components/views/SettingsView.tsx(275,54): error TS1434: Unexpected keyword or identifier.
src/renderer/components/views/SettingsView.tsx(275,60): error TS1434: Unexpected keyword or identifier.
src/renderer/components/views/SettingsView.tsx(275,68): error TS1128: Declaration or statement expected.
src/renderer/components/views/SettingsView.tsx(276,84): error TS1005: '>' expected.
src/renderer/components/views/SettingsView.tsx(277,17): error TS1128: Declaration or statement expected.
src/renderer/components/views/SettingsView.tsx(278,44): error TS1003: Identifier expected.
src/renderer/components/views/SettingsView.tsx(279,50): error TS1003: Identifier expected.
src/renderer/components/views/SettingsView.tsx(279,54): error TS1434: Unexpected keyword or identifier.
src/renderer/components/views/SettingsView.tsx(279,60): error TS1434: Unexpected keyword or identifier.
src/renderer/components/views/SettingsView.tsx(279,68): error TS1128: Declaration or statement expected.
src/renderer/components/views/SettingsView.tsx(280,91): error TS1005: '>' expected.
src/renderer/components/views/SettingsView.tsx(281,17): error TS1128: Declaration or statement expected.
src/renderer/components/views/SettingsView.tsx(282,46): error TS1003: Identifier expected.
src/renderer/components/views/SettingsView.tsx(283,54): error TS1003: Identifier expected.
src/renderer/components/views/SettingsView.tsx(283,84): error TS1003: Identifier expected.
src/renderer/components/views/SettingsView.tsx(283,88): error TS1128: Declaration or statement expected.
src/renderer/components/views/SettingsView.tsx(283,96): error TS1434: Unexpected keyword or identifier.
src/renderer/components/views/SettingsView.tsx(283,101): error TS1434: Unexpected keyword or identifier.
src/renderer/components/views/SettingsView.tsx(283,111): error TS1128: Declaration or statement expected.
src/renderer/components/views/SettingsView.tsx(284,54): error TS1003: Identifier expected.
src/renderer/components/views/SettingsView.tsx(284,84): error TS1003: Identifier expected.
src/renderer/components/views/SettingsView.tsx(284,88): error TS1128: Declaration or statement expected.
src/renderer/components/views/SettingsView.tsx(284,96): error TS1434: Unexpected keyword or identifier.
src/renderer/components/views/SettingsView.tsx(284,101): error TS1434: Unexpected keyword or identifier.
src/renderer/components/views/SettingsView.tsx(284,106): error TS1128: Declaration or statement expected.
src/renderer/components/views/SettingsView.tsx(285,75): error TS1003: Identifier expected.
src/renderer/components/views/SettingsView.tsx(285,79): error TS1434: Unexpected keyword or identifier.
src/renderer/components/views/SettingsView.tsx(285,85): error TS1128: Declaration or statement expected.
src/renderer/components/views/SettingsView.tsx(286,17): error TS1128: Declaration or statement expected.
src/renderer/components/views/SettingsView.tsx(287,13): error TS1128: Declaration or statement expected.
src/renderer/components/views/SettingsView.tsx(288,9): error TS1128: Declaration or statement expected.
src/renderer/components/views/SettingsView.tsx(292,65): error TS1003: Identifier expected.
src/renderer/components/views/SettingsView.tsx(293,69): error TS1003: Identifier expected.
src/renderer/components/views/SettingsView.tsx(294,126): error TS1003: Identifier expected.
src/renderer/components/views/SettingsView.tsx(294,134): error TS1003: Identifier expected.
src/renderer/components/views/SettingsView.tsx(294,196): error TS1003: Identifier expected.
src/renderer/components/views/SettingsView.tsx(294,200): error TS1434: Unexpected keyword or identifier.
src/renderer/components/views/SettingsView.tsx(294,205): error TS1434: Unexpected keyword or identifier.
src/renderer/components/views/SettingsView.tsx(294,211): error TS1434: Unexpected keyword or identifier.
src/renderer/components/views/SettingsView.tsx(294,222): error TS1434: Unexpected keyword or identifier.
src/renderer/components/views/SettingsView.tsx(294,230): error TS1128: Declaration or statement expected.
src/renderer/components/views/SettingsView.tsx(294,312): error TS1003: Identifier expected.
src/renderer/components/views/SettingsView.tsx(294,316): error TS1434: Unexpected keyword or identifier.
src/renderer/components/views/SettingsView.tsx(294,325): error TS1434: Unexpected keyword or identifier.
src/renderer/components/views/SettingsView.tsx(294,328): error TS1434: Unexpected keyword or identifier.
src/renderer/components/views/SettingsView.tsx(294,332): error TS1434: Unexpected keyword or identifier.
src/renderer/components/views/SettingsView.tsx(294,345): error TS1110: Type expected.
src/renderer/components/views/SettingsView.tsx(294,354): error TS1003: Identifier expected.
src/renderer/components/views/SettingsView.tsx(294,366): error TS1005: ';' expected.
src/renderer/components/views/SettingsView.tsx(294,378): error TS1146: Declaration expected.
src/renderer/components/views/SettingsView.tsx(294,390): error TS1128: Declaration or statement expected.
src/renderer/components/views/SettingsView.tsx(294,399): error TS1128: Declaration or statement expected.
src/renderer/components/views/SettingsView.tsx(294,512): error TS1003: Identifier expected.
src/renderer/components/views/SettingsView.tsx(294,543): error TS1003: Identifier expected.
src/renderer/components/views/SettingsView.tsx(294,547): error TS1128: Declaration or statement expected.
src/renderer/components/views/SettingsView.tsx(294,554): error TS1128: Declaration or statement expected.
src/renderer/components/views/SettingsView.tsx(294,566): error TS1128: Declaration or statement expected.
src/renderer/components/views/SettingsView.tsx(295,180): error TS1003: Identifier expected.
src/renderer/components/views/SettingsView.tsx(295,246): error TS1003: Identifier expected.
src/renderer/components/views/SettingsView.tsx(295,250): error TS1128: Declaration or statement expected.
src/renderer/components/views/SettingsView.tsx(295,258): error TS1434: Unexpected keyword or identifier.
src/renderer/components/views/SettingsView.tsx(295,264): error TS1434: Unexpected keyword or identifier.
src/renderer/components/views/SettingsView.tsx(295,273): error TS1434: Unexpected keyword or identifier.
src/renderer/components/views/SettingsView.tsx(295,276): error TS1434: Unexpected keyword or identifier.
src/renderer/components/views/SettingsView.tsx(295,280): error TS1434: Unexpected keyword or identifier.
src/renderer/components/views/SettingsView.tsx(295,299): error TS1005: ';' expected.
src/renderer/components/views/SettingsView.tsx(295,305): error TS1434: Unexpected keyword or identifier.
src/renderer/components/views/SettingsView.tsx(295,320): error TS1005: '=' expected.
src/renderer/components/views/SettingsView.tsx(295,328): error TS1003: Identifier expected.
src/renderer/components/views/SettingsView.tsx(296,125): error TS1003: Identifier expected.
src/renderer/components/views/SettingsView.tsx(297,244): error TS1003: Identifier expected.
src/renderer/components/views/SettingsView.tsx(297,252): error TS1003: Identifier expected.
src/renderer/components/views/SettingsView.tsx(297,256): error TS1128: Declaration or statement expected.
src/renderer/components/views/SettingsView.tsx(297,269): error TS1003: Identifier expected.
src/renderer/components/views/SettingsView.tsx(297,273): error TS1434: Unexpected keyword or identifier.
src/renderer/components/views/SettingsView.tsx(297,280): error TS1128: Declaration or statement expected.
src/renderer/components/views/SettingsView.tsx(297,325): error TS1003: Identifier expected.
src/renderer/components/views/SettingsView.tsx(297,329): error TS1434: Unexpected keyword or identifier.
src/renderer/components/views/SettingsView.tsx(297,335): error TS1128: Declaration or statement expected.
src/renderer/components/views/SettingsView.tsx(297,344): error TS1128: Declaration or statement expected.
src/renderer/components/views/SettingsView.tsx(298,49): error TS1003: Identifier expected.
src/renderer/components/views/SettingsView.tsx(298,85): error TS1005: '>' expected.
src/renderer/components/views/SettingsView.tsx(298,100): error TS1005: '>' expected.
src/renderer/components/views/SettingsView.tsx(298,134): error TS1003: Identifier expected.
src/renderer/components/views/SettingsView.tsx(298,138): error TS1434: Unexpected keyword or identifier.
src/renderer/components/views/SettingsView.tsx(298,153): error TS1146: Declaration expected.
src/renderer/components/views/SettingsView.tsx(298,191): error TS1003: Identifier expected.
src/renderer/components/views/SettingsView.tsx(298,216): error TS1434: Unexpected keyword or identifier.
src/renderer/components/views/SettingsView.tsx(298,220): error TS1434: Unexpected keyword or identifier.
src/renderer/components/views/SettingsView.tsx(298,226): error TS1434: Unexpected keyword or identifier.
src/renderer/components/views/SettingsView.tsx(298,233): error TS1128: Declaration or statement expected.
src/renderer/components/views/SettingsView.tsx(298,242): error TS1128: Declaration or statement expected.
src/renderer/components/views/SettingsView.tsx(298,287): error TS1003: Identifier expected.
src/renderer/components/views/SettingsView.tsx(298,291): error TS1434: Unexpected keyword or identifier.
src/renderer/components/views/SettingsView.tsx(298,297): error TS1128: Declaration or statement expected.
src/renderer/components/views/SettingsView.tsx(298,307): error TS1128: Declaration or statement expected.
src/renderer/components/views/SettingsView.tsx(299,49): error TS1003: Identifier expected.
src/renderer/components/views/SettingsView.tsx(299,85): error TS1005: '>' expected.
src/renderer/components/views/SettingsView.tsx(299,100): error TS1005: '>' expected.
src/renderer/components/views/SettingsView.tsx(299,134): error TS1003: Identifier expected.
src/renderer/components/views/SettingsView.tsx(299,138): error TS1434: Unexpected keyword or identifier.
src/renderer/components/views/SettingsView.tsx(299,153): error TS1146: Declaration expected.
src/renderer/components/views/SettingsView.tsx(299,191): error TS1003: Identifier expected.
src/renderer/components/views/SettingsView.tsx(299,216): error TS1434: Unexpected keyword or identifier.
src/renderer/components/views/SettingsView.tsx(299,220): error TS1434: Unexpected keyword or identifier.
src/renderer/components/views/SettingsView.tsx(299,226): error TS1434: Unexpected keyword or identifier.
src/renderer/components/views/SettingsView.tsx(299,233): error TS1128: Declaration or statement expected.
src/renderer/components/views/SettingsView.tsx(299,242): error TS1128: Declaration or statement expected.
src/renderer/components/views/SettingsView.tsx(299,287): error TS1003: Identifier expected.
src/renderer/components/views/SettingsView.tsx(299,291): error TS1434: Unexpected keyword or identifier.
src/renderer/components/views/SettingsView.tsx(299,297): error TS1128: Declaration or statement expected.
src/renderer/components/views/SettingsView.tsx(299,307): error TS1128: Declaration or statement expected.
src/renderer/components/views/SettingsView.tsx(300,49): error TS1003: Identifier expected.
src/renderer/components/views/SettingsView.tsx(300,77): error TS1005: '>' expected.
src/renderer/components/views/SettingsView.tsx(300,92): error TS1005: '>' expected.
src/renderer/components/views/SettingsView.tsx(300,126): error TS1003: Identifier expected.
src/renderer/components/views/SettingsView.tsx(300,130): error TS1434: Unexpected keyword or identifier.
src/renderer/components/views/SettingsView.tsx(300,144): error TS1146: Declaration expected.
src/renderer/components/views/SettingsView.tsx(300,182): error TS1003: Identifier expected.
src/renderer/components/views/SettingsView.tsx(300,207): error TS1434: Unexpected keyword or identifier.
src/renderer/components/views/SettingsView.tsx(300,211): error TS1434: Unexpected keyword or identifier.
src/renderer/components/views/SettingsView.tsx(300,217): error TS1434: Unexpected keyword or identifier.
src/renderer/components/views/SettingsView.tsx(300,224): error TS1128: Declaration or statement expected.
src/renderer/components/views/SettingsView.tsx(300,233): error TS1128: Declaration or statement expected.
src/renderer/components/views/SettingsView.tsx(300,278): error TS1003: Identifier expected.
src/renderer/components/views/SettingsView.tsx(300,282): error TS1434: Unexpected keyword or identifier.
src/renderer/components/views/SettingsView.tsx(300,288): error TS1128: Declaration or statement expected.
src/renderer/components/views/SettingsView.tsx(300,298): error TS1128: Declaration or statement expected.
src/renderer/components/views/SettingsView.tsx(301,49): error TS1003: Identifier expected.
src/renderer/components/views/SettingsView.tsx(301,77): error TS1005: '>' expected.
src/renderer/components/views/SettingsView.tsx(301,92): error TS1005: '>' expected.
src/renderer/components/views/SettingsView.tsx(301,126): error TS1003: Identifier expected.
src/renderer/components/views/SettingsView.tsx(301,130): error TS1434: Unexpected keyword or identifier.
src/renderer/components/views/SettingsView.tsx(301,149): error TS1146: Declaration expected.
src/renderer/components/views/SettingsView.tsx(301,187): error TS1003: Identifier expected.
src/renderer/components/views/SettingsView.tsx(301,212): error TS1434: Unexpected keyword or identifier.
src/renderer/components/views/SettingsView.tsx(301,216): error TS1434: Unexpected keyword or identifier.
src/renderer/components/views/SettingsView.tsx(301,222): error TS1434: Unexpected keyword or identifier.
src/renderer/components/views/SettingsView.tsx(301,229): error TS1128: Declaration or statement expected.
src/renderer/components/views/SettingsView.tsx(301,238): error TS1128: Declaration or statement expected.
src/renderer/components/views/SettingsView.tsx(301,284): error TS1003: Identifier expected.
src/renderer/components/views/SettingsView.tsx(301,288): error TS1434: Unexpected keyword or identifier.
src/renderer/components/views/SettingsView.tsx(301,296): error TS1128: Declaration or statement expected.
src/renderer/components/views/SettingsView.tsx(301,306): error TS1128: Declaration or statement expected.
src/renderer/components/views/SettingsView.tsx(302,17): error TS1128: Declaration or statement expected.
src/renderer/components/views/SettingsView.tsx(303,90): error TS1003: Identifier expected.
src/renderer/components/views/SettingsView.tsx(303,119): error TS1003: Identifier expected.
src/renderer/components/views/SettingsView.tsx(303,123): error TS1128: Declaration or statement expected.
src/renderer/components/views/SettingsView.tsx(303,131): error TS1435: Unknown keyword or identifier. Did you mean 'import'?
src/renderer/components/views/SettingsView.tsx(303,140): error TS1434: Unexpected keyword or identifier.
src/renderer/components/views/SettingsView.tsx(303,149): error TS1434: Unexpected keyword or identifier.
src/renderer/components/views/SettingsView.tsx(303,163): error TS1005: ';' expected.
src/renderer/components/views/SettingsView.tsx(303,191): error TS1005: ';' expected.
src/renderer/components/views/SettingsView.tsx(303,198): error TS1136: Property assignment expected.
src/renderer/components/views/SettingsView.tsx(303,225): error TS1005: ';' expected.
src/renderer/components/views/SettingsView.tsx(303,238): error TS1128: Declaration or statement expected.
src/renderer/components/views/SettingsView.tsx(303,239): error TS1109: Expression expected.
src/renderer/components/views/SettingsView.tsx(303,279): error TS1003: Identifier expected.
src/renderer/components/views/SettingsView.tsx(303,283): error TS1128: Declaration or statement expected.
src/renderer/components/views/SettingsView.tsx(303,303): error TS1005: ';' expected.
src/renderer/components/views/SettingsView.tsx(303,318): error TS1003: Identifier expected.
src/renderer/components/views/SettingsView.tsx(304,46): error TS1003: Identifier expected.
src/renderer/components/views/SettingsView.tsx(304,195): error TS1003: Identifier expected.
src/renderer/components/views/SettingsView.tsx(304,230): error TS1003: Identifier expected.
src/renderer/components/views/SettingsView.tsx(304,234): error TS1128: Declaration or statement expected.
src/renderer/components/views/SettingsView.tsx(304,242): error TS1435: Unknown keyword or identifier. Did you mean 'import'?
src/renderer/components/views/SettingsView.tsx(304,249): error TS1434: Unexpected keyword or identifier.
src/renderer/components/views/SettingsView.tsx(304,257): error TS1128: Declaration or statement expected.
src/renderer/components/views/SettingsView.tsx(304,380): error TS1003: Identifier expected.
src/renderer/components/views/SettingsView.tsx(304,384): error TS1434: Unexpected keyword or identifier.
src/renderer/components/views/SettingsView.tsx(304,390): error TS1128: Declaration or statement expected.
src/renderer/components/views/SettingsView.tsx(304,402): error TS1128: Declaration or statement expected.
src/renderer/components/views/SettingsView.tsx(305,13): error TS1128: Declaration or statement expected.
src/renderer/components/views/SettingsView.tsx(306,9): error TS1128: Declaration or statement expected.
src/renderer/components/views/SettingsView.tsx(309,68): error TS1003: Identifier expected.
src/renderer/components/views/SettingsView.tsx(310,69): error TS1003: Identifier expected.
src/renderer/components/views/SettingsView.tsx(311,126): error TS1003: Identifier expected.
src/renderer/components/views/SettingsView.tsx(312,77): error TS1003: Identifier expected.
src/renderer/components/views/SettingsView.tsx(312,81): error TS1434: Unexpected keyword or identifier.
src/renderer/components/views/SettingsView.tsx(312,85): error TS1434: Unexpected keyword or identifier.
src/renderer/components/views/SettingsView.tsx(312,92): error TS1128: Declaration or statement expected.
src/renderer/components/views/SettingsView.tsx(313,128): error TS1003: Identifier expected.
src/renderer/components/views/SettingsView.tsx(313,159): error TS1003: Identifier expected.
src/renderer/components/views/SettingsView.tsx(313,163): error TS1128: Declaration or statement expected.
src/renderer/components/views/SettingsView.tsx(313,170): error TS1128: Declaration or statement expected.
src/renderer/components/views/SettingsView.tsx(314,17): error TS1128: Declaration or statement expected.
src/renderer/components/views/SettingsView.tsx(317,47): error TS1003: Identifier expected.
src/renderer/components/views/SettingsView.tsx(318,102): error TS1003: Identifier expected.
src/renderer/components/views/SettingsView.tsx(318,134): error TS1003: Identifier expected.
src/renderer/components/views/SettingsView.tsx(318,138): error TS1128: Declaration or statement expected.
src/renderer/components/views/SettingsView.tsx(318,146): error TS1434: Unexpected keyword or identifier.
src/renderer/components/views/SettingsView.tsx(318,152): error TS1435: Unknown keyword or identifier. Did you mean 'async'?
src/renderer/components/views/SettingsView.tsx(318,156): error TS1128: Declaration or statement expected.
src/renderer/components/views/SettingsView.tsx(319,96): error TS1003: Identifier expected.
src/renderer/components/views/SettingsView.tsx(319,133): error TS1003: Identifier expected.
src/renderer/components/views/SettingsView.tsx(319,137): error TS1128: Declaration or statement expected.
src/renderer/components/views/SettingsView.tsx(319,145): error TS1434: Unexpected keyword or identifier.
src/renderer/components/views/SettingsView.tsx(319,152): error TS1435: Unknown keyword or identifier. Did you mean 'import'?
src/renderer/components/views/SettingsView.tsx(319,158): error TS1128: Declaration or statement expected.
src/renderer/components/views/SettingsView.tsx(320,95): error TS1003: Identifier expected.
src/renderer/components/views/SettingsView.tsx(320,124): error TS1003: Identifier expected.
src/renderer/components/views/SettingsView.tsx(320,128): error TS1128: Declaration or statement expected.
src/renderer/components/views/SettingsView.tsx(320,136): error TS1434: Unexpected keyword or identifier.
src/renderer/components/views/SettingsView.tsx(320,147): error TS1128: Declaration or statement expected.
src/renderer/components/views/SettingsView.tsx(321,17): error TS1128: Declaration or statement expected.
src/renderer/components/views/SettingsView.tsx(325,3): error TS1128: Declaration or statement expected.
src/renderer/components/views/SettingsView.tsx(326,1): error TS1128: Declaration or statement expected.
